C:/Users/amspa/OneDrive/Documentos/GitHub/curso-lse/workspace_lpc845/sdks/02_systick_blinky_sdk/CMSIS/Core/Include/core_cm0plus.h:866:22:__NVIC_SetPriority	24	static
C:/Users/amspa/OneDrive/Documentos/GitHub/curso-lse/workspace_lpc845/sdks/02_systick_blinky_sdk/CMSIS/Core/Include/core_cm0plus.h:1074:26:SysTick_Config	16	static
C:/Users/amspa/OneDrive/Documentos/GitHub/curso-lse/workspace_lpc845/sdks/02_systick_blinky_sdk/devices/LPC845/drivers/fsl_gpio.h:153:20:GPIO_PinWrite	24	static
C:/Users/amspa/OneDrive/Documentos/GitHub/curso-lse/workspace_lpc845/sdks/02_systick_blinky_sdk/devices/LPC845/drivers/fsl_gpio.h:172:24:GPIO_PinRead	24	static
C:/Users/amspa/OneDrive/Documentos/GitHub/curso-lse/workspace_lpc845/02_systick_blinky/main.c:8:5:main	16	static
C:/Users/amspa/OneDrive/Documentos/GitHub/curso-lse/workspace_lpc845/02_systick_blinky/main.c:33:6:SysTick_Handler	8	static
