/Users/faculedesma/Documents/GitHub/curso-lse/trabajo_integrador/sdks/tp_final_sdk/devices/LPC845/drivers/./fsl_gpio.h:153:20:GPIO_PinWrite	24	static
/Users/faculedesma/Documents/GitHub/curso-lse/trabajo_integrador/sdks/tp_final_sdk/devices/LPC845/drivers/./fsl_gpio.h:172:24:GPIO_PinRead	24	static
/Users/faculedesma/Documents/GitHub/curso-lse/trabajo_integrador/sdks/tp_final_sdk/devices/LPC845/drivers/./fsl_gpio.h:210:20:GPIO_PortToggle	24	static
/Users/faculedesma/Documents/GitHub/curso-lse/trabajo_integrador/sdks/tp_final_sdk/devices/LPC845/drivers/./fsl_adc.h:497:20:ADC_DoSoftwareTriggerConvSeqA	16	static
/Users/faculedesma/Documents/GitHub/curso-lse/trabajo_integrador/tp_final/wrappers.h:43:20:wrapper_gpio_init	16	static
/Users/faculedesma/Documents/GitHub/curso-lse/trabajo_integrador/tp_final/wrappers.h:50:20:wrapper_btn_get	24	static
/Users/faculedesma/Documents/GitHub/curso-lse/trabajo_integrador/tp_final/wrappers.h:57:20:wrapper_output_init	40	static
/Users/faculedesma/Documents/GitHub/curso-lse/trabajo_integrador/tp_final/wrappers.h:64:24:wrapper_gpio_get_port	24	static
/Users/faculedesma/Documents/GitHub/curso-lse/trabajo_integrador/tp_final/wrappers.h:71:24:wrapper_gpio_get_pin	24	static
/Users/faculedesma/Documents/GitHub/curso-lse/trabajo_integrador/tp_final/wrappers.h:78:20:wrapper_output_toggle	32	static
/Users/faculedesma/Documents/GitHub/curso-lse/trabajo_integrador/tp_final/wrappers.h:85:20:wrapper_display_off	8	static
/Users/faculedesma/Documents/GitHub/curso-lse/trabajo_integrador/tp_final/wrappers.h:93:20:wrapper_display_on	24	static
/Users/faculedesma/Documents/GitHub/curso-lse/trabajo_integrador/tp_final/wrappers.h:118:20:wrapper_display_segment_on	24	static
/Users/faculedesma/Documents/GitHub/curso-lse/trabajo_integrador/tp_final/wrappers.h:125:20:wrapper_display_segment_off	24	static
/Users/faculedesma/Documents/GitHub/curso-lse/trabajo_integrador/tp_final/app_tasks.h:56:20:wrapper_btn_get_with_debouncing_with_pull_up	24	static
/Users/faculedesma/Documents/GitHub/curso-lse/trabajo_integrador/tp_final/app_tasks.c:19:6:task_init	80	static
/Users/faculedesma/Documents/GitHub/curso-lse/trabajo_integrador/tp_final/app_tasks.c:58:6:task_adc	16	static
/Users/faculedesma/Documents/GitHub/curso-lse/trabajo_integrador/tp_final/app_tasks.c:66:6:task_display_change	32	static
/Users/faculedesma/Documents/GitHub/curso-lse/trabajo_integrador/tp_final/app_tasks.c:76:6:task_control	40	static
/Users/faculedesma/Documents/GitHub/curso-lse/trabajo_integrador/tp_final/app_tasks.c:104:6:task_display	88	static
/Users/faculedesma/Documents/GitHub/curso-lse/trabajo_integrador/tp_final/app_tasks.c:136:6:task_Led_Azul_rv22	32	static
/Users/faculedesma/Documents/GitHub/curso-lse/trabajo_integrador/tp_final/app_tasks.c:153:6:task_bh1750	32	static
/Users/faculedesma/Documents/GitHub/curso-lse/trabajo_integrador/tp_final/app_tasks.c:180:6:task_setpoint	80	static
/Users/faculedesma/Documents/GitHub/curso-lse/trabajo_integrador/tp_final/app_tasks.c:198:6:task_tricolor	40	static
/Users/faculedesma/Documents/GitHub/curso-lse/trabajo_integrador/tp_final/app_tasks.c:226:6:task_monitoreo	16	static
/Users/faculedesma/Documents/GitHub/curso-lse/trabajo_integrador/tp_final/app_tasks.c:242:6:task_cny70	48	static
