Archive member included to satisfy reference by file (symbol)

C:/Users/amspa/.mcuxpressotools/arm-gnu-toolchain-13.2.Rel1-mingw-w64-i686-arm-none-eabi/bin/../lib/gcc/arm-none-eabi/13.2.1/thumb/v6-m/nofp\libgcc.a(_udivsi3.o)
                              CMakeFiles/new_project.elf.dir/48a823a1fcc432dc04b68ae57a773b23/workspace_lpc845/sdks/03_light_control_sdk/devices/LPC845/system_LPC845.c.obj (__aeabi_uidiv)
C:/Users/amspa/.mcuxpressotools/arm-gnu-toolchain-13.2.Rel1-mingw-w64-i686-arm-none-eabi/bin/../lib/gcc/arm-none-eabi/13.2.1/thumb/v6-m/nofp\libgcc.a(_dvmd_tls.o)
                              C:/Users/amspa/.mcuxpressotools/arm-gnu-toolchain-13.2.Rel1-mingw-w64-i686-arm-none-eabi/bin/../lib/gcc/arm-none-eabi/13.2.1/thumb/v6-m/nofp\libgcc.a(_udivsi3.o) (__aeabi_idiv0)
C:/Users/amspa/.mcuxpressotools/arm-gnu-toolchain-13.2.Rel1-mingw-w64-i686-arm-none-eabi/bin/../lib/gcc/arm-none-eabi/13.2.1/thumb/v6-m/nofp\libgcc.a(_aeabi_uldivmod.o)
                              CMakeFiles/new_project.elf.dir/48a823a1fcc432dc04b68ae57a773b23/workspace_lpc845/sdks/03_light_control_sdk/devices/LPC845/drivers/fsl_clock.c.obj (__aeabi_uldivmod)
C:/Users/amspa/.mcuxpressotools/arm-gnu-toolchain-13.2.Rel1-mingw-w64-i686-arm-none-eabi/bin/../lib/gcc/arm-none-eabi/13.2.1/thumb/v6-m/nofp\libgcc.a(_muldi3.o)
                              CMakeFiles/new_project.elf.dir/aab16d7c68e2680f2826f65fede69547/sdks/03_light_control_sdk/devices/LPC845/drivers/fsl_common_arm.c.obj (__aeabi_lmul)
C:/Users/amspa/.mcuxpressotools/arm-gnu-toolchain-13.2.Rel1-mingw-w64-i686-arm-none-eabi/bin/../lib/gcc/arm-none-eabi/13.2.1/thumb/v6-m/nofp\libgcc.a(_fixunssfsi.o)
                              CMakeFiles/new_project.elf.dir/C_/Users/amspa/OneDrive/Documentos/GitHub/curso-lse/workspace_lpc845/03_light_control/main.c.obj (__aeabi_f2uiz)
C:/Users/amspa/.mcuxpressotools/arm-gnu-toolchain-13.2.Rel1-mingw-w64-i686-arm-none-eabi/bin/../lib/gcc/arm-none-eabi/13.2.1/thumb/v6-m/nofp\libgcc.a(_udivmoddi4.o)
                              C:/Users/amspa/.mcuxpressotools/arm-gnu-toolchain-13.2.Rel1-mingw-w64-i686-arm-none-eabi/bin/../lib/gcc/arm-none-eabi/13.2.1/thumb/v6-m/nofp\libgcc.a(_aeabi_uldivmod.o) (__udivmoddi4)
C:/Users/amspa/.mcuxpressotools/arm-gnu-toolchain-13.2.Rel1-mingw-w64-i686-arm-none-eabi/bin/../lib/gcc/arm-none-eabi/13.2.1/thumb/v6-m/nofp\libgcc.a(subsf3.o)
                              C:/Users/amspa/.mcuxpressotools/arm-gnu-toolchain-13.2.Rel1-mingw-w64-i686-arm-none-eabi/bin/../lib/gcc/arm-none-eabi/13.2.1/thumb/v6-m/nofp\libgcc.a(_fixunssfsi.o) (__aeabi_fsub)
C:/Users/amspa/.mcuxpressotools/arm-gnu-toolchain-13.2.Rel1-mingw-w64-i686-arm-none-eabi/bin/../lib/gcc/arm-none-eabi/13.2.1/thumb/v6-m/nofp\libgcc.a(fixsfsi.o)
                              C:/Users/amspa/.mcuxpressotools/arm-gnu-toolchain-13.2.Rel1-mingw-w64-i686-arm-none-eabi/bin/../lib/gcc/arm-none-eabi/13.2.1/thumb/v6-m/nofp\libgcc.a(_fixunssfsi.o) (__aeabi_f2iz)
C:/Users/amspa/.mcuxpressotools/arm-gnu-toolchain-13.2.Rel1-mingw-w64-i686-arm-none-eabi/bin/../lib/gcc/arm-none-eabi/13.2.1/thumb/v6-m/nofp\libgcc.a(divdf3.o)
                              CMakeFiles/new_project.elf.dir/C_/Users/amspa/OneDrive/Documentos/GitHub/curso-lse/workspace_lpc845/03_light_control/main.c.obj (__aeabi_ddiv)
C:/Users/amspa/.mcuxpressotools/arm-gnu-toolchain-13.2.Rel1-mingw-w64-i686-arm-none-eabi/bin/../lib/gcc/arm-none-eabi/13.2.1/thumb/v6-m/nofp\libgcc.a(floatsidf.o)
                              CMakeFiles/new_project.elf.dir/C_/Users/amspa/OneDrive/Documentos/GitHub/curso-lse/workspace_lpc845/03_light_control/main.c.obj (__aeabi_i2d)
C:/Users/amspa/.mcuxpressotools/arm-gnu-toolchain-13.2.Rel1-mingw-w64-i686-arm-none-eabi/bin/../lib/gcc/arm-none-eabi/13.2.1/thumb/v6-m/nofp\libgcc.a(truncdfsf2.o)
                              CMakeFiles/new_project.elf.dir/C_/Users/amspa/OneDrive/Documentos/GitHub/curso-lse/workspace_lpc845/03_light_control/main.c.obj (__aeabi_d2f)
C:/Users/amspa/.mcuxpressotools/arm-gnu-toolchain-13.2.Rel1-mingw-w64-i686-arm-none-eabi/bin/../lib/gcc/arm-none-eabi/13.2.1/thumb/v6-m/nofp\libgcc.a(_arm_cmpsf2.o)
                              C:/Users/amspa/.mcuxpressotools/arm-gnu-toolchain-13.2.Rel1-mingw-w64-i686-arm-none-eabi/bin/../lib/gcc/arm-none-eabi/13.2.1/thumb/v6-m/nofp\libgcc.a(_fixunssfsi.o) (__aeabi_fcmpge)
C:/Users/amspa/.mcuxpressotools/arm-gnu-toolchain-13.2.Rel1-mingw-w64-i686-arm-none-eabi/bin/../lib/gcc/arm-none-eabi/13.2.1/thumb/v6-m/nofp\libgcc.a(_clzsi2.o)
                              C:/Users/amspa/.mcuxpressotools/arm-gnu-toolchain-13.2.Rel1-mingw-w64-i686-arm-none-eabi/bin/../lib/gcc/arm-none-eabi/13.2.1/thumb/v6-m/nofp\libgcc.a(subsf3.o) (__clzsi2)
C:/Users/amspa/.mcuxpressotools/arm-gnu-toolchain-13.2.Rel1-mingw-w64-i686-arm-none-eabi/bin/../lib/gcc/arm-none-eabi/13.2.1/thumb/v6-m/nofp\libgcc.a(_clzdi2.o)
[...]
Memory Configuration

Name             Origin             Length             Attributes
m_interrupts     0x00000000         0x00000200         xr
m_crp            0x000002fc         0x00000004         xr
m_text           0x00000300         0x0000fd00         xr
m_data           0x10000000         0x00003fe0         rw
*default*        0x00000000         0xffffffff

Linker script and memory map

LOAD C:/Users/amspa/.mcuxpressotools/arm-gnu-toolchain-13.2.Rel1-mingw-w64-i686-arm-none-eabi/bin/../lib/gcc/arm-none-eabi/13.2.1/thumb/v6-m/nofp/crti.o
LOAD C:/Users/amspa/.mcuxpressotools/arm-gnu-toolchain-13.2.Rel1-mingw-w64-i686-arm-none-eabi/bin/../lib/gcc/arm-none-eabi/13.2.1/thumb/v6-m/nofp/crtbegin.o
LOAD C:/Users/amspa/.mcuxpressotools/arm-gnu-toolchain-13.2.Rel1-mingw-w64-i686-arm-none-eabi/bin/../lib/gcc/arm-none-eabi/13.2.1/thumb/v6-m/nofp/crt0.o
LOAD CMakeFiles/new_project.elf.dir/C_/Users/amspa/OneDrive/Documentos/GitHub/curso-lse/workspace_lpc845/03_light_control/main.c.obj
LOAD CMakeFiles/new_project.elf.dir/C_/Users/amspa/OneDrive/Documentos/GitHub/curso-lse/workspace_lpc845/03_light_control/peripherals.c.obj
LOAD CMakeFiles/new_project.elf.dir/C_/Users/amspa/OneDrive/Documentos/GitHub/curso-lse/workspace_lpc845/03_light_control/pin_mux.c.obj
LOAD CMakeFiles/new_project.elf.dir/C_/Users/amspa/OneDrive/Documentos/GitHub/curso-lse/workspace_lpc845/03_light_control/board.c.obj
LOAD CMakeFiles/new_project.elf.dir/C_/Users/amspa/OneDrive/Documentos/GitHub/curso-lse/workspace_lpc845/03_light_control/clock_config.c.obj
LOAD CMakeFiles/new_project.elf.dir/C_/Users/amspa/OneDrive/Documentos/GitHub/curso-lse/workspace_lpc845/03_light_control/hardware_init.c.obj
LOAD CMakeFiles/new_project.elf.dir/aab16d7c68e2680f2826f65fede69547/sdks/03_light_control_sdk/components/uart/fsl_adapter_miniusart.c.obj
LOAD CMakeFiles/new_project.elf.dir/48a823a1fcc432dc04b68ae57a773b23/workspace_lpc845/sdks/03_light_control_sdk/devices/LPC845/gcc/startup_LPC845.S.obj
LOAD CMakeFiles/new_project.elf.dir/48a823a1fcc432dc04b68ae57a773b23/workspace_lpc845/sdks/03_light_control_sdk/devices/LPC845/system_LPC845.c.obj
LOAD CMakeFiles/new_project.elf.dir/48a823a1fcc432dc04b68ae57a773b23/workspace_lpc845/sdks/03_light_control_sdk/devices/LPC845/drivers/fsl_clock.c.obj
LOAD CMakeFiles/new_project.elf.dir/48a823a1fcc432dc04b68ae57a773b23/workspace_lpc845/sdks/03_light_control_sdk/devices/LPC845/drivers/fsl_common.c.obj
LOAD CMakeFiles/new_project.elf.dir/aab16d7c68e2680f2826f65fede69547/sdks/03_light_control_sdk/devices/LPC845/drivers/fsl_common_arm.c.obj
LOAD CMakeFiles/new_project.elf.dir/48a823a1fcc432dc04b68ae57a773b23/workspace_lpc845/sdks/03_light_control_sdk/devices/LPC845/drivers/fsl_inputmux.c.obj
LOAD CMakeFiles/new_project.elf.dir/48a823a1fcc432dc04b68ae57a773b23/workspace_lpc845/sdks/03_light_control_sdk/devices/LPC845/drivers/fsl_gpio.c.obj
LOAD CMakeFiles/new_project.elf.dir/48a823a1fcc432dc04b68ae57a773b23/workspace_lpc845/sdks/03_light_control_sdk/devices/LPC845/drivers/fsl_i2c.c.obj
LOAD CMakeFiles/new_project.elf.dir/48a823a1fcc432dc04b68ae57a773b23/workspace_lpc845/sdks/03_light_control_sdk/devices/LPC845/drivers/fsl_usart.c.obj
LOAD CMakeFiles/new_project.elf.dir/48a823a1fcc432dc04b68ae57a773b23/workspace_lpc845/sdks/03_light_control_sdk/devices/LPC845/drivers/fsl_power.c.obj
LOAD CMakeFiles/new_project.elf.dir/48a823a1fcc432dc04b68ae57a773b23/workspace_lpc845/sdks/03_light_control_sdk/devices/LPC845/drivers/fsl_reset.c.obj
LOAD CMakeFiles/new_project.elf.dir/48a823a1fcc432dc04b68ae57a773b23/workspace_lpc845/sdks/03_light_control_sdk/devices/LPC845/drivers/fsl_swm.c.obj
LOAD CMakeFiles/new_project.elf.dir/48a823a1fcc432dc04b68ae57a773b23/workspace_lpc845/sdks/03_light_control_sdk/devices/LPC845/drivers/fsl_syscon.c.obj
LOAD CMakeFiles/new_project.elf.dir/aab16d7c68e2680f2826f65fede69547/sdks/03_light_control_sdk/devices/LPC845/utilities/fsl_syscall_stub.c.obj
LOAD CMakeFiles/new_project.elf.dir/48a823a1fcc432dc04b68ae57a773b23/workspace_lpc845/sdks/03_light_control_sdk/devices/LPC845/utilities/fsl_sbrk.c.obj
LOAD CMakeFiles/new_project.elf.dir/fc3d867dd78a25dcd36d2ad3a2df8c56/03_light_control_sdk/devices/LPC845/utilities/debug_console_lite/fsl_assert.c.obj
LOAD CMakeFiles/new_project.elf.dir/2de6e8e67359880cf8048d154b134080/devices/LPC845/utilities/debug_console_lite/fsl_debug_console.c.obj
LOAD CMakeFiles/new_project.elf.dir/48a823a1fcc432dc04b68ae57a773b23/workspace_lpc845/sdks/03_light_control_sdk/devices/LPC845/utilities/str/fsl_str.c.obj
START GROUP
LOAD C:/Users/amspa/.mcuxpressotools/arm-gnu-toolchain-13.2.Rel1-mingw-w64-i686-arm-none-eabi/bin/../lib/gcc/arm-none-eabi/13.2.1/thumb/v6-m/nofp\libgcc.a
LOAD C:/Users/amspa/.mcuxpressotools/arm-gnu-toolchain-13.2.Rel1-mingw-w64-i686-arm-none-eabi/bin/../lib/gcc/arm-none-eabi/13.2.1/thumb/v6-m/nofp\libc_nano.a
LOAD C:/Users/amspa/.mcuxpressotools/arm-gnu-toolchain-13.2.Rel1-mingw-w64-i686-arm-none-eabi/bin/../lib/gcc/arm-none-eabi/13.2.1/thumb/v6-m/nofp\libm.a
LOAD C:/Users/amspa/.mcuxpressotools/arm-gnu-toolchain-13.2.Rel1-mingw-w64-i686-arm-none-eabi/bin/../lib/gcc/arm-none-eabi/13.2.1/../../../../arm-none-eabi/lib/thumb/v6-m/nofp\libcr_newlib_nohost.a
END GROUP
START GROUP
LOAD C:/Users/amspa/.mcuxpressotools/arm-gnu-toolchain-13.2.Rel1-mingw-w64-i686-arm-none-eabi/bin/../lib/gcc/arm-none-eabi/13.2.1/thumb/v6-m/nofp\libgcc.a
LOAD C:/Users/amspa/.mcuxpressotools/arm-gnu-toolchain-13.2.Rel1-mingw-w64-i686-arm-none-eabi/bin/../lib/gcc/arm-none-eabi/13.2.1/thumb/v6-m/nofp\libg_nano.a
LOAD C:/Users/amspa/.mcuxpressotools/arm-gnu-toolchain-13.2.Rel1-mingw-w64-i686-arm-none-eabi/bin/../lib/gcc/arm-none-eabi/13.2.1/thumb/v6-m/nofp\libc_nano.a
END GROUP
START GROUP
LOAD C:/Users/amspa/.mcuxpressotools/arm-gnu-toolchain-13.2.Rel1-mingw-w64-i686-arm-none-eabi/bin/../lib/gcc/arm-none-eabi/13.2.1/thumb/v6-m/nofp\libgcc.a
LOAD C:/Users/amspa/.mcuxpressotools/arm-gnu-toolchain-13.2.Rel1-mingw-w64-i686-arm-none-eabi/bin/../lib/gcc/arm-none-eabi/13.2.1/thumb/v6-m/nofp\libc_nano.a
LOAD C:/Users/amspa/.mcuxpressotools/arm-gnu-toolchain-13.2.Rel1-mingw-w64-i686-arm-none-eabi/bin/../lib/gcc/arm-none-eabi/13.2.1/thumb/v6-m/nofp\libnosys.a
END GROUP
START GROUP
LOAD C:/Users/amspa/.mcuxpressotools/arm-gnu-toolchain-13.2.Rel1-mingw-w64-i686-arm-none-eabi/bin/../lib/gcc/arm-none-eabi/13.2.1/thumb/v6-m/nofp\libgcc.a
LOAD C:/Users/amspa/.mcuxpressotools/arm-gnu-toolchain-13.2.Rel1-mingw-w64-i686-arm-none-eabi/bin/../lib/gcc/arm-none-eabi/13.2.1/thumb/v6-m/nofp\libc_nano.a
LOAD C:/Users/amspa/.mcuxpressotools/arm-gnu-toolchain-13.2.Rel1-mingw-w64-i686-arm-none-eabi/bin/../lib/gcc/arm-none-eabi/13.2.1/thumb/v6-m/nofp\libnosys.a
END GROUP
LOAD C:/Users/amspa/.mcuxpressotools/arm-gnu-toolchain-13.2.Rel1-mingw-w64-i686-arm-none-eabi/bin/../lib/gcc/arm-none-eabi/13.2.1/thumb/v6-m/nofp/crtend.o
LOAD C:/Users/amspa/.mcuxpressotools/arm-gnu-toolchain-13.2.Rel1-mingw-w64-i686-arm-none-eabi/bin/../lib/gcc/arm-none-eabi/13.2.1/thumb/v6-m/nofp/crtn.o
                0x00000400                        HEAP_SIZE = DEFINED (__heap_size__)?__heap_size__:0x400
                0x00000800                        STACK_SIZE = DEFINED (__stack_size__)?__stack_size__:0x800
                0xefffb4f9                        __valid_user_code_checksum = (0x0 - ((((__StackTop + Reset_Handler) + NMI_Handler) + HardFault_Handler) + 0x3))

.interrupts     0x00000000       0xc0
                0x00000000                        . = ALIGN (0x4)
 *(.isr_vector)
 .isr_vector    0x00000000       0xc0 CMakeFiles/new_project.elf.dir/48a823a1fcc432dc04b68ae57a773b23/workspace_lpc845/sdks/03_light_control_sdk/devices/LPC845/gcc/startup_LPC845.S.obj
                0x00000000                __Vectors
                0x000000c0                        . = ALIGN (0x4)

.crp            0x000002fc        0x4
                0x000002fc                        . = ALIGN (0x4)
 *(.crp)
 .crp           0x000002fc        0x4 CMakeFiles/new_project.elf.dir/48a823a1fcc432dc04b68ae57a773b23/workspace_lpc845/sdks/03_light_control_sdk/devices/LPC845/gcc/startup_LPC845.S.obj
                0x00000300                        . = ALIGN (0x4)

.text           0x00000300     0x3d54
                0x00000300                        . = ALIGN (0x4)
 *(.text)
 .text          0x00000300       0x80 C:/Users/amspa/.mcuxpressotools/arm-gnu-toolchain-13.2.Rel1-mingw-w64-i686-arm-none-eabi/bin/../lib/gcc/arm-none-eabi/13.2.1/thumb/v6-m/nofp/crt0.o
                0x00000300                _stack_init
                0x0000030c                _start
                0x0000030c                _mainCRTStartup
 .text          0x00000380      0x17c CMakeFiles/new_project.elf.dir/48a823a1fcc432dc04b68ae57a773b23/workspace_lpc845/sdks/03_light_control_sdk/devices/LPC845/gcc/startup_LPC845.S.obj
                0x00000380                Reset_Handler
                0x000003cc                ADC0_SEQA_DriverIRQHandler
                0x000003cc                ADC0_OVR_DriverIRQHandler
                0x000003cc                SCT0_DriverIRQHandler
                0x000003cc                DMA0_DriverIRQHandler
                0x000003cc                FLASH_DriverIRQHandler
                0x000003cc                SPI1_DriverIRQHandler
                0x000003cc                SPI0_DriverIRQHandler
                0x000003cc                ADC0_SEQB_DriverIRQHandler
                0x000003cc                MRT0_DriverIRQHandler
                0x000003cc                ADC0_THCMP_DriverIRQHandler
                0x000003cc                BOD_DriverIRQHandler
                0x000003cc                I2C3_DriverIRQHandler
                0x000003cc                CMP_CAPT_DriverIRQHandler
                0x000003cc                PIN_INT3_DriverIRQHandler
                0x000003cc                PIN_INT5_DAC1_DriverIRQHandler
                0x000003cc                PIN_INT2_DriverIRQHandler
                0x000003cc                Reserved22_DriverIRQHandler
                0x000003cc                PIN_INT0_DriverIRQHandler
                0x000003cc                PIN_INT1_DriverIRQHandler
                0x000003cc                CTIMER0_DriverIRQHandler
                0x000003cc                DefaultISR
                0x000003cc                WDT_DriverIRQHandler
                0x000003cc                WKT_DriverIRQHandler
                0x000003cc                DAC0_DriverIRQHandler
                0x000003cc                PIN_INT4_DriverIRQHandler
                0x000003d0                NMI_Handler
                0x000003d4                HardFault_Handler
                0x000003d8                SVC_Handler
                0x000003dc                PendSV_Handler
                0x000003e0                SysTick_Handler
                0x000003e4                SPI0_IRQHandler
                0x000003e8                SPI1_IRQHandler
                0x000003ec                DAC0_IRQHandler
                0x000003f0                USART0_IRQHandler
                0x000003f4                USART1_IRQHandler
                0x000003f8                USART2_IRQHandler
                0x000003fc                Reserved22_IRQHandler
                0x00000400                I2C1_IRQHandler
                0x00000404                I2C0_IRQHandler
                0x00000408                SCT0_IRQHandler
                0x0000040c                MRT0_IRQHandler
                0x00000410                CMP_CAPT_IRQHandler
                0x00000414                WDT_IRQHandler
                0x00000418                BOD_IRQHandler
                0x0000041c                FLASH_IRQHandler
                0x00000420                WKT_IRQHandler
                0x00000424                ADC0_SEQA_IRQHandler
                0x00000428                ADC0_SEQB_IRQHandler
                0x0000042c                ADC0_THCMP_IRQHandler
                0x00000430                ADC0_OVR_IRQHandler
                0x00000434                DMA0_IRQHandler
                0x00000438                I2C2_IRQHandler
                0x0000043c                I2C3_IRQHandler
                0x00000440                CTIMER0_IRQHandler
                0x00000444                PIN_INT0_IRQHandler
                0x00000448                PIN_INT1_IRQHandler
                0x0000044c                PIN_INT2_IRQHandler
                0x00000450                PIN_INT3_IRQHandler
                0x00000454                PIN_INT4_IRQHandler
                0x00000458                PIN_INT5_DAC1_IRQHandler
                0x0000045c                PIN_INT6_USART3_IRQHandler
                0x00000460                PIN_INT7_USART4_IRQHandler
 .text          0x000004fc      0x114 C:/Users/amspa/.mcuxpressotools/arm-gnu-toolchain-13.2.Rel1-mingw-w64-i686-arm-none-eabi/bin/../lib/gcc/arm-none-eabi/13.2.1/thumb/v6-m/nofp\libgcc.a(_udivsi3.o)
                0x000004fc                __aeabi_uidiv
                0x000004fc                __udivsi3
                0x00000608                __aeabi_uidivmod
 .text          0x00000610        0x4 C:/Users/amspa/.mcuxpressotools/arm-gnu-toolchain-13.2.Rel1-mingw-w64-i686-arm-none-eabi/bin/../lib/gcc/arm-none-eabi/13.2.1/thumb/v6-m/nofp\libgcc.a(_dvmd_tls.o)
                0x00000610                __aeabi_idiv0
                0x00000610                __aeabi_ldiv0
 .text          0x00000614       0x74 C:/Users/amspa/.mcuxpressotools/arm-gnu-toolchain-13.2.Rel1-mingw-w64-i686-arm-none-eabi/bin/../lib/gcc/arm-none-eabi/13.2.1/thumb/v6-m/nofp\libgcc.a(_arm_cmpsf2.o)
                0x00000614                __aeabi_cfrcmple
                0x0000061c                __aeabi_cfcmpeq
                0x0000061c                __aeabi_cfcmple
                0x0000062c                __aeabi_fcmpeq
                0x00000638                __aeabi_fcmplt
                0x0000064c                __aeabi_fcmple
                0x00000660                __aeabi_fcmpgt
                0x00000674                __aeabi_fcmpge
 .text          0x00000688       0x3c C:/Users/amspa/.mcuxpressotools/arm-gnu-toolchain-13.2.Rel1-mingw-w64-i686-arm-none-eabi/bin/../lib/gcc/arm-none-eabi/13.2.1/thumb/v6-m/nofp\libgcc.a(_clzsi2.o)
                0x00000688                __clzsi2
 .text          0x000006c4        0xe C:/Users/amspa/.mcuxpressotools/arm-gnu-toolchain-13.2.Rel1-mingw-w64-i686-arm-none-eabi/bin/../lib/gcc/arm-none-eabi/13.2.1/thumb/v6-m/nofp\libc_nano.a(libc_a-strlen.o)
                0x000006c4                strlen
 *(.text*)
 *fill*         0x000006d2        0x2 
 .text.deregister_tm_clones
                0x000006d4       0x20 C:/Users/amspa/.mcuxpressotools/arm-gnu-toolchain-13.2.Rel1-mingw-w64-i686-arm-none-eabi/bin/../lib/gcc/arm-none-eabi/13.2.1/thumb/v6-m/nofp/crtbegin.o
 .text.register_tm_clones
                0x000006f4       0x28 C:/Users/amspa/.mcuxpressotools/arm-gnu-toolchain-13.2.Rel1-mingw-w64-i686-arm-none-eabi/bin/../lib/gcc/arm-none-eabi/13.2.1/thumb/v6-m/nofp/crtbegin.o
 .text.__do_global_dtors_aux
                0x0000071c       0x2c C:/Users/amspa/.mcuxpressotools/arm-gnu-toolchain-13.2.Rel1-mingw-w64-i686-arm-none-eabi/bin/../lib/gcc/arm-none-eabi/13.2.1/thumb/v6-m/nofp/crtbegin.o
 .text.frame_dummy
                0x00000748       0x24 C:/Users/amspa/.mcuxpressotools/arm-gnu-toolchain-13.2.Rel1-mingw-w64-i686-arm-none-eabi/bin/../lib/gcc/arm-none-eabi/13.2.1/thumb/v6-m/nofp/crtbegin.o
 .text.CLOCK_EnableClock
                0x0000076c       0x54 CMakeFiles/new_project.elf.dir/C_/Users/amspa/OneDrive/Documentos/GitHub/curso-lse/workspace_lpc845/03_light_control/main.c.obj
 .text.CLOCK_DisableClock
                0x000007c0       0x58 CMakeFiles/new_project.elf.dir/C_/Users/amspa/OneDrive/Documentos/GitHub/curso-lse/workspace_lpc845/03_light_control/main.c.obj
 .text.CLOCK_Select
                0x00000818       0x38 CMakeFiles/new_project.elf.dir/C_/Users/amspa/OneDrive/Documentos/GitHub/curso-lse/workspace_lpc845/03_light_control/main.c.obj
 .text.main     0x00000850      0x160 CMakeFiles/new_project.elf.dir/C_/Users/amspa/OneDrive/Documentos/GitHub/curso-lse/workspace_lpc845/03_light_control/main.c.obj
                0x00000850                main
 .text.CLOCK_Select
                0x000009b0       0x38 CMakeFiles/new_project.elf.dir/C_/Users/amspa/OneDrive/Documentos/GitHub/curso-lse/workspace_lpc845/03_light_control/board.c.obj
 .text.BOARD_InitDebugConsole
                0x000009e8       0x58 CMakeFiles/new_project.elf.dir/C_/Users/amspa/OneDrive/Documentos/GitHub/curso-lse/workspace_lpc845/03_light_control/board.c.obj
                0x000009e8                BOARD_InitDebugConsole
 .text.CLOCK_Select
                0x00000a40       0x38 CMakeFiles/new_project.elf.dir/C_/Users/amspa/OneDrive/Documentos/GitHub/curso-lse/workspace_lpc845/03_light_control/clock_config.c.obj
 .text.CLOCK_SetCoreSysClkDiv
                0x00000a78       0x4c CMakeFiles/new_project.elf.dir/C_/Users/amspa/OneDrive/Documentos/GitHub/curso-lse/workspace_lpc845/03_light_control/clock_config.c.obj
 .text.CLOCK_SetFroOscFreq
                0x00000ac4       0x24 CMakeFiles/new_project.elf.dir/C_/Users/amspa/OneDrive/Documentos/GitHub/curso-lse/workspace_lpc845/03_light_control/clock_config.c.obj
 .text.POWER_DisablePD
                0x00000ae8       0x2c CMakeFiles/new_project.elf.dir/C_/Users/amspa/OneDrive/Documentos/GitHub/curso-lse/workspace_lpc845/03_light_control/clock_config.c.obj
 .text.BOARD_BootClockFRO30M
                0x00000b14       0x58 CMakeFiles/new_project.elf.dir/C_/Users/amspa/OneDrive/Documentos/GitHub/curso-lse/workspace_lpc845/03_light_control/clock_config.c.obj
                0x00000b14                BOARD_BootClockFRO30M
 .text.HAL_UartGetStatus
                0x00000b6c       0x20 CMakeFiles/new_project.elf.dir/aab16d7c68e2680f2826f65fede69547/sdks/03_light_control_sdk/components/uart/fsl_adapter_miniusart.c.obj
 .text.HAL_UartInit
                0x00000b8c      0x134 CMakeFiles/new_project.elf.dir/aab16d7c68e2680f2826f65fede69547/sdks/03_light_control_sdk/components/uart/fsl_adapter_miniusart.c.obj
                0x00000b8c                HAL_UartInit
 .text.HAL_UartReceiveBlocking
                0x00000cc0       0x90 CMakeFiles/new_project.elf.dir/aab16d7c68e2680f2826f65fede69547/sdks/03_light_control_sdk/components/uart/fsl_adapter_miniusart.c.obj
                0x00000cc0                HAL_UartReceiveBlocking
 .text.HAL_UartSendBlocking
                0x00000d50       0x84 CMakeFiles/new_project.elf.dir/aab16d7c68e2680f2826f65fede69547/sdks/03_light_control_sdk/components/uart/fsl_adapter_miniusart.c.obj
                0x00000d50                HAL_UartSendBlocking
 .text.SystemInit
                0x00000dd4       0x2c CMakeFiles/new_project.elf.dir/48a823a1fcc432dc04b68ae57a773b23/workspace_lpc845/sdks/03_light_control_sdk/devices/LPC845/system_LPC845.c.obj
                0x00000dd4                SystemInit
 .text.SystemInitHook
                0x00000e00        0xa CMakeFiles/new_project.elf.dir/48a823a1fcc432dc04b68ae57a773b23/workspace_lpc845/sdks/03_light_control_sdk/devices/LPC845/system_LPC845.c.obj
                0x00000e00                SystemInitHook
 *fill*         0x00000e0a        0x2 
 .text.CLOCK_GetSystemPLLFreq
                0x00000e0c       0x20 CMakeFiles/new_project.elf.dir/48a823a1fcc432dc04b68ae57a773b23/workspace_lpc845/sdks/03_light_control_sdk/devices/LPC845/drivers/fsl_clock.c.obj
 .text.CLOCK_GetWdtOscFreq
                0x00000e2c       0x14 CMakeFiles/new_project.elf.dir/48a823a1fcc432dc04b68ae57a773b23/workspace_lpc845/sdks/03_light_control_sdk/devices/LPC845/drivers/fsl_clock.c.obj
 .text.CLOCK_GetExtClkFreq
                0x00000e40       0x14 CMakeFiles/new_project.elf.dir/48a823a1fcc432dc04b68ae57a773b23/workspace_lpc845/sdks/03_light_control_sdk/devices/LPC845/drivers/fsl_clock.c.obj
 .text.CLOCK_UpdateClkSrc
                0x00000e54       0x58 CMakeFiles/new_project.elf.dir/48a823a1fcc432dc04b68ae57a773b23/workspace_lpc845/sdks/03_light_control_sdk/devices/LPC845/drivers/fsl_clock.c.obj
 .text.CLOCK_GetMainClkFreq
                0x00000eac       0x78 CMakeFiles/new_project.elf.dir/48a823a1fcc432dc04b68ae57a773b23/workspace_lpc845/sdks/03_light_control_sdk/devices/LPC845/drivers/fsl_clock.c.obj
                0x00000eac                CLOCK_GetMainClkFreq
 .text.CLOCK_GetFroFreq
                0x00000f24       0x78 CMakeFiles/new_project.elf.dir/48a823a1fcc432dc04b68ae57a773b23/workspace_lpc845/sdks/03_light_control_sdk/devices/LPC845/drivers/fsl_clock.c.obj
                0x00000f24                CLOCK_GetFroFreq
 .text.CLOCK_GetSystemPLLInClockRate
                0x00000f9c       0x64 CMakeFiles/new_project.elf.dir/48a823a1fcc432dc04b68ae57a773b23/workspace_lpc845/sdks/03_light_control_sdk/devices/LPC845/drivers/fsl_clock.c.obj
                0x00000f9c                CLOCK_GetSystemPLLInClockRate
 .text.CLOCK_SetMainClkSrc
                0x00001000       0x9c CMakeFiles/new_project.elf.dir/48a823a1fcc432dc04b68ae57a773b23/workspace_lpc845/sdks/03_light_control_sdk/devices/LPC845/drivers/fsl_clock.c.obj
                0x00001000                CLOCK_SetMainClkSrc
 .text.CLOCK_SetFroOutClkSrc
                0x0000109c       0x48 CMakeFiles/new_project.elf.dir/48a823a1fcc432dc04b68ae57a773b23/workspace_lpc845/sdks/03_light_control_sdk/devices/LPC845/drivers/fsl_clock.c.obj
                0x0000109c                CLOCK_SetFroOutClkSrc
 .text.CLOCK_EnableClock
                0x000010e4       0x54 CMakeFiles/new_project.elf.dir/48a823a1fcc432dc04b68ae57a773b23/workspace_lpc845/sdks/03_light_control_sdk/devices/LPC845/drivers/fsl_gpio.c.obj
 .text.GPIO_EnablePortClock
                0x00001138       0x44 CMakeFiles/new_project.elf.dir/48a823a1fcc432dc04b68ae57a773b23/workspace_lpc845/sdks/03_light_control_sdk/devices/LPC845/drivers/fsl_gpio.c.obj
 .text.GPIO_PortInit
                0x0000117c       0x30 CMakeFiles/new_project.elf.dir/48a823a1fcc432dc04b68ae57a773b23/workspace_lpc845/sdks/03_light_control_sdk/devices/LPC845/drivers/fsl_gpio.c.obj
                0x0000117c                GPIO_PortInit
 .text.GPIO_PinInit
                0x000011ac       0xc0 CMakeFiles/new_project.elf.dir/48a823a1fcc432dc04b68ae57a773b23/workspace_lpc845/sdks/03_light_control_sdk/devices/LPC845/drivers/fsl_gpio.c.obj
                0x000011ac                GPIO_PinInit
 .text.CLOCK_EnableClock
                0x0000126c       0x54 CMakeFiles/new_project.elf.dir/48a823a1fcc432dc04b68ae57a773b23/workspace_lpc845/sdks/03_light_control_sdk/devices/LPC845/drivers/fsl_i2c.c.obj
 .text.I2C_MasterEnable
                0x000012c0       0x3c CMakeFiles/new_project.elf.dir/48a823a1fcc432dc04b68ae57a773b23/workspace_lpc845/sdks/03_light_control_sdk/devices/LPC845/drivers/fsl_i2c.c.obj
 .text.I2C_GetStatusFlags
                0x000012fc       0x14 CMakeFiles/new_project.elf.dir/48a823a1fcc432dc04b68ae57a773b23/workspace_lpc845/sdks/03_light_control_sdk/devices/LPC845/drivers/fsl_i2c.c.obj
 .text.I2C_MasterClearStatusFlags
                0x00001310       0x1c CMakeFiles/new_project.elf.dir/48a823a1fcc432dc04b68ae57a773b23/workspace_lpc845/sdks/03_light_control_sdk/devices/LPC845/drivers/fsl_i2c.c.obj
 .text.I2C_GetInstance
                0x0000132c       0x58 CMakeFiles/new_project.elf.dir/48a823a1fcc432dc04b68ae57a773b23/workspace_lpc845/sdks/03_light_control_sdk/devices/LPC845/drivers/fsl_i2c.c.obj
                0x0000132c                I2C_GetInstance
 .text.I2C_MasterGetDefaultConfig
                0x00001384       0x34 CMakeFiles/new_project.elf.dir/48a823a1fcc432dc04b68ae57a773b23/workspace_lpc845/sdks/03_light_control_sdk/devices/LPC845/drivers/fsl_i2c.c.obj
                0x00001384                I2C_MasterGetDefaultConfig
 .text.I2C_MasterInit
                0x000013b8       0x64 CMakeFiles/new_project.elf.dir/48a823a1fcc432dc04b68ae57a773b23/workspace_lpc845/sdks/03_light_control_sdk/devices/LPC845/drivers/fsl_i2c.c.obj
                0x000013b8                I2C_MasterInit
 .text.I2C_MasterSetBaudRate
                0x0000141c       0xcc CMakeFiles/new_project.elf.dir/48a823a1fcc432dc04b68ae57a773b23/workspace_lpc845/sdks/03_light_control_sdk/devices/LPC845/drivers/fsl_i2c.c.obj
                0x0000141c                I2C_MasterSetBaudRate
 .text.I2C_PendingStatusWait
                0x000014e8       0x30 CMakeFiles/new_project.elf.dir/48a823a1fcc432dc04b68ae57a773b23/workspace_lpc845/sdks/03_light_control_sdk/devices/LPC845/drivers/fsl_i2c.c.obj
 .text.I2C_MasterStart
                0x00001518       0x54 CMakeFiles/new_project.elf.dir/48a823a1fcc432dc04b68ae57a773b23/workspace_lpc845/sdks/03_light_control_sdk/devices/LPC845/drivers/fsl_i2c.c.obj
                0x00001518                I2C_MasterStart
 .text.I2C_MasterStop
                0x0000156c       0x30 CMakeFiles/new_project.elf.dir/48a823a1fcc432dc04b68ae57a773b23/workspace_lpc845/sdks/03_light_control_sdk/devices/LPC845/drivers/fsl_i2c.c.obj
                0x0000156c                I2C_MasterStop
 .text.I2C_MasterWriteBlocking
                0x0000159c      0x124 CMakeFiles/new_project.elf.dir/48a823a1fcc432dc04b68ae57a773b23/workspace_lpc845/sdks/03_light_control_sdk/devices/LPC845/drivers/fsl_i2c.c.obj
                0x0000159c                I2C_MasterWriteBlocking
 .text.I2C_MasterReadBlocking
                0x000016c0      0x104 CMakeFiles/new_project.elf.dir/48a823a1fcc432dc04b68ae57a773b23/workspace_lpc845/sdks/03_light_control_sdk/devices/LPC845/drivers/fsl_i2c.c.obj
                0x000016c0                I2C_MasterReadBlocking
 .text.I2C_TransferCommonIRQHandler
                0x000017c4       0x40 CMakeFiles/new_project.elf.dir/48a823a1fcc432dc04b68ae57a773b23/workspace_lpc845/sdks/03_light_control_sdk/devices/LPC845/drivers/fsl_i2c.c.obj
 .text.I2C0_DriverIRQHandler
                0x00001804       0x20 CMakeFiles/new_project.elf.dir/48a823a1fcc432dc04b68ae57a773b23/workspace_lpc845/sdks/03_light_control_sdk/devices/LPC845/drivers/fsl_i2c.c.obj
                0x00001804                I2C0_DriverIRQHandler
 .text.I2C1_DriverIRQHandler
                0x00001824       0x20 CMakeFiles/new_project.elf.dir/48a823a1fcc432dc04b68ae57a773b23/workspace_lpc845/sdks/03_light_control_sdk/devices/LPC845/drivers/fsl_i2c.c.obj
                0x00001824                I2C1_DriverIRQHandler
 .text.I2C2_DriverIRQHandler
                0x00001844       0x20 CMakeFiles/new_project.elf.dir/48a823a1fcc432dc04b68ae57a773b23/workspace_lpc845/sdks/03_light_control_sdk/devices/LPC845/drivers/fsl_i2c.c.obj
                0x00001844                I2C2_DriverIRQHandler
 .text.CLOCK_EnableClock
                0x00001864       0x54 CMakeFiles/new_project.elf.dir/48a823a1fcc432dc04b68ae57a773b23/workspace_lpc845/sdks/03_light_control_sdk/devices/LPC845/drivers/fsl_usart.c.obj
 .text.USART_EnableContinuousSCLK
                0x000018b8       0x40 CMakeFiles/new_project.elf.dir/48a823a1fcc432dc04b68ae57a773b23/workspace_lpc845/sdks/03_light_control_sdk/devices/LPC845/drivers/fsl_usart.c.obj
 .text.USART_EnableTx
                0x000018f8       0x46 CMakeFiles/new_project.elf.dir/48a823a1fcc432dc04b68ae57a773b23/workspace_lpc845/sdks/03_light_control_sdk/devices/LPC845/drivers/fsl_usart.c.obj
 .text.USART_EnableRx
                0x0000193e       0x44 CMakeFiles/new_project.elf.dir/48a823a1fcc432dc04b68ae57a773b23/workspace_lpc845/sdks/03_light_control_sdk/devices/LPC845/drivers/fsl_usart.c.obj
 *fill*         0x00001982        0x2 
 .text.USART_GetInstance
                0x00001984       0x58 CMakeFiles/new_project.elf.dir/48a823a1fcc432dc04b68ae57a773b23/workspace_lpc845/sdks/03_light_control_sdk/devices/LPC845/drivers/fsl_usart.c.obj
                0x00001984                USART_GetInstance
 .text.USART_Init
                0x000019dc      0x138 CMakeFiles/new_project.elf.dir/48a823a1fcc432dc04b68ae57a773b23/workspace_lpc845/sdks/03_light_control_sdk/devices/LPC845/drivers/fsl_usart.c.obj
                0x000019dc                USART_Init
 .text.USART_GetDefaultConfig
                0x00001b14       0x80 CMakeFiles/new_project.elf.dir/48a823a1fcc432dc04b68ae57a773b23/workspace_lpc845/sdks/03_light_control_sdk/devices/LPC845/drivers/fsl_usart.c.obj
                0x00001b14                USART_GetDefaultConfig
 .text.USART_SetBaudRate
                0x00001b94      0x15c CMakeFiles/new_project.elf.dir/48a823a1fcc432dc04b68ae57a773b23/workspace_lpc845/sdks/03_light_control_sdk/devices/LPC845/drivers/fsl_usart.c.obj
                0x00001b94                USART_SetBaudRate
 .text.USART_WriteBlocking
                0x00001cf0       0x70 CMakeFiles/new_project.elf.dir/48a823a1fcc432dc04b68ae57a773b23/workspace_lpc845/sdks/03_light_control_sdk/devices/LPC845/drivers/fsl_usart.c.obj
                0x00001cf0                USART_WriteBlocking
 .text.USART_ReadBlocking
                0x00001d60       0xd0 CMakeFiles/new_project.elf.dir/48a823a1fcc432dc04b68ae57a773b23/workspace_lpc845/sdks/03_light_control_sdk/devices/LPC845/drivers/fsl_usart.c.obj
                0x00001d60                USART_ReadBlocking
 .text.USART0_DriverIRQHandler
                0x00001e30       0x24 CMakeFiles/new_project.elf.dir/48a823a1fcc432dc04b68ae57a773b23/workspace_lpc845/sdks/03_light_control_sdk/devices/LPC845/drivers/fsl_usart.c.obj
                0x00001e30                USART0_DriverIRQHandler
 .text.USART1_DriverIRQHandler
                0x00001e54       0x24 CMakeFiles/new_project.elf.dir/48a823a1fcc432dc04b68ae57a773b23/workspace_lpc845/sdks/03_light_control_sdk/devices/LPC845/drivers/fsl_usart.c.obj
                0x00001e54                USART1_DriverIRQHandler
 .text.USART2_DriverIRQHandler
                0x00001e78       0x24 CMakeFiles/new_project.elf.dir/48a823a1fcc432dc04b68ae57a773b23/workspace_lpc845/sdks/03_light_control_sdk/devices/LPC845/drivers/fsl_usart.c.obj
                0x00001e78                USART2_DriverIRQHandler
 .text.PIN_INT6_USART3_DriverIRQHandler
                0x00001e9c       0x24 CMakeFiles/new_project.elf.dir/48a823a1fcc432dc04b68ae57a773b23/workspace_lpc845/sdks/03_light_control_sdk/devices/LPC845/drivers/fsl_usart.c.obj
                0x00001e9c                PIN_INT6_USART3_DriverIRQHandler
 .text.PIN_INT7_USART4_DriverIRQHandler
                0x00001ec0       0x24 CMakeFiles/new_project.elf.dir/48a823a1fcc432dc04b68ae57a773b23/workspace_lpc845/sdks/03_light_control_sdk/devices/LPC845/drivers/fsl_usart.c.obj
                0x00001ec0                PIN_INT7_USART4_DriverIRQHandler
 .text.RESET_SetPeripheralReset
                0x00001ee4       0x7c CMakeFiles/new_project.elf.dir/48a823a1fcc432dc04b68ae57a773b23/workspace_lpc845/sdks/03_light_control_sdk/devices/LPC845/drivers/fsl_reset.c.obj
                0x00001ee4                RESET_SetPeripheralReset
 .text.RESET_ClearPeripheralReset
                0x00001f60       0x78 CMakeFiles/new_project.elf.dir/48a823a1fcc432dc04b68ae57a773b23/workspace_lpc845/sdks/03_light_control_sdk/devices/LPC845/drivers/fsl_reset.c.obj
                0x00001f60                RESET_ClearPeripheralReset
 .text.RESET_PeripheralReset
                0x00001fd8       0x20 CMakeFiles/new_project.elf.dir/48a823a1fcc432dc04b68ae57a773b23/workspace_lpc845/sdks/03_light_control_sdk/devices/LPC845/drivers/fsl_reset.c.obj
                0x00001fd8                RESET_PeripheralReset
 .text.SWM_SetMovablePinSelect
                0x00001ff8       0xa8 CMakeFiles/new_project.elf.dir/48a823a1fcc432dc04b68ae57a773b23/workspace_lpc845/sdks/03_light_control_sdk/devices/LPC845/drivers/fsl_swm.c.obj
                0x00001ff8                SWM_SetMovablePinSelect
 .text.fsl_assert_hook
                0x000020a0       0x16 CMakeFiles/new_project.elf.dir/fc3d867dd78a25dcd36d2ad3a2df8c56/03_light_control_sdk/devices/LPC845/utilities/debug_console_lite/fsl_assert.c.obj
                0x000020a0                fsl_assert_hook
 *fill*         0x000020b6        0x2 
 .text.__assert_func
                0x000020b8       0x34 CMakeFiles/new_project.elf.dir/fc3d867dd78a25dcd36d2ad3a2df8c56/03_light_control_sdk/devices/LPC845/utilities/debug_console_lite/fsl_assert.c.obj
                0x000020b8                __assert_func
 .text.DbgConsole_Init
                0x000020ec       0xa8 CMakeFiles/new_project.elf.dir/2de6e8e67359880cf8048d154b134080/devices/LPC845/utilities/debug_console_lite/fsl_debug_console.c.obj
                0x000020ec                DbgConsole_Init
 .text.DbgConsole_Printf
                0x00002194       0x32 CMakeFiles/new_project.elf.dir/2de6e8e67359880cf8048d154b134080/devices/LPC845/utilities/debug_console_lite/fsl_debug_console.c.obj
                0x00002194                DbgConsole_Printf
 *fill*         0x000021c6        0x2 
 .text.DbgConsole_Vprintf
                0x000021c8       0x40 CMakeFiles/new_project.elf.dir/2de6e8e67359880cf8048d154b134080/devices/LPC845/utilities/debug_console_lite/fsl_debug_console.c.obj
                0x000021c8                DbgConsole_Vprintf
 .text.DbgConsole_Putchar
                0x00002208       0x30 CMakeFiles/new_project.elf.dir/2de6e8e67359880cf8048d154b134080/devices/LPC845/utilities/debug_console_lite/fsl_debug_console.c.obj
                0x00002208                DbgConsole_Putchar
 .text.DbgConsole_PrintfPaddingCharacter
                0x00002238       0x48 CMakeFiles/new_project.elf.dir/2de6e8e67359880cf8048d154b134080/devices/LPC845/utilities/debug_console_lite/fsl_debug_console.c.obj
 .text.DbgConsole_ConvertRadixNumToString
                0x00002280       0xc2 CMakeFiles/new_project.elf.dir/2de6e8e67359880cf8048d154b134080/devices/LPC845/utilities/debug_console_lite/fsl_debug_console.c.obj
 .text.DbgConsole_PrintfFormattedData
                0x00002342      0x3da CMakeFiles/new_project.elf.dir/2de6e8e67359880cf8048d154b134080/devices/LPC845/utilities/debug_console_lite/fsl_debug_console.c.obj
 .text.__fixunssfsi
                0x0000271c       0x30 C:/Users/amspa/.mcuxpressotools/arm-gnu-toolchain-13.2.Rel1-mingw-w64-i686-arm-none-eabi/bin/../lib/gcc/arm-none-eabi/13.2.1/thumb/v6-m/nofp\libgcc.a(_fixunssfsi.o)
                0x0000271c                __fixunssfsi
                0x0000271c                __aeabi_f2uiz
 .text.__aeabi_fsub
                0x0000274c      0x38c C:/Users/amspa/.mcuxpressotools/arm-gnu-toolchain-13.2.Rel1-mingw-w64-i686-arm-none-eabi/bin/../lib/gcc/arm-none-eabi/13.2.1/thumb/v6-m/nofp\libgcc.a(subsf3.o)
                0x0000274c                __aeabi_fsub
 .text.__aeabi_f2iz
                0x00002ad8       0x40 C:/Users/amspa/.mcuxpressotools/arm-gnu-toolchain-13.2.Rel1-mingw-w64-i686-arm-none-eabi/bin/../lib/gcc/arm-none-eabi/13.2.1/thumb/v6-m/nofp\libgcc.a(fixsfsi.o)
                0x00002ad8                __aeabi_f2iz
 .text.__aeabi_ddiv
                0x00002b18      0x604 C:/Users/amspa/.mcuxpressotools/arm-gnu-toolchain-13.2.Rel1-mingw-w64-i686-arm-none-eabi/bin/../lib/gcc/arm-none-eabi/13.2.1/thumb/v6-m/nofp\libgcc.a(divdf3.o)
                0x00002b18                __aeabi_ddiv
 .text.__aeabi_i2d
                0x0000311c       0x5c C:/Users/amspa/.mcuxpressotools/arm-gnu-toolchain-13.2.Rel1-mingw-w64-i686-arm-none-eabi/bin/../lib/gcc/arm-none-eabi/13.2.1/thumb/v6-m/nofp\libgcc.a(floatsidf.o)
                0x0000311c                __aeabi_i2d
 .text.__aeabi_d2f
                0x00003178      0x10c C:/Users/amspa/.mcuxpressotools/arm-gnu-toolchain-13.2.Rel1-mingw-w64-i686-arm-none-eabi/bin/../lib/gcc/arm-none-eabi/13.2.1/thumb/v6-m/nofp\libgcc.a(truncdfsf2.o)
                0x00003178                __aeabi_d2f
 .text.__eqsf2  0x00003284       0x50 C:/Users/amspa/.mcuxpressotools/arm-gnu-toolchain-13.2.Rel1-mingw-w64-i686-arm-none-eabi/bin/../lib/gcc/arm-none-eabi/13.2.1/thumb/v6-m/nofp\libgcc.a(eqsf2.o)
                0x00003284                __eqsf2
                0x00003284                __nesf2
 .text.__gesf2  0x000032d4       0x94 C:/Users/amspa/.mcuxpressotools/arm-gnu-toolchain-13.2.Rel1-mingw-w64-i686-arm-none-eabi/bin/../lib/gcc/arm-none-eabi/13.2.1/thumb/v6-m/nofp\libgcc.a(gesf2.o)
                0x000032d4                __gesf2
                0x000032d4                __gtsf2
 .text.__lesf2  0x00003368       0x90 C:/Users/amspa/.mcuxpressotools/arm-gnu-toolchain-13.2.Rel1-mingw-w64-i686-arm-none-eabi/bin/../lib/gcc/arm-none-eabi/13.2.1/thumb/v6-m/nofp\libgcc.a(lesf2.o)
                0x00003368                __ltsf2
                0x00003368                __lesf2
 .text.exit     0x000033f8       0x28 C:/Users/amspa/.mcuxpressotools/arm-gnu-toolchain-13.2.Rel1-mingw-w64-i686-arm-none-eabi/bin/../lib/gcc/arm-none-eabi/13.2.1/thumb/v6-m/nofp\libc_nano.a(libc_a-exit.o)
                0x000033f8                exit
 .text.memset   0x00003420       0x10 C:/Users/amspa/.mcuxpressotools/arm-gnu-toolchain-13.2.Rel1-mingw-w64-i686-arm-none-eabi/bin/../lib/gcc/arm-none-eabi/13.2.1/thumb/v6-m/nofp\libc_nano.a(libc_a-memset.o)
                0x00003420                memset
 .text.__libc_init_array
                0x00003430       0x48 C:/Users/amspa/.mcuxpressotools/arm-gnu-toolchain-13.2.Rel1-mingw-w64-i686-arm-none-eabi/bin/../lib/gcc/arm-none-eabi/13.2.1/thumb/v6-m/nofp\libc_nano.a(libc_a-init.o)
                0x00003430                __libc_init_array
 .text.memcpy   0x00003478       0x12 C:/Users/amspa/.mcuxpressotools/arm-gnu-toolchain-13.2.Rel1-mingw-w64-i686-arm-none-eabi/bin/../lib/gcc/arm-none-eabi/13.2.1/thumb/v6-m/nofp\libc_nano.a(libc_a-memcpy-stub.o)
                0x00003478                memcpy
 .text._exit    0x0000348a        0x2 C:/Users/amspa/.mcuxpressotools/arm-gnu-toolchain-13.2.Rel1-mingw-w64-i686-arm-none-eabi/bin/../lib/gcc/arm-none-eabi/13.2.1/../../../../arm-none-eabi/lib/thumb/v6-m/nofp\libcr_newlib_nohost.a(_exit.o)
                0x0000348a                _exit
 *(.rodata)
 .rodata        0x0000348c        0xe CMakeFiles/new_project.elf.dir/C_/Users/amspa/OneDrive/Documentos/GitHub/curso-lse/workspace_lpc845/03_light_control/main.c.obj
 *fill*         0x0000349a        0x2 
 .rodata        0x0000349c       0x7a CMakeFiles/new_project.elf.dir/C_/Users/amspa/OneDrive/Documentos/GitHub/curso-lse/workspace_lpc845/03_light_control/board.c.obj
 *fill*         0x00003516        0x2 
 .rodata        0x00003518       0x8e CMakeFiles/new_project.elf.dir/C_/Users/amspa/OneDrive/Documentos/GitHub/curso-lse/workspace_lpc845/03_light_control/clock_config.c.obj
 *fill*         0x000035a6        0x2 
 .rodata        0x000035a8      0x123 CMakeFiles/new_project.elf.dir/aab16d7c68e2680f2826f65fede69547/sdks/03_light_control_sdk/components/uart/fsl_adapter_miniusart.c.obj
 *fill*         0x000036cb        0x1 
 .rodata        0x000036cc       0xe4 CMakeFiles/new_project.elf.dir/48a823a1fcc432dc04b68ae57a773b23/workspace_lpc845/sdks/03_light_control_sdk/devices/LPC845/drivers/fsl_clock.c.obj
 .rodata        0x000037b0       0xa5 CMakeFiles/new_project.elf.dir/48a823a1fcc432dc04b68ae57a773b23/workspace_lpc845/sdks/03_light_control_sdk/devices/LPC845/drivers/fsl_gpio.c.obj
 *fill*         0x00003855        0x3 
 .rodata        0x00003858      0x140 CMakeFiles/new_project.elf.dir/48a823a1fcc432dc04b68ae57a773b23/workspace_lpc845/sdks/03_light_control_sdk/devices/LPC845/drivers/fsl_i2c.c.obj
 .rodata        0x00003998      0x2c3 CMakeFiles/new_project.elf.dir/48a823a1fcc432dc04b68ae57a773b23/workspace_lpc845/sdks/03_light_control_sdk/devices/LPC845/drivers/fsl_usart.c.obj
 *fill*         0x00003c5b        0x1 
 .rodata        0x00003c5c       0x92 CMakeFiles/new_project.elf.dir/48a823a1fcc432dc04b68ae57a773b23/workspace_lpc845/sdks/03_light_control_sdk/devices/LPC845/drivers/fsl_reset.c.obj
 *fill*         0x00003cee        0x2 
 .rodata        0x00003cf0       0xae CMakeFiles/new_project.elf.dir/48a823a1fcc432dc04b68ae57a773b23/workspace_lpc845/sdks/03_light_control_sdk/devices/LPC845/drivers/fsl_swm.c.obj
 *fill*         0x00003d9e        0x2 
 .rodata        0x00003da0       0x3e CMakeFiles/new_project.elf.dir/fc3d867dd78a25dcd36d2ad3a2df8c56/03_light_control_sdk/devices/LPC845/utilities/debug_console_lite/fsl_assert.c.obj
 *(.rodata*)
 *fill*         0x00003dde        0x2 
 .rodata.__func__.0
                0x00003de0       0x17 CMakeFiles/new_project.elf.dir/C_/Users/amspa/OneDrive/Documentos/GitHub/curso-lse/workspace_lpc845/03_light_control/board.c.obj
 *fill*         0x00003df7        0x1 
 .rodata.__func__.0
                0x00003df8       0x17 CMakeFiles/new_project.elf.dir/C_/Users/amspa/OneDrive/Documentos/GitHub/curso-lse/workspace_lpc845/03_light_control/clock_config.c.obj
 *fill*         0x00003e0f        0x1 
 .rodata.s_UsartAdapterBase
                0x00003e10       0x14 CMakeFiles/new_project.elf.dir/aab16d7c68e2680f2826f65fede69547/sdks/03_light_control_sdk/components/uart/fsl_adapter_miniusart.c.obj
 .rodata.__func__.5
                0x00003e24        0xd CMakeFiles/new_project.elf.dir/aab16d7c68e2680f2826f65fede69547/sdks/03_light_control_sdk/components/uart/fsl_adapter_miniusart.c.obj
 *fill*         0x00003e31        0x3 
 .rodata.__func__.3
                0x00003e34       0x18 CMakeFiles/new_project.elf.dir/aab16d7c68e2680f2826f65fede69547/sdks/03_light_control_sdk/components/uart/fsl_adapter_miniusart.c.obj
 .rodata.__func__.2
                0x00003e4c       0x15 CMakeFiles/new_project.elf.dir/aab16d7c68e2680f2826f65fede69547/sdks/03_light_control_sdk/components/uart/fsl_adapter_miniusart.c.obj
 *fill*         0x00003e61        0x3 
 .rodata.__func__.2
                0x00003e64       0x13 CMakeFiles/new_project.elf.dir/48a823a1fcc432dc04b68ae57a773b23/workspace_lpc845/sdks/03_light_control_sdk/devices/LPC845/drivers/fsl_clock.c.obj
 *fill*         0x00003e77        0x1 
 .rodata.s_gpioClockName
                0x00003e78        0x4 CMakeFiles/new_project.elf.dir/48a823a1fcc432dc04b68ae57a773b23/workspace_lpc845/sdks/03_light_control_sdk/devices/LPC845/drivers/fsl_gpio.c.obj
 .rodata.s_gpioResets
                0x00003e7c        0x8 CMakeFiles/new_project.elf.dir/48a823a1fcc432dc04b68ae57a773b23/workspace_lpc845/sdks/03_light_control_sdk/devices/LPC845/drivers/fsl_gpio.c.obj
 .rodata.__func__.0
                0x00003e84       0x15 CMakeFiles/new_project.elf.dir/48a823a1fcc432dc04b68ae57a773b23/workspace_lpc845/sdks/03_light_control_sdk/devices/LPC845/drivers/fsl_gpio.c.obj
 *fill*         0x00003e99        0x3 
 .rodata.s_i2cBases
                0x00003e9c       0x10 CMakeFiles/new_project.elf.dir/48a823a1fcc432dc04b68ae57a773b23/workspace_lpc845/sdks/03_light_control_sdk/devices/LPC845/drivers/fsl_i2c.c.obj
 .rodata.s_i2cClocks
                0x00003eac        0x8 CMakeFiles/new_project.elf.dir/48a823a1fcc432dc04b68ae57a773b23/workspace_lpc845/sdks/03_light_control_sdk/devices/LPC845/drivers/fsl_i2c.c.obj
 .rodata.s_i2cResets
                0x00003eb4       0x10 CMakeFiles/new_project.elf.dir/48a823a1fcc432dc04b68ae57a773b23/workspace_lpc845/sdks/03_light_control_sdk/devices/LPC845/drivers/fsl_i2c.c.obj
 .rodata.__func__.12
                0x00003ec4       0x10 CMakeFiles/new_project.elf.dir/48a823a1fcc432dc04b68ae57a773b23/workspace_lpc845/sdks/03_light_control_sdk/devices/LPC845/drivers/fsl_i2c.c.obj
 .rodata.__func__.11
                0x00003ed4       0x18 CMakeFiles/new_project.elf.dir/48a823a1fcc432dc04b68ae57a773b23/workspace_lpc845/sdks/03_light_control_sdk/devices/LPC845/drivers/fsl_i2c.c.obj
 .rodata.__func__.10
                0x00003eec       0x17 CMakeFiles/new_project.elf.dir/48a823a1fcc432dc04b68ae57a773b23/workspace_lpc845/sdks/03_light_control_sdk/devices/LPC845/drivers/fsl_i2c.c.obj
 *fill*         0x00003f03        0x1 
 .rodata.s_usartBaseAddrs
                0x00003f04       0x14 CMakeFiles/new_project.elf.dir/48a823a1fcc432dc04b68ae57a773b23/workspace_lpc845/sdks/03_light_control_sdk/devices/LPC845/drivers/fsl_usart.c.obj
 .rodata.s_usartClock
                0x00003f18        0xa CMakeFiles/new_project.elf.dir/48a823a1fcc432dc04b68ae57a773b23/workspace_lpc845/sdks/03_light_control_sdk/devices/LPC845/drivers/fsl_usart.c.obj
 *fill*         0x00003f22        0x2 
 .rodata.s_usartRest
                0x00003f24       0x14 CMakeFiles/new_project.elf.dir/48a823a1fcc432dc04b68ae57a773b23/workspace_lpc845/sdks/03_light_control_sdk/devices/LPC845/drivers/fsl_usart.c.obj
 .rodata.__func__.18
                0x00003f38       0x12 CMakeFiles/new_project.elf.dir/48a823a1fcc432dc04b68ae57a773b23/workspace_lpc845/sdks/03_light_control_sdk/devices/LPC845/drivers/fsl_usart.c.obj
 *fill*         0x00003f4a        0x2 
 .rodata.__func__.13
                0x00003f4c        0xb CMakeFiles/new_project.elf.dir/48a823a1fcc432dc04b68ae57a773b23/workspace_lpc845/sdks/03_light_control_sdk/devices/LPC845/drivers/fsl_usart.c.obj
 *fill*         0x00003f57        0x1 
 .rodata.__func__.11
                0x00003f58       0x17 CMakeFiles/new_project.elf.dir/48a823a1fcc432dc04b68ae57a773b23/workspace_lpc845/sdks/03_light_control_sdk/devices/LPC845/drivers/fsl_usart.c.obj
 *fill*         0x00003f6f        0x1 
 .rodata.__func__.10
                0x00003f70       0x12 CMakeFiles/new_project.elf.dir/48a823a1fcc432dc04b68ae57a773b23/workspace_lpc845/sdks/03_light_control_sdk/devices/LPC845/drivers/fsl_usart.c.obj
 *fill*         0x00003f82        0x2 
 .rodata.__func__.9
                0x00003f84       0x14 CMakeFiles/new_project.elf.dir/48a823a1fcc432dc04b68ae57a773b23/workspace_lpc845/sdks/03_light_control_sdk/devices/LPC845/drivers/fsl_usart.c.obj
 .rodata.__func__.8
                0x00003f98       0x13 CMakeFiles/new_project.elf.dir/48a823a1fcc432dc04b68ae57a773b23/workspace_lpc845/sdks/03_light_control_sdk/devices/LPC845/drivers/fsl_usart.c.obj
 *fill*         0x00003fab        0x1 
 .rodata.__func__.1
                0x00003fac       0x19 CMakeFiles/new_project.elf.dir/48a823a1fcc432dc04b68ae57a773b23/workspace_lpc845/sdks/03_light_control_sdk/devices/LPC845/drivers/fsl_reset.c.obj
 *fill*         0x00003fc5        0x3 
 .rodata.__func__.0
                0x00003fc8       0x1b CMakeFiles/new_project.elf.dir/48a823a1fcc432dc04b68ae57a773b23/workspace_lpc845/sdks/03_light_control_sdk/devices/LPC845/drivers/fsl_reset.c.obj
 *fill*         0x00003fe3        0x1 
 .rodata.__func__.1
                0x00003fe4       0x18 CMakeFiles/new_project.elf.dir/48a823a1fcc432dc04b68ae57a773b23/workspace_lpc845/sdks/03_light_control_sdk/devices/LPC845/drivers/fsl_swm.c.obj
 .rodata.__aeabi_ddiv
                0x00003ffc       0x40 C:/Users/amspa/.mcuxpressotools/arm-gnu-toolchain-13.2.Rel1-mingw-w64-i686-arm-none-eabi/bin/../lib/gcc/arm-none-eabi/13.2.1/thumb/v6-m/nofp\libgcc.a(divdf3.o)
 *(.glue_7)
 .glue_7        0x0000403c        0x0 linker stubs
 *(.glue_7t)
 .glue_7t       0x0000403c        0x0 linker stubs
 *(.eh_frame)
 .eh_frame      0x0000403c        0x0 C:/Users/amspa/.mcuxpressotools/arm-gnu-toolchain-13.2.Rel1-mingw-w64-i686-arm-none-eabi/bin/../lib/gcc/arm-none-eabi/13.2.1/thumb/v6-m/nofp/crtbegin.o
 *(.init)
 .init          0x0000403c        0x4 C:/Users/amspa/.mcuxpressotools/arm-gnu-toolchain-13.2.Rel1-mingw-w64-i686-arm-none-eabi/bin/../lib/gcc/arm-none-eabi/13.2.1/thumb/v6-m/nofp/crti.o
                0x0000403c                _init
 .init          0x00004040        0x8 C:/Users/amspa/.mcuxpressotools/arm-gnu-toolchain-13.2.Rel1-mingw-w64-i686-arm-none-eabi/bin/../lib/gcc/arm-none-eabi/13.2.1/thumb/v6-m/nofp/crtn.o
 *(.fini)
 .fini          0x00004048        0x4 C:/Users/amspa/.mcuxpressotools/arm-gnu-toolchain-13.2.Rel1-mingw-w64-i686-arm-none-eabi/bin/../lib/gcc/arm-none-eabi/13.2.1/thumb/v6-m/nofp/crti.o
                0x00004048                _fini
 .fini          0x0000404c        0x8 C:/Users/amspa/.mcuxpressotools/arm-gnu-toolchain-13.2.Rel1-mingw-w64-i686-arm-none-eabi/bin/../lib/gcc/arm-none-eabi/13.2.1/thumb/v6-m/nofp/crtn.o
                0x00004054                        . = ALIGN (0x4)

.vfp11_veneer   0x00004054        0x0
 .vfp11_veneer  0x00004054        0x0 linker stubs

.v4_bx          0x00004054        0x0
 .v4_bx         0x00004054        0x0 linker stubs

.iplt           0x00004054        0x0
 .iplt          0x00004054        0x0 C:/Users/amspa/.mcuxpressotools/arm-gnu-toolchain-13.2.Rel1-mingw-w64-i686-arm-none-eabi/bin/../lib/gcc/arm-none-eabi/13.2.1/thumb/v6-m/nofp/crtbegin.o

.ARM.extab
 *(.ARM.extab* .gnu.linkonce.armextab.*)

.ARM            0x00004054        0x8
                0x00004054                        __exidx_start = .
 *(.ARM.exidx*)
 .ARM.exidx     0x00004054        0x8 C:/Users/amspa/.mcuxpressotools/arm-gnu-toolchain-13.2.Rel1-mingw-w64-i686-arm-none-eabi/bin/../lib/gcc/arm-none-eabi/13.2.1/thumb/v6-m/nofp/crt0.o
                                 0x10 (size before relaxing)
                0x0000405c                        __exidx_end = .

.rel.dyn        0x0000405c        0x0
 .rel.iplt      0x0000405c        0x0 C:/Users/amspa/.mcuxpressotools/arm-gnu-toolchain-13.2.Rel1-mingw-w64-i686-arm-none-eabi/bin/../lib/gcc/arm-none-eabi/13.2.1/thumb/v6-m/nofp/crtbegin.o

.ctors          0x0000405c        0x0
                0x0000405c                        __CTOR_LIST__ = .
 *crtbegin.o(.ctors)
 *crtbegin?.o(.ctors)
 *(EXCLUDE_FILE(*crtend.o *crtend?.o) .ctors)
 *(SORT_BY_NAME(.ctors.*))
 *(.ctors)
                0x0000405c                        __CTOR_END__ = .

.dtors          0x0000405c        0x0
                0x0000405c                        __DTOR_LIST__ = .
 *crtbegin.o(.dtors)
 *crtbegin?.o(.dtors)
 *(EXCLUDE_FILE(*crtend.o *crtend?.o) .dtors)
 *(SORT_BY_NAME(.dtors.*))
 *(.dtors)
                0x0000405c                        __DTOR_END__ = .

.preinit_array  0x0000405c        0x0
                0x0000405c                        PROVIDE (__preinit_array_start = .)
 *(.preinit_array*)
                0x0000405c                        PROVIDE (__preinit_array_end = .)

.init_array     0x0000405c        0x4
                0x0000405c                        PROVIDE (__init_array_start = .)
 *(SORT_BY_NAME(.init_array.*))
 *(.init_array*)
 .init_array    0x0000405c        0x4 C:/Users/amspa/.mcuxpressotools/arm-gnu-toolchain-13.2.Rel1-mingw-w64-i686-arm-none-eabi/bin/../lib/gcc/arm-none-eabi/13.2.1/thumb/v6-m/nofp/crtbegin.o
                0x00004060                        PROVIDE (__init_array_end = .)

.fini_array     0x00004060        0x4
                [!provide]                        PROVIDE (__fini_array_start = .)
 *(SORT_BY_NAME(.fini_array.*))
 *(.fini_array*)
 .fini_array    0x00004060        0x4 C:/Users/amspa/.mcuxpressotools/arm-gnu-toolchain-13.2.Rel1-mingw-w64-i686-arm-none-eabi/bin/../lib/gcc/arm-none-eabi/13.2.1/thumb/v6-m/nofp/crtbegin.o
                [!provide]                        PROVIDE (__fini_array_end = .)
                0x00004064                        __etext = .
                0x00004064                        __DATA_ROM = .

.data           0x10000000        0x4 load address 0x00004064
                0x10000000                        . = ALIGN (0x4)
                0x10000000                        __DATA_RAM = .
                0x10000000                        __data_start__ = .
 *(.ramfunc*)
 *(.data)
 *(.data*)
 .data.SystemCoreClock
                0x10000000        0x4 CMakeFiles/new_project.elf.dir/48a823a1fcc432dc04b68ae57a773b23/workspace_lpc845/sdks/03_light_control_sdk/devices/LPC845/system_LPC845.c.obj
                0x10000000                SystemCoreClock
 *(.jcr*)
                0x10000004                        . = ALIGN (0x4)
                0x10000004                        __data_end__ = .
                0x00004068                        __DATA_END = (__DATA_ROM + (__data_end__ - __data_start__))
                0x00010000                        text_end = (ORIGIN (m_text) + LENGTH (m_text))
                0x00000001                        ASSERT ((__DATA_END <= text_end), region m_text overflowed with text and data)

.tm_clone_table
                0x10000004        0x0 load address 0x00004068
 .tm_clone_table
                0x10000004        0x0 C:/Users/amspa/.mcuxpressotools/arm-gnu-toolchain-13.2.Rel1-mingw-w64-i686-arm-none-eabi/bin/../lib/gcc/arm-none-eabi/13.2.1/thumb/v6-m/nofp/crtbegin.o
 .tm_clone_table
                0x10000004        0x0 C:/Users/amspa/.mcuxpressotools/arm-gnu-toolchain-13.2.Rel1-mingw-w64-i686-arm-none-eabi/bin/../lib/gcc/arm-none-eabi/13.2.1/thumb/v6-m/nofp/crtend.o

.igot.plt       0x10000004        0x0 load address 0x00004068
 .igot.plt      0x10000004        0x0 C:/Users/amspa/.mcuxpressotools/arm-gnu-toolchain-13.2.Rel1-mingw-w64-i686-arm-none-eabi/bin/../lib/gcc/arm-none-eabi/13.2.1/thumb/v6-m/nofp/crtbegin.o

.bss            0x10000004       0x6c load address 0x00004068
                0x10000004                        . = ALIGN (0x4)
                0x10000004                        __START_BSS = .
                0x10000004                        __bss_start__ = .
 *(.bss)
 *(.bss*)
 .bss.completed.1
                0x10000004        0x1 C:/Users/amspa/.mcuxpressotools/arm-gnu-toolchain-13.2.Rel1-mingw-w64-i686-arm-none-eabi/bin/../lib/gcc/arm-none-eabi/13.2.1/thumb/v6-m/nofp/crtbegin.o
 *fill*         0x10000005        0x3 
 .bss.object.0  0x10000008       0x18 C:/Users/amspa/.mcuxpressotools/arm-gnu-toolchain-13.2.Rel1-mingw-w64-i686-arm-none-eabi/bin/../lib/gcc/arm-none-eabi/13.2.1/thumb/v6-m/nofp/crtbegin.o
 .bss.g_Ext_Clk_Freq
                0x10000020        0x4 CMakeFiles/new_project.elf.dir/48a823a1fcc432dc04b68ae57a773b23/workspace_lpc845/sdks/03_light_control_sdk/devices/LPC845/drivers/fsl_clock.c.obj
                0x10000020                g_Ext_Clk_Freq
 .bss.g_Wdt_Osc_Freq
                0x10000024        0x4 CMakeFiles/new_project.elf.dir/48a823a1fcc432dc04b68ae57a773b23/workspace_lpc845/sdks/03_light_control_sdk/devices/LPC845/drivers/fsl_clock.c.obj
                0x10000024                g_Wdt_Osc_Freq
 .bss.s_i2cHandle
                0x10000028       0x10 CMakeFiles/new_project.elf.dir/48a823a1fcc432dc04b68ae57a773b23/workspace_lpc845/sdks/03_light_control_sdk/devices/LPC845/drivers/fsl_i2c.c.obj
 .bss.s_i2cMasterIsr
                0x10000038        0x4 CMakeFiles/new_project.elf.dir/48a823a1fcc432dc04b68ae57a773b23/workspace_lpc845/sdks/03_light_control_sdk/devices/LPC845/drivers/fsl_i2c.c.obj
 .bss.s_i2cSlaveIsr
                0x1000003c        0x4 CMakeFiles/new_project.elf.dir/48a823a1fcc432dc04b68ae57a773b23/workspace_lpc845/sdks/03_light_control_sdk/devices/LPC845/drivers/fsl_i2c.c.obj
 .bss.s_usartHandle
                0x10000040       0x14 CMakeFiles/new_project.elf.dir/48a823a1fcc432dc04b68ae57a773b23/workspace_lpc845/sdks/03_light_control_sdk/devices/LPC845/drivers/fsl_usart.c.obj
 .bss.s_usartIsr
                0x10000054        0x4 CMakeFiles/new_project.elf.dir/48a823a1fcc432dc04b68ae57a773b23/workspace_lpc845/sdks/03_light_control_sdk/devices/LPC845/drivers/fsl_usart.c.obj
 .bss.s_debugConsole
                0x10000058       0x14 CMakeFiles/new_project.elf.dir/2de6e8e67359880cf8048d154b134080/devices/LPC845/utilities/debug_console_lite/fsl_debug_console.c.obj
 .bss.__stdio_exit_handler
                0x1000006c        0x4 C:/Users/amspa/.mcuxpressotools/arm-gnu-toolchain-13.2.Rel1-mingw-w64-i686-arm-none-eabi/bin/../lib/gcc/arm-none-eabi/13.2.1/thumb/v6-m/nofp\libc_nano.a(libc_a-findfp.o)
                0x1000006c                __stdio_exit_handler
 *(COMMON)
                0x10000070                        . = ALIGN (0x4)
                0x10000070                        __bss_end__ = .
                0x10000070                        __END_BSS = .

.heap           0x10000070      0x400 load address 0x000040d4
                0x10000070                        . = ALIGN (0x8)
                0x10000070                        __end__ = .
                0x10000070                        PROVIDE (end = .)
                0x10000070                        __HeapBase = .
                0x10000470                        . = (. + HEAP_SIZE)
 *fill*         0x10000070      0x400 
                0x10000470                        __HeapLimit = .
                0x10000470                        __heap_limit = .

.stack          0x10000470      0x800 load address 0x000044d4
                0x10000470                        . = ALIGN (0x8)
                0x10000c70                        . = (. + STACK_SIZE)
 *fill*         0x10000470      0x800 
                0x10003fe0                        __StackTop = (ORIGIN (m_data) + LENGTH (m_data))
                0x100037e0                        __StackLimit = (__StackTop - STACK_SIZE)
                0x10003fe0                        PROVIDE (__stack = __StackTop)

.ARM.attributes
                0x00000000       0x28
 *(.ARM.attributes)
 .ARM.attributes
                0x00000000       0x1e C:/Users/amspa/.mcuxpressotools/arm-gnu-toolchain-13.2.Rel1-mingw-w64-i686-arm-none-eabi/bin/../lib/gcc/arm-none-eabi/13.2.1/thumb/v6-m/nofp/crti.o
 .ARM.attributes
                0x0000001e       0x2c C:/Users/amspa/.mcuxpressotools/arm-gnu-toolchain-13.2.Rel1-mingw-w64-i686-arm-none-eabi/bin/../lib/gcc/arm-none-eabi/13.2.1/thumb/v6-m/nofp/crtbegin.o
 .ARM.attributes
                0x0000004a       0x1b C:/Users/amspa/.mcuxpressotools/arm-gnu-toolchain-13.2.Rel1-mingw-w64-i686-arm-none-eabi/bin/../lib/gcc/arm-none-eabi/13.2.1/thumb/v6-m/nofp/crt0.o
 .ARM.attributes
                0x00000065       0x2c CMakeFiles/new_project.elf.dir/C_/Users/amspa/OneDrive/Documentos/GitHub/curso-lse/workspace_lpc845/03_light_control/main.c.obj
 .ARM.attributes
                0x00000091       0x2c CMakeFiles/new_project.elf.dir/C_/Users/amspa/OneDrive/Documentos/GitHub/curso-lse/workspace_lpc845/03_light_control/board.c.obj
 .ARM.attributes
                0x000000bd       0x2c CMakeFiles/new_project.elf.dir/C_/Users/amspa/OneDrive/Documentos/GitHub/curso-lse/workspace_lpc845/03_light_control/clock_config.c.obj
 .ARM.attributes
                0x000000e9       0x2c CMakeFiles/new_project.elf.dir/aab16d7c68e2680f2826f65fede69547/sdks/03_light_control_sdk/components/uart/fsl_adapter_miniusart.c.obj
 .ARM.attributes
                0x00000115       0x1b CMakeFiles/new_project.elf.dir/48a823a1fcc432dc04b68ae57a773b23/workspace_lpc845/sdks/03_light_control_sdk/devices/LPC845/gcc/startup_LPC845.S.obj
 .ARM.attributes
                0x00000130       0x2c CMakeFiles/new_project.elf.dir/48a823a1fcc432dc04b68ae57a773b23/workspace_lpc845/sdks/03_light_control_sdk/devices/LPC845/system_LPC845.c.obj
 .ARM.attributes
                0x0000015c       0x2c CMakeFiles/new_project.elf.dir/48a823a1fcc432dc04b68ae57a773b23/workspace_lpc845/sdks/03_light_control_sdk/devices/LPC845/drivers/fsl_clock.c.obj
 .ARM.attributes
                0x00000188       0x2c CMakeFiles/new_project.elf.dir/48a823a1fcc432dc04b68ae57a773b23/workspace_lpc845/sdks/03_light_control_sdk/devices/LPC845/drivers/fsl_gpio.c.obj
 .ARM.attributes
                0x000001b4       0x2c CMakeFiles/new_project.elf.dir/48a823a1fcc432dc04b68ae57a773b23/workspace_lpc845/sdks/03_light_control_sdk/devices/LPC845/drivers/fsl_i2c.c.obj
 .ARM.attributes
                0x000001e0       0x2c CMakeFiles/new_project.elf.dir/48a823a1fcc432dc04b68ae57a773b23/workspace_lpc845/sdks/03_light_control_sdk/devices/LPC845/drivers/fsl_usart.c.obj
 .ARM.attributes
                0x0000020c       0x2c CMakeFiles/new_project.elf.dir/48a823a1fcc432dc04b68ae57a773b23/workspace_lpc845/sdks/03_light_control_sdk/devices/LPC845/drivers/fsl_reset.c.obj
 .ARM.attributes
                0x00000238       0x2c CMakeFiles/new_project.elf.dir/48a823a1fcc432dc04b68ae57a773b23/workspace_lpc845/sdks/03_light_control_sdk/devices/LPC845/drivers/fsl_swm.c.obj
 .ARM.attributes
                0x00000264       0x2c CMakeFiles/new_project.elf.dir/fc3d867dd78a25dcd36d2ad3a2df8c56/03_light_control_sdk/devices/LPC845/utilities/debug_console_lite/fsl_assert.c.obj
 .ARM.attributes
                0x00000290       0x2c CMakeFiles/new_project.elf.dir/2de6e8e67359880cf8048d154b134080/devices/LPC845/utilities/debug_console_lite/fsl_debug_console.c.obj
 .ARM.attributes
                0x000002bc       0x1e C:/Users/amspa/.mcuxpressotools/arm-gnu-toolchain-13.2.Rel1-mingw-w64-i686-arm-none-eabi/bin/../lib/gcc/arm-none-eabi/13.2.1/thumb/v6-m/nofp\libgcc.a(_udivsi3.o)
 .ARM.attributes
                0x000002da       0x1e C:/Users/amspa/.mcuxpressotools/arm-gnu-toolchain-13.2.Rel1-mingw-w64-i686-arm-none-eabi/bin/../lib/gcc/arm-none-eabi/13.2.1/thumb/v6-m/nofp\libgcc.a(_dvmd_tls.o)
 .ARM.attributes
                0x000002f8       0x2c C:/Users/amspa/.mcuxpressotools/arm-gnu-toolchain-13.2.Rel1-mingw-w64-i686-arm-none-eabi/bin/../lib/gcc/arm-none-eabi/13.2.1/thumb/v6-m/nofp\libgcc.a(_fixunssfsi.o)
 .ARM.attributes
                0x00000324       0x2c C:/Users/amspa/.mcuxpressotools/arm-gnu-toolchain-13.2.Rel1-mingw-w64-i686-arm-none-eabi/bin/../lib/gcc/arm-none-eabi/13.2.1/thumb/v6-m/nofp\libgcc.a(subsf3.o)
 .ARM.attributes
                0x00000350       0x2c C:/Users/amspa/.mcuxpressotools/arm-gnu-toolchain-13.2.Rel1-mingw-w64-i686-arm-none-eabi/bin/../lib/gcc/arm-none-eabi/13.2.1/thumb/v6-m/nofp\libgcc.a(fixsfsi.o)
 .ARM.attributes
                0x0000037c       0x2c C:/Users/amspa/.mcuxpressotools/arm-gnu-toolchain-13.2.Rel1-mingw-w64-i686-arm-none-eabi/bin/../lib/gcc/arm-none-eabi/13.2.1/thumb/v6-m/nofp\libgcc.a(divdf3.o)
 .ARM.attributes
                0x000003a8       0x2c C:/Users/amspa/.mcuxpressotools/arm-gnu-toolchain-13.2.Rel1-mingw-w64-i686-arm-none-eabi/bin/../lib/gcc/arm-none-eabi/13.2.1/thumb/v6-m/nofp\libgcc.a(floatsidf.o)
 .ARM.attributes
                0x000003d4       0x2c C:/Users/amspa/.mcuxpressotools/arm-gnu-toolchain-13.2.Rel1-mingw-w64-i686-arm-none-eabi/bin/../lib/gcc/arm-none-eabi/13.2.1/thumb/v6-m/nofp\libgcc.a(truncdfsf2.o)
 .ARM.attributes
                0x00000400       0x1e C:/Users/amspa/.mcuxpressotools/arm-gnu-toolchain-13.2.Rel1-mingw-w64-i686-arm-none-eabi/bin/../lib/gcc/arm-none-eabi/13.2.1/thumb/v6-m/nofp\libgcc.a(_arm_cmpsf2.o)
 .ARM.attributes
                0x0000041e       0x1e C:/Users/amspa/.mcuxpressotools/arm-gnu-toolchain-13.2.Rel1-mingw-w64-i686-arm-none-eabi/bin/../lib/gcc/arm-none-eabi/13.2.1/thumb/v6-m/nofp\libgcc.a(_clzsi2.o)
 .ARM.attributes
                0x0000043c       0x2c C:/Users/amspa/.mcuxpressotools/arm-gnu-toolchain-13.2.Rel1-mingw-w64-i686-arm-none-eabi/bin/../lib/gcc/arm-none-eabi/13.2.1/thumb/v6-m/nofp\libgcc.a(eqsf2.o)
 .ARM.attributes
                0x00000468       0x2c C:/Users/amspa/.mcuxpressotools/arm-gnu-toolchain-13.2.Rel1-mingw-w64-i686-arm-none-eabi/bin/../lib/gcc/arm-none-eabi/13.2.1/thumb/v6-m/nofp\libgcc.a(gesf2.o)
 .ARM.attributes
                0x00000494       0x2c C:/Users/amspa/.mcuxpressotools/arm-gnu-toolchain-13.2.Rel1-mingw-w64-i686-arm-none-eabi/bin/../lib/gcc/arm-none-eabi/13.2.1/thumb/v6-m/nofp\libgcc.a(lesf2.o)
 .ARM.attributes
                0x000004c0       0x2c C:/Users/amspa/.mcuxpressotools/arm-gnu-toolchain-13.2.Rel1-mingw-w64-i686-arm-none-eabi/bin/../lib/gcc/arm-none-eabi/13.2.1/thumb/v6-m/nofp\libc_nano.a(libc_a-exit.o)
 .ARM.attributes
                0x000004ec       0x2c C:/Users/amspa/.mcuxpressotools/arm-gnu-toolchain-13.2.Rel1-mingw-w64-i686-arm-none-eabi/bin/../lib/gcc/arm-none-eabi/13.2.1/thumb/v6-m/nofp\libc_nano.a(libc_a-findfp.o)
 .ARM.attributes
                0x00000518       0x2c C:/Users/amspa/.mcuxpressotools/arm-gnu-toolchain-13.2.Rel1-mingw-w64-i686-arm-none-eabi/bin/../lib/gcc/arm-none-eabi/13.2.1/thumb/v6-m/nofp\libc_nano.a(libc_a-memset.o)
 .ARM.attributes
                0x00000544       0x2c C:/Users/amspa/.mcuxpressotools/arm-gnu-toolchain-13.2.Rel1-mingw-w64-i686-arm-none-eabi/bin/../lib/gcc/arm-none-eabi/13.2.1/thumb/v6-m/nofp\libc_nano.a(libc_a-init.o)
 .ARM.attributes
                0x00000570       0x2c C:/Users/amspa/.mcuxpressotools/arm-gnu-toolchain-13.2.Rel1-mingw-w64-i686-arm-none-eabi/bin/../lib/gcc/arm-none-eabi/13.2.1/thumb/v6-m/nofp\libc_nano.a(libc_a-memcpy-stub.o)
 .ARM.attributes
                0x0000059c       0x1c C:/Users/amspa/.mcuxpressotools/arm-gnu-toolchain-13.2.Rel1-mingw-w64-i686-arm-none-eabi/bin/../lib/gcc/arm-none-eabi/13.2.1/thumb/v6-m/nofp\libc_nano.a(libc_a-strlen.o)
 .ARM.attributes
                0x000005b8       0x2c C:/Users/amspa/.mcuxpressotools/arm-gnu-toolchain-13.2.Rel1-mingw-w64-i686-arm-none-eabi/bin/../lib/gcc/arm-none-eabi/13.2.1/../../../../arm-none-eabi/lib/thumb/v6-m/nofp\libcr_newlib_nohost.a(_exit.o)
 .ARM.attributes
                0x000005e4       0x2c C:/Users/amspa/.mcuxpressotools/arm-gnu-toolchain-13.2.Rel1-mingw-w64-i686-arm-none-eabi/bin/../lib/gcc/arm-none-eabi/13.2.1/thumb/v6-m/nofp/crtend.o
 .ARM.attributes
                0x00000610       0x1e C:/Users/amspa/.mcuxpressotools/arm-gnu-toolchain-13.2.Rel1-mingw-w64-i686-arm-none-eabi/bin/../lib/gcc/arm-none-eabi/13.2.1/thumb/v6-m/nofp/crtn.o
                0x00000001                        ASSERT ((__StackLimit >= __HeapLimit), region m_data overflowed with stack and heap)
OUTPUT(new_project.elf elf32-littlearm)
LOAD linker stubs

.debug_line_str
                0x00000000      0x374
 .debug_line_str
                0x00000000      0x374 C:/Users/amspa/.mcuxpressotools/arm-gnu-toolchain-13.2.Rel1-mingw-w64-i686-arm-none-eabi/bin/../lib/gcc/arm-none-eabi/13.2.1/thumb/v6-m/nofp/crt0.o
                                 0xd2 (size before relaxing)
 .debug_line_str
                0x00000374       0xe6 CMakeFiles/new_project.elf.dir/48a823a1fcc432dc04b68ae57a773b23/workspace_lpc845/sdks/03_light_control_sdk/devices/LPC845/gcc/startup_LPC845.S.obj
 .debug_line_str
                0x00000374       0xc9 C:/Users/amspa/.mcuxpressotools/arm-gnu-toolchain-13.2.Rel1-mingw-w64-i686-arm-none-eabi/bin/../lib/gcc/arm-none-eabi/13.2.1/thumb/v6-m/nofp\libgcc.a(_udivsi3.o)
 .debug_line_str
                0x00000374       0xc9 C:/Users/amspa/.mcuxpressotools/arm-gnu-toolchain-13.2.Rel1-mingw-w64-i686-arm-none-eabi/bin/../lib/gcc/arm-none-eabi/13.2.1/thumb/v6-m/nofp\libgcc.a(_dvmd_tls.o)
 .debug_line_str
                0x00000374       0xc9 C:/Users/amspa/.mcuxpressotools/arm-gnu-toolchain-13.2.Rel1-mingw-w64-i686-arm-none-eabi/bin/../lib/gcc/arm-none-eabi/13.2.1/thumb/v6-m/nofp\libgcc.a(_arm_cmpsf2.o)
 .debug_line_str
                0x00000374       0xc9 C:/Users/amspa/.mcuxpressotools/arm-gnu-toolchain-13.2.Rel1-mingw-w64-i686-arm-none-eabi/bin/../lib/gcc/arm-none-eabi/13.2.1/thumb/v6-m/nofp\libgcc.a(_clzsi2.o)
 .debug_line_str
                0x00000374       0xe7 C:/Users/amspa/.mcuxpressotools/arm-gnu-toolchain-13.2.Rel1-mingw-w64-i686-arm-none-eabi/bin/../lib/gcc/arm-none-eabi/13.2.1/thumb/v6-m/nofp\libc_nano.a(libc_a-strlen.o)

.debug_info     0x00000000     0xc2fb
 .debug_info    0x00000000     0x13a4 CMakeFiles/new_project.elf.dir/C_/Users/amspa/OneDrive/Documentos/GitHub/curso-lse/workspace_lpc845/03_light_control/main.c.obj
 .debug_info    0x000013a4      0xcff CMakeFiles/new_project.elf.dir/C_/Users/amspa/OneDrive/Documentos/GitHub/curso-lse/workspace_lpc845/03_light_control/board.c.obj
 .debug_info    0x000020a3      0xa3e CMakeFiles/new_project.elf.dir/C_/Users/amspa/OneDrive/Documentos/GitHub/curso-lse/workspace_lpc845/03_light_control/clock_config.c.obj
 .debug_info    0x00002ae1      0xb98 CMakeFiles/new_project.elf.dir/aab16d7c68e2680f2826f65fede69547/sdks/03_light_control_sdk/components/uart/fsl_adapter_miniusart.c.obj
 .debug_info    0x00003679      0x37b CMakeFiles/new_project.elf.dir/48a823a1fcc432dc04b68ae57a773b23/workspace_lpc845/sdks/03_light_control_sdk/devices/LPC845/gcc/startup_LPC845.S.obj
 .debug_info    0x000039f4      0x60e CMakeFiles/new_project.elf.dir/48a823a1fcc432dc04b68ae57a773b23/workspace_lpc845/sdks/03_light_control_sdk/devices/LPC845/system_LPC845.c.obj
 .debug_info    0x00004002     0x12f9 CMakeFiles/new_project.elf.dir/48a823a1fcc432dc04b68ae57a773b23/workspace_lpc845/sdks/03_light_control_sdk/devices/LPC845/drivers/fsl_clock.c.obj
 .debug_info    0x000052fb      0xde8 CMakeFiles/new_project.elf.dir/48a823a1fcc432dc04b68ae57a773b23/workspace_lpc845/sdks/03_light_control_sdk/devices/LPC845/drivers/fsl_gpio.c.obj
 .debug_info    0x000060e3     0x272b CMakeFiles/new_project.elf.dir/48a823a1fcc432dc04b68ae57a773b23/workspace_lpc845/sdks/03_light_control_sdk/devices/LPC845/drivers/fsl_i2c.c.obj
 .debug_info    0x0000880e     0x1dce CMakeFiles/new_project.elf.dir/48a823a1fcc432dc04b68ae57a773b23/workspace_lpc845/sdks/03_light_control_sdk/devices/LPC845/drivers/fsl_usart.c.obj
 .debug_info    0x0000a5dc      0x719 CMakeFiles/new_project.elf.dir/48a823a1fcc432dc04b68ae57a773b23/workspace_lpc845/sdks/03_light_control_sdk/devices/LPC845/drivers/fsl_reset.c.obj
 .debug_info    0x0000acf5      0x76a CMakeFiles/new_project.elf.dir/48a823a1fcc432dc04b68ae57a773b23/workspace_lpc845/sdks/03_light_control_sdk/devices/LPC845/drivers/fsl_swm.c.obj
 .debug_info    0x0000b45f      0x126 CMakeFiles/new_project.elf.dir/fc3d867dd78a25dcd36d2ad3a2df8c56/03_light_control_sdk/devices/LPC845/utilities/debug_console_lite/fsl_assert.c.obj
 .debug_info    0x0000b585      0xcd3 CMakeFiles/new_project.elf.dir/2de6e8e67359880cf8048d154b134080/devices/LPC845/utilities/debug_console_lite/fsl_debug_console.c.obj
 .debug_info    0x0000c258       0xa3 C:/Users/amspa/.mcuxpressotools/arm-gnu-toolchain-13.2.Rel1-mingw-w64-i686-arm-none-eabi/bin/../lib/gcc/arm-none-eabi/13.2.1/../../../../arm-none-eabi/lib/thumb/v6-m/nofp\libcr_newlib_nohost.a(_exit.o)

.debug_abbrev   0x00000000     0x1d59
 .debug_abbrev  0x00000000      0x2b3 CMakeFiles/new_project.elf.dir/C_/Users/amspa/OneDrive/Documentos/GitHub/curso-lse/workspace_lpc845/03_light_control/main.c.obj
 .debug_abbrev  0x000002b3      0x1fc CMakeFiles/new_project.elf.dir/C_/Users/amspa/OneDrive/Documentos/GitHub/curso-lse/workspace_lpc845/03_light_control/board.c.obj
 .debug_abbrev  0x000004af      0x270 CMakeFiles/new_project.elf.dir/C_/Users/amspa/OneDrive/Documentos/GitHub/curso-lse/workspace_lpc845/03_light_control/clock_config.c.obj
 .debug_abbrev  0x0000071f      0x1e3 CMakeFiles/new_project.elf.dir/aab16d7c68e2680f2826f65fede69547/sdks/03_light_control_sdk/components/uart/fsl_adapter_miniusart.c.obj
 .debug_abbrev  0x00000902       0x26 CMakeFiles/new_project.elf.dir/48a823a1fcc432dc04b68ae57a773b23/workspace_lpc845/sdks/03_light_control_sdk/devices/LPC845/gcc/startup_LPC845.S.obj
 .debug_abbrev  0x00000928      0x16b CMakeFiles/new_project.elf.dir/48a823a1fcc432dc04b68ae57a773b23/workspace_lpc845/sdks/03_light_control_sdk/devices/LPC845/system_LPC845.c.obj
 .debug_abbrev  0x00000a93      0x343 CMakeFiles/new_project.elf.dir/48a823a1fcc432dc04b68ae57a773b23/workspace_lpc845/sdks/03_light_control_sdk/devices/LPC845/drivers/fsl_clock.c.obj
 .debug_abbrev  0x00000dd6      0x1e8 CMakeFiles/new_project.elf.dir/48a823a1fcc432dc04b68ae57a773b23/workspace_lpc845/sdks/03_light_control_sdk/devices/LPC845/drivers/fsl_gpio.c.obj
 .debug_abbrev  0x00000fbe      0x3e8 CMakeFiles/new_project.elf.dir/48a823a1fcc432dc04b68ae57a773b23/workspace_lpc845/sdks/03_light_control_sdk/devices/LPC845/drivers/fsl_i2c.c.obj
 .debug_abbrev  0x000013a6      0x38f CMakeFiles/new_project.elf.dir/48a823a1fcc432dc04b68ae57a773b23/workspace_lpc845/sdks/03_light_control_sdk/devices/LPC845/drivers/fsl_usart.c.obj
 .debug_abbrev  0x00001735      0x153 CMakeFiles/new_project.elf.dir/48a823a1fcc432dc04b68ae57a773b23/workspace_lpc845/sdks/03_light_control_sdk/devices/LPC845/drivers/fsl_reset.c.obj
 .debug_abbrev  0x00001888      0x180 CMakeFiles/new_project.elf.dir/48a823a1fcc432dc04b68ae57a773b23/workspace_lpc845/sdks/03_light_control_sdk/devices/LPC845/drivers/fsl_swm.c.obj
 .debug_abbrev  0x00001a08       0xa8 CMakeFiles/new_project.elf.dir/fc3d867dd78a25dcd36d2ad3a2df8c56/03_light_control_sdk/devices/LPC845/utilities/debug_console_lite/fsl_assert.c.obj
 .debug_abbrev  0x00001ab0      0x242 CMakeFiles/new_project.elf.dir/2de6e8e67359880cf8048d154b134080/devices/LPC845/utilities/debug_console_lite/fsl_debug_console.c.obj
 .debug_abbrev  0x00001cf2       0x67 C:/Users/amspa/.mcuxpressotools/arm-gnu-toolchain-13.2.Rel1-mingw-w64-i686-arm-none-eabi/bin/../lib/gcc/arm-none-eabi/13.2.1/../../../../arm-none-eabi/lib/thumb/v6-m/nofp\libcr_newlib_nohost.a(_exit.o)

.debug_aranges  0x00000000      0x6a0
 .debug_aranges
                0x00000000       0x38 CMakeFiles/new_project.elf.dir/C_/Users/amspa/OneDrive/Documentos/GitHub/curso-lse/workspace_lpc845/03_light_control/main.c.obj
 .debug_aranges
                0x00000038       0x28 CMakeFiles/new_project.elf.dir/C_/Users/amspa/OneDrive/Documentos/GitHub/curso-lse/workspace_lpc845/03_light_control/board.c.obj
 .debug_aranges
                0x00000060       0x60 CMakeFiles/new_project.elf.dir/C_/Users/amspa/OneDrive/Documentos/GitHub/curso-lse/workspace_lpc845/03_light_control/clock_config.c.obj
 .debug_aranges
                0x000000c0       0x50 CMakeFiles/new_project.elf.dir/aab16d7c68e2680f2826f65fede69547/sdks/03_light_control_sdk/components/uart/fsl_adapter_miniusart.c.obj
 .debug_aranges
                0x00000110       0x20 CMakeFiles/new_project.elf.dir/48a823a1fcc432dc04b68ae57a773b23/workspace_lpc845/sdks/03_light_control_sdk/devices/LPC845/gcc/startup_LPC845.S.obj
 .debug_aranges
                0x00000130       0x30 CMakeFiles/new_project.elf.dir/48a823a1fcc432dc04b68ae57a773b23/workspace_lpc845/sdks/03_light_control_sdk/devices/LPC845/system_LPC845.c.obj
 .debug_aranges
                0x00000160      0x108 CMakeFiles/new_project.elf.dir/48a823a1fcc432dc04b68ae57a773b23/workspace_lpc845/sdks/03_light_control_sdk/devices/LPC845/drivers/fsl_clock.c.obj
 .debug_aranges
                0x00000268       0x38 CMakeFiles/new_project.elf.dir/48a823a1fcc432dc04b68ae57a773b23/workspace_lpc845/sdks/03_light_control_sdk/devices/LPC845/drivers/fsl_gpio.c.obj
 .debug_aranges
                0x000002a0      0x1c0 CMakeFiles/new_project.elf.dir/48a823a1fcc432dc04b68ae57a773b23/workspace_lpc845/sdks/03_light_control_sdk/devices/LPC845/drivers/fsl_i2c.c.obj
 .debug_aranges
                0x00000460      0x128 CMakeFiles/new_project.elf.dir/48a823a1fcc432dc04b68ae57a773b23/workspace_lpc845/sdks/03_light_control_sdk/devices/LPC845/drivers/fsl_usart.c.obj
 .debug_aranges
                0x00000588       0x30 CMakeFiles/new_project.elf.dir/48a823a1fcc432dc04b68ae57a773b23/workspace_lpc845/sdks/03_light_control_sdk/devices/LPC845/drivers/fsl_reset.c.obj
 .debug_aranges
                0x000005b8       0x28 CMakeFiles/new_project.elf.dir/48a823a1fcc432dc04b68ae57a773b23/workspace_lpc845/sdks/03_light_control_sdk/devices/LPC845/drivers/fsl_swm.c.obj
 .debug_aranges
                0x000005e0       0x28 CMakeFiles/new_project.elf.dir/fc3d867dd78a25dcd36d2ad3a2df8c56/03_light_control_sdk/devices/LPC845/utilities/debug_console_lite/fsl_assert.c.obj
 .debug_aranges
                0x00000608       0x78 CMakeFiles/new_project.elf.dir/2de6e8e67359880cf8048d154b134080/devices/LPC845/utilities/debug_console_lite/fsl_debug_console.c.obj
 .debug_aranges
                0x00000680       0x20 C:/Users/amspa/.mcuxpressotools/arm-gnu-toolchain-13.2.Rel1-mingw-w64-i686-arm-none-eabi/bin/../lib/gcc/arm-none-eabi/13.2.1/../../../../arm-none-eabi/lib/thumb/v6-m/nofp\libcr_newlib_nohost.a(_exit.o)

.debug_rnglists
                0x00000000      0x4e1
 .debug_rnglists
                0x00000000       0x26 CMakeFiles/new_project.elf.dir/C_/Users/amspa/OneDrive/Documentos/GitHub/curso-lse/workspace_lpc845/03_light_control/main.c.obj
 .debug_rnglists
                0x00000026       0x19 CMakeFiles/new_project.elf.dir/C_/Users/amspa/OneDrive/Documentos/GitHub/curso-lse/workspace_lpc845/03_light_control/board.c.obj
 .debug_rnglists
                0x0000003f       0x43 CMakeFiles/new_project.elf.dir/C_/Users/amspa/OneDrive/Documentos/GitHub/curso-lse/workspace_lpc845/03_light_control/clock_config.c.obj
 .debug_rnglists
                0x00000082       0x3a CMakeFiles/new_project.elf.dir/aab16d7c68e2680f2826f65fede69547/sdks/03_light_control_sdk/components/uart/fsl_adapter_miniusart.c.obj
 .debug_rnglists
                0x000000bc       0x20 CMakeFiles/new_project.elf.dir/48a823a1fcc432dc04b68ae57a773b23/workspace_lpc845/sdks/03_light_control_sdk/devices/LPC845/system_LPC845.c.obj
 .debug_rnglists
                0x000000dc       0xc9 CMakeFiles/new_project.elf.dir/48a823a1fcc432dc04b68ae57a773b23/workspace_lpc845/sdks/03_light_control_sdk/devices/LPC845/drivers/fsl_clock.c.obj
 .debug_rnglists
                0x000001a5       0x26 CMakeFiles/new_project.elf.dir/48a823a1fcc432dc04b68ae57a773b23/workspace_lpc845/sdks/03_light_control_sdk/devices/LPC845/drivers/fsl_gpio.c.obj
 .debug_rnglists
                0x000001cb      0x188 CMakeFiles/new_project.elf.dir/48a823a1fcc432dc04b68ae57a773b23/workspace_lpc845/sdks/03_light_control_sdk/devices/LPC845/drivers/fsl_i2c.c.obj
 .debug_rnglists
                0x00000353       0xe2 CMakeFiles/new_project.elf.dir/48a823a1fcc432dc04b68ae57a773b23/workspace_lpc845/sdks/03_light_control_sdk/devices/LPC845/drivers/fsl_usart.c.obj
 .debug_rnglists
                0x00000435       0x1f CMakeFiles/new_project.elf.dir/48a823a1fcc432dc04b68ae57a773b23/workspace_lpc845/sdks/03_light_control_sdk/devices/LPC845/drivers/fsl_reset.c.obj
 .debug_rnglists
                0x00000454       0x1b CMakeFiles/new_project.elf.dir/48a823a1fcc432dc04b68ae57a773b23/workspace_lpc845/sdks/03_light_control_sdk/devices/LPC845/drivers/fsl_swm.c.obj
 .debug_rnglists
                0x0000046f       0x19 CMakeFiles/new_project.elf.dir/fc3d867dd78a25dcd36d2ad3a2df8c56/03_light_control_sdk/devices/LPC845/utilities/debug_console_lite/fsl_assert.c.obj
 .debug_rnglists
                0x00000488       0x59 CMakeFiles/new_project.elf.dir/2de6e8e67359880cf8048d154b134080/devices/LPC845/utilities/debug_console_lite/fsl_debug_console.c.obj

.debug_line     0x00000000     0x5c8f
 .debug_line    0x00000000      0x5c6 CMakeFiles/new_project.elf.dir/C_/Users/amspa/OneDrive/Documentos/GitHub/curso-lse/workspace_lpc845/03_light_control/main.c.obj
 .debug_line    0x000005c6      0x423 CMakeFiles/new_project.elf.dir/C_/Users/amspa/OneDrive/Documentos/GitHub/curso-lse/workspace_lpc845/03_light_control/board.c.obj
 .debug_line    0x000009e9      0x4e5 CMakeFiles/new_project.elf.dir/C_/Users/amspa/OneDrive/Documentos/GitHub/curso-lse/workspace_lpc845/03_light_control/clock_config.c.obj
 .debug_line    0x00000ece      0x585 CMakeFiles/new_project.elf.dir/aab16d7c68e2680f2826f65fede69547/sdks/03_light_control_sdk/components/uart/fsl_adapter_miniusart.c.obj
 .debug_line    0x00001453      0x136 CMakeFiles/new_project.elf.dir/48a823a1fcc432dc04b68ae57a773b23/workspace_lpc845/sdks/03_light_control_sdk/devices/LPC845/gcc/startup_LPC845.S.obj
 .debug_line    0x00001589      0x466 CMakeFiles/new_project.elf.dir/48a823a1fcc432dc04b68ae57a773b23/workspace_lpc845/sdks/03_light_control_sdk/devices/LPC845/system_LPC845.c.obj
 .debug_line    0x000019ef      0xac0 CMakeFiles/new_project.elf.dir/48a823a1fcc432dc04b68ae57a773b23/workspace_lpc845/sdks/03_light_control_sdk/devices/LPC845/drivers/fsl_clock.c.obj
 .debug_line    0x000024af      0x3ac CMakeFiles/new_project.elf.dir/48a823a1fcc432dc04b68ae57a773b23/workspace_lpc845/sdks/03_light_control_sdk/devices/LPC845/drivers/fsl_gpio.c.obj
 .debug_line    0x0000285b     0x143e CMakeFiles/new_project.elf.dir/48a823a1fcc432dc04b68ae57a773b23/workspace_lpc845/sdks/03_light_control_sdk/devices/LPC845/drivers/fsl_i2c.c.obj
 .debug_line    0x00003c99      0xe72 CMakeFiles/new_project.elf.dir/48a823a1fcc432dc04b68ae57a773b23/workspace_lpc845/sdks/03_light_control_sdk/devices/LPC845/drivers/fsl_usart.c.obj
 .debug_line    0x00004b0b      0x34d CMakeFiles/new_project.elf.dir/48a823a1fcc432dc04b68ae57a773b23/workspace_lpc845/sdks/03_light_control_sdk/devices/LPC845/drivers/fsl_reset.c.obj
 .debug_line    0x00004e58      0x377 CMakeFiles/new_project.elf.dir/48a823a1fcc432dc04b68ae57a773b23/workspace_lpc845/sdks/03_light_control_sdk/devices/LPC845/drivers/fsl_swm.c.obj
 .debug_line    0x000051cf      0x17d CMakeFiles/new_project.elf.dir/fc3d867dd78a25dcd36d2ad3a2df8c56/03_light_control_sdk/devices/LPC845/utilities/debug_console_lite/fsl_assert.c.obj
 .debug_line    0x0000534c      0x8ff CMakeFiles/new_project.elf.dir/2de6e8e67359880cf8048d154b134080/devices/LPC845/utilities/debug_console_lite/fsl_debug_console.c.obj
 .debug_line    0x00005c4b       0x44 C:/Users/amspa/.mcuxpressotools/arm-gnu-toolchain-13.2.Rel1-mingw-w64-i686-arm-none-eabi/bin/../lib/gcc/arm-none-eabi/13.2.1/../../../../arm-none-eabi/lib/thumb/v6-m/nofp\libcr_newlib_nohost.a(_exit.o)

.debug_str      0x00000000     0x6315
 .debug_str     0x00000000     0x6315 CMakeFiles/new_project.elf.dir/C_/Users/amspa/OneDrive/Documentos/GitHub/curso-lse/workspace_lpc845/03_light_control/main.c.obj
                               0x1aef (size before relaxing)
 .debug_str     0x00006315     0x1b5b CMakeFiles/new_project.elf.dir/C_/Users/amspa/OneDrive/Documentos/GitHub/curso-lse/workspace_lpc845/03_light_control/board.c.obj
 .debug_str     0x00006315     0x1028 CMakeFiles/new_project.elf.dir/C_/Users/amspa/OneDrive/Documentos/GitHub/curso-lse/workspace_lpc845/03_light_control/clock_config.c.obj
 .debug_str     0x00006315     0x13ea CMakeFiles/new_project.elf.dir/aab16d7c68e2680f2826f65fede69547/sdks/03_light_control_sdk/components/uart/fsl_adapter_miniusart.c.obj
 .debug_str     0x00006315      0x6c6 CMakeFiles/new_project.elf.dir/48a823a1fcc432dc04b68ae57a773b23/workspace_lpc845/sdks/03_light_control_sdk/devices/LPC845/gcc/startup_LPC845.S.obj
 .debug_str     0x00006315      0x5d6 CMakeFiles/new_project.elf.dir/48a823a1fcc432dc04b68ae57a773b23/workspace_lpc845/sdks/03_light_control_sdk/devices/LPC845/system_LPC845.c.obj
 .debug_str     0x00006315     0x1889 CMakeFiles/new_project.elf.dir/48a823a1fcc432dc04b68ae57a773b23/workspace_lpc845/sdks/03_light_control_sdk/devices/LPC845/drivers/fsl_clock.c.obj
 .debug_str     0x00006315     0x1590 CMakeFiles/new_project.elf.dir/48a823a1fcc432dc04b68ae57a773b23/workspace_lpc845/sdks/03_light_control_sdk/devices/LPC845/drivers/fsl_gpio.c.obj
 .debug_str     0x00006315     0x26e3 CMakeFiles/new_project.elf.dir/48a823a1fcc432dc04b68ae57a773b23/workspace_lpc845/sdks/03_light_control_sdk/devices/LPC845/drivers/fsl_i2c.c.obj
 .debug_str     0x00006315     0x249c CMakeFiles/new_project.elf.dir/48a823a1fcc432dc04b68ae57a773b23/workspace_lpc845/sdks/03_light_control_sdk/devices/LPC845/drivers/fsl_usart.c.obj
 .debug_str     0x00006315      0x8b8 CMakeFiles/new_project.elf.dir/48a823a1fcc432dc04b68ae57a773b23/workspace_lpc845/sdks/03_light_control_sdk/devices/LPC845/drivers/fsl_reset.c.obj
 .debug_str     0x00006315      0xe37 CMakeFiles/new_project.elf.dir/48a823a1fcc432dc04b68ae57a773b23/workspace_lpc845/sdks/03_light_control_sdk/devices/LPC845/drivers/fsl_swm.c.obj
 .debug_str     0x00006315      0x29c CMakeFiles/new_project.elf.dir/fc3d867dd78a25dcd36d2ad3a2df8c56/03_light_control_sdk/devices/LPC845/utilities/debug_console_lite/fsl_assert.c.obj
 .debug_str     0x00006315     0x1436 CMakeFiles/new_project.elf.dir/2de6e8e67359880cf8048d154b134080/devices/LPC845/utilities/debug_console_lite/fsl_debug_console.c.obj
 .debug_str     0x00006315      0x1b8 C:/Users/amspa/.mcuxpressotools/arm-gnu-toolchain-13.2.Rel1-mingw-w64-i686-arm-none-eabi/bin/../lib/gcc/arm-none-eabi/13.2.1/../../../../arm-none-eabi/lib/thumb/v6-m/nofp\libcr_newlib_nohost.a(_exit.o)

.comment        0x00000000       0x44
 .comment       0x00000000       0x44 CMakeFiles/new_project.elf.dir/C_/Users/amspa/OneDrive/Documentos/GitHub/curso-lse/workspace_lpc845/03_light_control/main.c.obj
                                 0x45 (size before relaxing)
 .comment       0x00000044       0x45 CMakeFiles/new_project.elf.dir/C_/Users/amspa/OneDrive/Documentos/GitHub/curso-lse/workspace_lpc845/03_light_control/board.c.obj
 .comment       0x00000044       0x45 CMakeFiles/new_project.elf.dir/C_/Users/amspa/OneDrive/Documentos/GitHub/curso-lse/workspace_lpc845/03_light_control/clock_config.c.obj
 .comment       0x00000044       0x45 CMakeFiles/new_project.elf.dir/aab16d7c68e2680f2826f65fede69547/sdks/03_light_control_sdk/components/uart/fsl_adapter_miniusart.c.obj
 .comment       0x00000044       0x45 CMakeFiles/new_project.elf.dir/48a823a1fcc432dc04b68ae57a773b23/workspace_lpc845/sdks/03_light_control_sdk/devices/LPC845/system_LPC845.c.obj
 .comment       0x00000044       0x45 CMakeFiles/new_project.elf.dir/48a823a1fcc432dc04b68ae57a773b23/workspace_lpc845/sdks/03_light_control_sdk/devices/LPC845/drivers/fsl_clock.c.obj
 .comment       0x00000044       0x45 CMakeFiles/new_project.elf.dir/48a823a1fcc432dc04b68ae57a773b23/workspace_lpc845/sdks/03_light_control_sdk/devices/LPC845/drivers/fsl_gpio.c.obj
 .comment       0x00000044       0x45 CMakeFiles/new_project.elf.dir/48a823a1fcc432dc04b68ae57a773b23/workspace_lpc845/sdks/03_light_control_sdk/devices/LPC845/drivers/fsl_i2c.c.obj
 .comment       0x00000044       0x45 CMakeFiles/new_project.elf.dir/48a823a1fcc432dc04b68ae57a773b23/workspace_lpc845/sdks/03_light_control_sdk/devices/LPC845/drivers/fsl_usart.c.obj
 .comment       0x00000044       0x45 CMakeFiles/new_project.elf.dir/48a823a1fcc432dc04b68ae57a773b23/workspace_lpc845/sdks/03_light_control_sdk/devices/LPC845/drivers/fsl_reset.c.obj
 .comment       0x00000044       0x45 CMakeFiles/new_project.elf.dir/48a823a1fcc432dc04b68ae57a773b23/workspace_lpc845/sdks/03_light_control_sdk/devices/LPC845/drivers/fsl_swm.c.obj
 .comment       0x00000044       0x45 CMakeFiles/new_project.elf.dir/fc3d867dd78a25dcd36d2ad3a2df8c56/03_light_control_sdk/devices/LPC845/utilities/debug_console_lite/fsl_assert.c.obj
 .comment       0x00000044       0x45 CMakeFiles/new_project.elf.dir/2de6e8e67359880cf8048d154b134080/devices/LPC845/utilities/debug_console_lite/fsl_debug_console.c.obj
 .comment       0x00000044       0x45 C:/Users/amspa/.mcuxpressotools/arm-gnu-toolchain-13.2.Rel1-mingw-w64-i686-arm-none-eabi/bin/../lib/gcc/arm-none-eabi/13.2.1/../../../../arm-none-eabi/lib/thumb/v6-m/nofp\libcr_newlib_nohost.a(_exit.o)

.debug_frame    0x00000000     0x18e4
 .debug_frame   0x00000000       0x90 CMakeFiles/new_project.elf.dir/C_/Users/amspa/OneDrive/Documentos/GitHub/curso-lse/workspace_lpc845/03_light_control/main.c.obj
 .debug_frame   0x00000090       0x50 CMakeFiles/new_project.elf.dir/C_/Users/amspa/OneDrive/Documentos/GitHub/curso-lse/workspace_lpc845/03_light_control/board.c.obj
 .debug_frame   0x000000e0      0x120 CMakeFiles/new_project.elf.dir/C_/Users/amspa/OneDrive/Documentos/GitHub/curso-lse/workspace_lpc845/03_light_control/clock_config.c.obj
 .debug_frame   0x00000200       0xf0 CMakeFiles/new_project.elf.dir/aab16d7c68e2680f2826f65fede69547/sdks/03_light_control_sdk/components/uart/fsl_adapter_miniusart.c.obj
 .debug_frame   0x000002f0       0x68 CMakeFiles/new_project.elf.dir/48a823a1fcc432dc04b68ae57a773b23/workspace_lpc845/sdks/03_light_control_sdk/devices/LPC845/system_LPC845.c.obj
 .debug_frame   0x00000358      0x3cc CMakeFiles/new_project.elf.dir/48a823a1fcc432dc04b68ae57a773b23/workspace_lpc845/sdks/03_light_control_sdk/devices/LPC845/drivers/fsl_clock.c.obj
 .debug_frame   0x00000724       0x90 CMakeFiles/new_project.elf.dir/48a823a1fcc432dc04b68ae57a773b23/workspace_lpc845/sdks/03_light_control_sdk/devices/LPC845/drivers/fsl_gpio.c.obj
 .debug_frame   0x000007b4      0x6a4 CMakeFiles/new_project.elf.dir/48a823a1fcc432dc04b68ae57a773b23/workspace_lpc845/sdks/03_light_control_sdk/devices/LPC845/drivers/fsl_i2c.c.obj
 .debug_frame   0x00000e58      0x43c CMakeFiles/new_project.elf.dir/48a823a1fcc432dc04b68ae57a773b23/workspace_lpc845/sdks/03_light_control_sdk/devices/LPC845/drivers/fsl_usart.c.obj
 .debug_frame   0x00001294       0x70 CMakeFiles/new_project.elf.dir/48a823a1fcc432dc04b68ae57a773b23/workspace_lpc845/sdks/03_light_control_sdk/devices/LPC845/drivers/fsl_reset.c.obj
 .debug_frame   0x00001304       0x50 CMakeFiles/new_project.elf.dir/48a823a1fcc432dc04b68ae57a773b23/workspace_lpc845/sdks/03_light_control_sdk/devices/LPC845/drivers/fsl_swm.c.obj
 .debug_frame   0x00001354       0x50 CMakeFiles/new_project.elf.dir/fc3d867dd78a25dcd36d2ad3a2df8c56/03_light_control_sdk/devices/LPC845/utilities/debug_console_lite/fsl_assert.c.obj
 .debug_frame   0x000013a4      0x190 CMakeFiles/new_project.elf.dir/2de6e8e67359880cf8048d154b134080/devices/LPC845/utilities/debug_console_lite/fsl_debug_console.c.obj
 .debug_frame   0x00001534       0x20 C:/Users/amspa/.mcuxpressotools/arm-gnu-toolchain-13.2.Rel1-mingw-w64-i686-arm-none-eabi/bin/../lib/gcc/arm-none-eabi/13.2.1/thumb/v6-m/nofp\libgcc.a(_udivsi3.o)
 .debug_frame   0x00001554       0x28 C:/Users/amspa/.mcuxpressotools/arm-gnu-toolchain-13.2.Rel1-mingw-w64-i686-arm-none-eabi/bin/../lib/gcc/arm-none-eabi/13.2.1/thumb/v6-m/nofp\libgcc.a(_fixunssfsi.o)
 .debug_frame   0x0000157c       0x38 C:/Users/amspa/.mcuxpressotools/arm-gnu-toolchain-13.2.Rel1-mingw-w64-i686-arm-none-eabi/bin/../lib/gcc/arm-none-eabi/13.2.1/thumb/v6-m/nofp\libgcc.a(subsf3.o)
 .debug_frame   0x000015b4       0x20 C:/Users/amspa/.mcuxpressotools/arm-gnu-toolchain-13.2.Rel1-mingw-w64-i686-arm-none-eabi/bin/../lib/gcc/arm-none-eabi/13.2.1/thumb/v6-m/nofp\libgcc.a(fixsfsi.o)
 .debug_frame   0x000015d4       0x3c C:/Users/amspa/.mcuxpressotools/arm-gnu-toolchain-13.2.Rel1-mingw-w64-i686-arm-none-eabi/bin/../lib/gcc/arm-none-eabi/13.2.1/thumb/v6-m/nofp\libgcc.a(divdf3.o)
 .debug_frame   0x00001610       0x2c C:/Users/amspa/.mcuxpressotools/arm-gnu-toolchain-13.2.Rel1-mingw-w64-i686-arm-none-eabi/bin/../lib/gcc/arm-none-eabi/13.2.1/thumb/v6-m/nofp\libgcc.a(floatsidf.o)
 .debug_frame   0x0000163c       0x30 C:/Users/amspa/.mcuxpressotools/arm-gnu-toolchain-13.2.Rel1-mingw-w64-i686-arm-none-eabi/bin/../lib/gcc/arm-none-eabi/13.2.1/thumb/v6-m/nofp\libgcc.a(truncdfsf2.o)
 .debug_frame   0x0000166c       0x2c C:/Users/amspa/.mcuxpressotools/arm-gnu-toolchain-13.2.Rel1-mingw-w64-i686-arm-none-eabi/bin/../lib/gcc/arm-none-eabi/13.2.1/thumb/v6-m/nofp\libgcc.a(eqsf2.o)
 .debug_frame   0x00001698       0x2c C:/Users/amspa/.mcuxpressotools/arm-gnu-toolchain-13.2.Rel1-mingw-w64-i686-arm-none-eabi/bin/../lib/gcc/arm-none-eabi/13.2.1/thumb/v6-m/nofp\libgcc.a(gesf2.o)
 .debug_frame   0x000016c4       0x2c C:/Users/amspa/.mcuxpressotools/arm-gnu-toolchain-13.2.Rel1-mingw-w64-i686-arm-none-eabi/bin/../lib/gcc/arm-none-eabi/13.2.1/thumb/v6-m/nofp\libgcc.a(lesf2.o)
 .debug_frame   0x000016f0       0x28 C:/Users/amspa/.mcuxpressotools/arm-gnu-toolchain-13.2.Rel1-mingw-w64-i686-arm-none-eabi/bin/../lib/gcc/arm-none-eabi/13.2.1/thumb/v6-m/nofp\libc_nano.a(libc_a-exit.o)
 .debug_frame   0x00001718      0x138 C:/Users/amspa/.mcuxpressotools/arm-gnu-toolchain-13.2.Rel1-mingw-w64-i686-arm-none-eabi/bin/../lib/gcc/arm-none-eabi/13.2.1/thumb/v6-m/nofp\libc_nano.a(libc_a-findfp.o)
 .debug_frame   0x00001850       0x20 C:/Users/amspa/.mcuxpressotools/arm-gnu-toolchain-13.2.Rel1-mingw-w64-i686-arm-none-eabi/bin/../lib/gcc/arm-none-eabi/13.2.1/thumb/v6-m/nofp\libc_nano.a(libc_a-memset.o)
 .debug_frame   0x00001870       0x2c C:/Users/amspa/.mcuxpressotools/arm-gnu-toolchain-13.2.Rel1-mingw-w64-i686-arm-none-eabi/bin/../lib/gcc/arm-none-eabi/13.2.1/thumb/v6-m/nofp\libc_nano.a(libc_a-init.o)
 .debug_frame   0x0000189c       0x28 C:/Users/amspa/.mcuxpressotools/arm-gnu-toolchain-13.2.Rel1-mingw-w64-i686-arm-none-eabi/bin/../lib/gcc/arm-none-eabi/13.2.1/thumb/v6-m/nofp\libc_nano.a(libc_a-memcpy-stub.o)
 .debug_frame   0x000018c4       0x20 C:/Users/amspa/.mcuxpressotools/arm-gnu-toolchain-13.2.Rel1-mingw-w64-i686-arm-none-eabi/bin/../lib/gcc/arm-none-eabi/13.2.1/../../../../arm-none-eabi/lib/thumb/v6-m/nofp\libcr_newlib_nohost.a(_exit.o)

.debug_loc      0x00000000       0x15
 .debug_loc     0x00000000       0x15 C:/Users/amspa/.mcuxpressotools/arm-gnu-toolchain-13.2.Rel1-mingw-w64-i686-arm-none-eabi/bin/../lib/gcc/arm-none-eabi/13.2.1/../../../../arm-none-eabi/lib/thumb/v6-m/nofp\libcr_newlib_nohost.a(_exit.o)

.debug_ranges   0x00000000       0x10
 .debug_ranges  0x00000000       0x10 C:/Users/amspa/.mcuxpressotools/arm-gnu-toolchain-13.2.Rel1-mingw-w64-i686-arm-none-eabi/bin/../lib/gcc/arm-none-eabi/13.2.1/../../../../arm-none-eabi/lib/thumb/v6-m/nofp\libcr_newlib_nohost.a(_exit.o)
