Archive member included to satisfy reference by file (symbol)

/Users/faculedesma/.mcuxpressotools/arm-gnu-toolchain-13.2.Rel1-darwin-arm64-arm-none-eabi/bin/../lib/gcc/arm-none-eabi/13.2.1/thumb/v6-m/nofp/libgcc.a(_udivsi3.o)
                              CMakeFiles/new_project.elf.dir/Users/faculedesma/Documents/GitHub/curso-lse/trabajo_integrador/tp_final/app_tasks.c.obj (__aeabi_uidiv)
/Users/faculedesma/.mcuxpressotools/arm-gnu-toolchain-13.2.Rel1-darwin-arm64-arm-none-eabi/bin/../lib/gcc/arm-none-eabi/13.2.1/thumb/v6-m/nofp/libgcc.a(_divsi3.o)
                              CMakeFiles/new_project.elf.dir/Users/faculedesma/Documents/GitHub/curso-lse/trabajo_integrador/tp_final/app_tasks.c.obj (__aeabi_idiv)
/Users/faculedesma/.mcuxpressotools/arm-gnu-toolchain-13.2.Rel1-darwin-arm64-arm-none-eabi/bin/../lib/gcc/arm-none-eabi/13.2.1/thumb/v6-m/nofp/libgcc.a(_dvmd_tls.o)
                              /Users/faculedesma/.mcuxpressotools/arm-gnu-toolchain-13.2.Rel1-darwin-arm64-arm-none-eabi/bin/../lib/gcc/arm-none-eabi/13.2.1/thumb/v6-m/nofp/libgcc.a(_udivsi3.o) (__aeabi_idiv0)
/Users/faculedesma/.mcuxpressotools/arm-gnu-toolchain-13.2.Rel1-darwin-arm64-arm-none-eabi/bin/../lib/gcc/arm-none-eabi/13.2.1/thumb/v6-m/nofp/libgcc.a(_arm_cmpsf2.o)
                              CMakeFiles/new_project.elf.dir/Users/faculedesma/Documents/GitHub/curso-lse/trabajo_integrador/tp_final/app_tasks.c.obj (__aeabi_fcmplt)
/Users/faculedesma/.mcuxpressotools/arm-gnu-toolchain-13.2.Rel1-darwin-arm64-arm-none-eabi/bin/../lib/gcc/arm-none-eabi/13.2.1/thumb/v6-m/nofp/libgcc.a(_aeabi_uldivmod.o)
                              CMakeFiles/new_project.elf.dir/Users/faculedesma/Documents/GitHub/curso-lse/trabajo_integrador/sdks/tp_final_sdk/devices/LPC845/drivers/fsl_clock.c.obj (__aeabi_uldivmod)
/Users/faculedesma/.mcuxpressotools/arm-gnu-toolchain-13.2.Rel1-darwin-arm64-arm-none-eabi/bin/../lib/gcc/arm-none-eabi/13.2.1/thumb/v6-m/nofp/libgcc.a(_muldi3.o)
                              CMakeFiles/new_project.elf.dir/Users/faculedesma/Documents/GitHub/curso-lse/trabajo_integrador/sdks/tp_final_sdk/devices/LPC845/drivers/fsl_common_arm.c.obj (__aeabi_lmul)
/Users/faculedesma/.mcuxpressotools/arm-gnu-toolchain-13.2.Rel1-darwin-arm64-arm-none-eabi/bin/../lib/gcc/arm-none-eabi/13.2.1/thumb/v6-m/nofp/libgcc.a(_fixunssfsi.o)
                              CMakeFiles/new_project.elf.dir/Users/faculedesma/Documents/GitHub/curso-lse/trabajo_integrador/tp_final/app_tasks.c.obj (__aeabi_f2uiz)
/Users/faculedesma/.mcuxpressotools/arm-gnu-toolchain-13.2.Rel1-darwin-arm64-arm-none-eabi/bin/../lib/gcc/arm-none-eabi/13.2.1/thumb/v6-m/nofp/libgcc.a(_udivmoddi4.o)
                              /Users/faculedesma/.mcuxpressotools/arm-gnu-toolchain-13.2.Rel1-darwin-arm64-arm-none-eabi/bin/../lib/gcc/arm-none-eabi/13.2.1/thumb/v6-m/nofp/libgcc.a(_aeabi_uldivmod.o) (__udivmoddi4)
/Users/faculedesma/.mcuxpressotools/arm-gnu-toolchain-13.2.Rel1-darwin-arm64-arm-none-eabi/bin/../lib/gcc/arm-none-eabi/13.2.1/thumb/v6-m/nofp/libgcc.a(addsf3.o)
                              CMakeFiles/new_project.elf.dir/Users/faculedesma/Documents/GitHub/curso-lse/trabajo_integrador/tp_final/app_tasks.c.obj (__aeabi_fadd)
/Users/faculedesma/.mcuxpressotools/arm-gnu-toolchain-13.2.Rel1-darwin-arm64-arm-none-eabi/bin/../lib/gcc/arm-none-eabi/13.2.1/thumb/v6-m/nofp/libgcc.a(divsf3.o)
                              CMakeFiles/new_project.elf.dir/Users/faculedesma/Documents/GitHub/curso-lse/trabajo_integrador/tp_final/app_tasks.c.obj (__aeabi_fdiv)
/Users/faculedesma/.mcuxpressotools/arm-gnu-toolchain-13.2.Rel1-darwin-arm64-arm-none-eabi/bin/../lib/gcc/arm-none-eabi/13.2.1/thumb/v6-m/nofp/libgcc.a(eqsf2.o)
                              /Users/faculedesma/.mcuxpressotools/arm-gnu-toolchain-13.2.Rel1-darwin-arm64-arm-none-eabi/bin/../lib/gcc/arm-none-eabi/13.2.1/thumb/v6-m/nofp/libgcc.a(_arm_cmpsf2.o) (__eqsf2)
/Users/faculedesma/.mcuxpressotools/arm-gnu-toolchain-13.2.Rel1-darwin-arm64-arm-none-eabi/bin/../lib/gcc/arm-none-eabi/13.2.1/thumb/v6-m/nofp/libgcc.a(gesf2.o)
                              /Users/faculedesma/.mcuxpressotools/arm-gnu-toolchain-13.2.Rel1-darwin-arm64-arm-none-eabi/bin/../lib/gcc/arm-none-eabi/13.2.1/thumb/v6-m/nofp/libgcc.a(_arm_cmpsf2.o) (__gesf2)
/Users/faculedesma/.mcuxpressotools/arm-gnu-toolchain-13.2.Rel1-darwin-arm64-arm-none-eabi/bin/../lib/gcc/arm-none-eabi/13.2.1/thumb/v6-m/nofp/libgcc.a(lesf2.o)
                              /Users/faculedesma/.mcuxpressotools/arm-gnu-toolchain-13.2.Rel1-darwin-arm64-arm-none-eabi/bin/../lib/gcc/arm-none-eabi/13.2.1/thumb/v6-m/nofp/libgcc.a(_arm_cmpsf2.o) (__lesf2)
/Users/faculedesma/.mcuxpressotools/arm-gnu-toolchain-13.2.Rel1-darwin-arm64-arm-none-eabi/bin/../lib/gcc/arm-none-eabi/13.2.1/thumb/v6-m/nofp/libgcc.a(mulsf3.o)
                              CMakeFiles/new_project.elf.dir/Users/faculedesma/Documents/GitHub/curso-lse/trabajo_integrador/tp_final/app_tasks.c.obj (__aeabi_fmul)
[...]
Memory Configuration

Name             Origin             Length             Attributes
m_interrupts     0x00000000         0x00000200         xr
m_crp            0x000002fc         0x00000004         xr
m_text           0x00000300         0x0000fd00         xr
m_data           0x10000000         0x00003fe0         rw
*default*        0x00000000         0xffffffff

Linker script and memory map

LOAD /Users/faculedesma/.mcuxpressotools/arm-gnu-toolchain-13.2.Rel1-darwin-arm64-arm-none-eabi/bin/../lib/gcc/arm-none-eabi/13.2.1/thumb/v6-m/nofp/crti.o
LOAD /Users/faculedesma/.mcuxpressotools/arm-gnu-toolchain-13.2.Rel1-darwin-arm64-arm-none-eabi/bin/../lib/gcc/arm-none-eabi/13.2.1/thumb/v6-m/nofp/crtbegin.o
LOAD /Users/faculedesma/.mcuxpressotools/arm-gnu-toolchain-13.2.Rel1-darwin-arm64-arm-none-eabi/bin/../lib/gcc/arm-none-eabi/13.2.1/../../../../arm-none-eabi/lib/thumb/v6-m/nofp/crt0.o
LOAD CMakeFiles/new_project.elf.dir/Users/faculedesma/Documents/GitHub/curso-lse/trabajo_integrador/tp_final/main.c.obj
LOAD CMakeFiles/new_project.elf.dir/Users/faculedesma/Documents/GitHub/curso-lse/trabajo_integrador/tp_final/peripherals.c.obj
LOAD CMakeFiles/new_project.elf.dir/Users/faculedesma/Documents/GitHub/curso-lse/trabajo_integrador/tp_final/pin_mux.c.obj
LOAD CMakeFiles/new_project.elf.dir/Users/faculedesma/Documents/GitHub/curso-lse/trabajo_integrador/tp_final/board.c.obj
LOAD CMakeFiles/new_project.elf.dir/Users/faculedesma/Documents/GitHub/curso-lse/trabajo_integrador/tp_final/clock_config.c.obj
LOAD CMakeFiles/new_project.elf.dir/Users/faculedesma/Documents/GitHub/curso-lse/trabajo_integrador/tp_final/hardware_init.c.obj
LOAD CMakeFiles/new_project.elf.dir/Users/faculedesma/Documents/GitHub/curso-lse/trabajo_integrador/tp_final/app_tasks.c.obj
LOAD CMakeFiles/new_project.elf.dir/Users/faculedesma/Documents/GitHub/curso-lse/trabajo_integrador/tp_final/isr.c.obj
LOAD CMakeFiles/new_project.elf.dir/Users/faculedesma/Documents/GitHub/curso-lse/trabajo_integrador/tp_final/wrappers.c.obj
LOAD CMakeFiles/new_project.elf.dir/Users/faculedesma/Documents/GitHub/curso-lse/trabajo_integrador/sdks/tp_final_sdk/components/uart/fsl_adapter_miniusart.c.obj
LOAD CMakeFiles/new_project.elf.dir/Users/faculedesma/Documents/GitHub/curso-lse/trabajo_integrador/sdks/tp_final_sdk/devices/LPC845/gcc/startup_LPC845.S.obj
LOAD CMakeFiles/new_project.elf.dir/Users/faculedesma/Documents/GitHub/curso-lse/trabajo_integrador/sdks/tp_final_sdk/devices/LPC845/system_LPC845.c.obj
LOAD CMakeFiles/new_project.elf.dir/Users/faculedesma/Documents/GitHub/curso-lse/trabajo_integrador/sdks/tp_final_sdk/devices/LPC845/drivers/fsl_capt.c.obj
LOAD CMakeFiles/new_project.elf.dir/Users/faculedesma/Documents/GitHub/curso-lse/trabajo_integrador/sdks/tp_final_sdk/devices/LPC845/drivers/fsl_clock.c.obj
LOAD CMakeFiles/new_project.elf.dir/Users/faculedesma/Documents/GitHub/curso-lse/trabajo_integrador/sdks/tp_final_sdk/devices/LPC845/drivers/fsl_common.c.obj
LOAD CMakeFiles/new_project.elf.dir/Users/faculedesma/Documents/GitHub/curso-lse/trabajo_integrador/sdks/tp_final_sdk/devices/LPC845/drivers/fsl_common_arm.c.obj
LOAD CMakeFiles/new_project.elf.dir/Users/faculedesma/Documents/GitHub/curso-lse/trabajo_integrador/sdks/tp_final_sdk/devices/LPC845/drivers/fsl_inputmux.c.obj
LOAD CMakeFiles/new_project.elf.dir/Users/faculedesma/Documents/GitHub/curso-lse/trabajo_integrador/sdks/tp_final_sdk/devices/LPC845/drivers/fsl_adc.c.obj
LOAD CMakeFiles/new_project.elf.dir/Users/faculedesma/Documents/GitHub/curso-lse/trabajo_integrador/sdks/tp_final_sdk/devices/LPC845/drivers/fsl_gpio.c.obj
LOAD CMakeFiles/new_project.elf.dir/Users/faculedesma/Documents/GitHub/curso-lse/trabajo_integrador/sdks/tp_final_sdk/devices/LPC845/drivers/fsl_i2c.c.obj
LOAD CMakeFiles/new_project.elf.dir/Users/faculedesma/Documents/GitHub/curso-lse/trabajo_integrador/sdks/tp_final_sdk/devices/LPC845/drivers/fsl_usart.c.obj
LOAD CMakeFiles/new_project.elf.dir/Users/faculedesma/Documents/GitHub/curso-lse/trabajo_integrador/sdks/tp_final_sdk/devices/LPC845/drivers/fsl_pint.c.obj
LOAD CMakeFiles/new_project.elf.dir/Users/faculedesma/Documents/GitHub/curso-lse/trabajo_integrador/sdks/tp_final_sdk/devices/LPC845/drivers/fsl_power.c.obj
LOAD CMakeFiles/new_project.elf.dir/Users/faculedesma/Documents/GitHub/curso-lse/trabajo_integrador/sdks/tp_final_sdk/devices/LPC845/drivers/fsl_reset.c.obj
LOAD CMakeFiles/new_project.elf.dir/Users/faculedesma/Documents/GitHub/curso-lse/trabajo_integrador/sdks/tp_final_sdk/devices/LPC845/drivers/fsl_sctimer.c.obj
LOAD CMakeFiles/new_project.elf.dir/Users/faculedesma/Documents/GitHub/curso-lse/trabajo_integrador/sdks/tp_final_sdk/devices/LPC845/drivers/fsl_swm.c.obj
LOAD CMakeFiles/new_project.elf.dir/Users/faculedesma/Documents/GitHub/curso-lse/trabajo_integrador/sdks/tp_final_sdk/devices/LPC845/drivers/fsl_syscon.c.obj
LOAD CMakeFiles/new_project.elf.dir/Users/faculedesma/Documents/GitHub/curso-lse/trabajo_integrador/sdks/tp_final_sdk/devices/LPC845/utilities/fsl_syscall_stub.c.obj
LOAD CMakeFiles/new_project.elf.dir/Users/faculedesma/Documents/GitHub/curso-lse/trabajo_integrador/sdks/tp_final_sdk/devices/LPC845/utilities/fsl_sbrk.c.obj
LOAD CMakeFiles/new_project.elf.dir/Users/faculedesma/Documents/GitHub/curso-lse/trabajo_integrador/sdks/tp_final_sdk/devices/LPC845/utilities/debug_console_lite/fsl_assert.c.obj
LOAD CMakeFiles/new_project.elf.dir/Users/faculedesma/Documents/GitHub/curso-lse/trabajo_integrador/sdks/tp_final_sdk/devices/LPC845/utilities/debug_console_lite/fsl_debug_console.c.obj
LOAD CMakeFiles/new_project.elf.dir/Users/faculedesma/Documents/GitHub/curso-lse/trabajo_integrador/sdks/tp_final_sdk/devices/LPC845/utilities/str/fsl_str.c.obj
START GROUP
LOAD /Users/faculedesma/.mcuxpressotools/arm-gnu-toolchain-13.2.Rel1-darwin-arm64-arm-none-eabi/bin/../lib/gcc/arm-none-eabi/13.2.1/thumb/v6-m/nofp/libgcc.a
LOAD /Users/faculedesma/.mcuxpressotools/arm-gnu-toolchain-13.2.Rel1-darwin-arm64-arm-none-eabi/bin/../lib/gcc/arm-none-eabi/13.2.1/../../../../arm-none-eabi/lib/thumb/v6-m/nofp/libc_nano.a
LOAD /Users/faculedesma/.mcuxpressotools/arm-gnu-toolchain-13.2.Rel1-darwin-arm64-arm-none-eabi/bin/../lib/gcc/arm-none-eabi/13.2.1/../../../../arm-none-eabi/lib/thumb/v6-m/nofp/libm.a
LOAD /Users/faculedesma/.mcuxpressotools/arm-gnu-toolchain-13.2.Rel1-darwin-arm64-arm-none-eabi/bin/../lib/gcc/arm-none-eabi/13.2.1/../../../../arm-none-eabi/lib/thumb/v6-m/nofp/libcr_newlib_nohost.a
LOAD freertos/libfreertos.a
END GROUP
START GROUP
LOAD /Users/faculedesma/.mcuxpressotools/arm-gnu-toolchain-13.2.Rel1-darwin-arm64-arm-none-eabi/bin/../lib/gcc/arm-none-eabi/13.2.1/thumb/v6-m/nofp/libgcc.a
LOAD /Users/faculedesma/.mcuxpressotools/arm-gnu-toolchain-13.2.Rel1-darwin-arm64-arm-none-eabi/bin/../lib/gcc/arm-none-eabi/13.2.1/../../../../arm-none-eabi/lib/thumb/v6-m/nofp/libg_nano.a
LOAD /Users/faculedesma/.mcuxpressotools/arm-gnu-toolchain-13.2.Rel1-darwin-arm64-arm-none-eabi/bin/../lib/gcc/arm-none-eabi/13.2.1/../../../../arm-none-eabi/lib/thumb/v6-m/nofp/libc_nano.a
END GROUP
START GROUP
LOAD /Users/faculedesma/.mcuxpressotools/arm-gnu-toolchain-13.2.Rel1-darwin-arm64-arm-none-eabi/bin/../lib/gcc/arm-none-eabi/13.2.1/thumb/v6-m/nofp/libgcc.a
LOAD /Users/faculedesma/.mcuxpressotools/arm-gnu-toolchain-13.2.Rel1-darwin-arm64-arm-none-eabi/bin/../lib/gcc/arm-none-eabi/13.2.1/../../../../arm-none-eabi/lib/thumb/v6-m/nofp/libc_nano.a
LOAD /Users/faculedesma/.mcuxpressotools/arm-gnu-toolchain-13.2.Rel1-darwin-arm64-arm-none-eabi/bin/../lib/gcc/arm-none-eabi/13.2.1/../../../../arm-none-eabi/lib/thumb/v6-m/nofp/libnosys.a
END GROUP
START GROUP
LOAD /Users/faculedesma/.mcuxpressotools/arm-gnu-toolchain-13.2.Rel1-darwin-arm64-arm-none-eabi/bin/../lib/gcc/arm-none-eabi/13.2.1/thumb/v6-m/nofp/libgcc.a
LOAD /Users/faculedesma/.mcuxpressotools/arm-gnu-toolchain-13.2.Rel1-darwin-arm64-arm-none-eabi/bin/../lib/gcc/arm-none-eabi/13.2.1/../../../../arm-none-eabi/lib/thumb/v6-m/nofp/libc_nano.a
LOAD /Users/faculedesma/.mcuxpressotools/arm-gnu-toolchain-13.2.Rel1-darwin-arm64-arm-none-eabi/bin/../lib/gcc/arm-none-eabi/13.2.1/../../../../arm-none-eabi/lib/thumb/v6-m/nofp/libnosys.a
END GROUP
LOAD /Users/faculedesma/.mcuxpressotools/arm-gnu-toolchain-13.2.Rel1-darwin-arm64-arm-none-eabi/bin/../lib/gcc/arm-none-eabi/13.2.1/thumb/v6-m/nofp/crtend.o
LOAD /Users/faculedesma/.mcuxpressotools/arm-gnu-toolchain-13.2.Rel1-darwin-arm64-arm-none-eabi/bin/../lib/gcc/arm-none-eabi/13.2.1/thumb/v6-m/nofp/crtn.o
                0x00000400                        HEAP_SIZE = DEFINED (__heap_size__)?__heap_size__:0x400
                0x00000800                        STACK_SIZE = DEFINED (__stack_size__)?__stack_size__:0x800
                0xefffb4f9                        __valid_user_code_checksum = (0x0 - ((((__StackTop + Reset_Handler) + NMI_Handler) + HardFault_Handler) + 0x3))

.interrupts     0x00000000       0xc0
                0x00000000                        . = ALIGN (0x4)
 *(.isr_vector)
 .isr_vector    0x00000000       0xc0 CMakeFiles/new_project.elf.dir/Users/faculedesma/Documents/GitHub/curso-lse/trabajo_integrador/sdks/tp_final_sdk/devices/LPC845/gcc/startup_LPC845.S.obj
                0x00000000                __Vectors
                0x000000c0                        . = ALIGN (0x4)

.crp            0x000002fc        0x4
                0x000002fc                        . = ALIGN (0x4)
 *(.crp)
 .crp           0x000002fc        0x4 CMakeFiles/new_project.elf.dir/Users/faculedesma/Documents/GitHub/curso-lse/trabajo_integrador/sdks/tp_final_sdk/devices/LPC845/gcc/startup_LPC845.S.obj
                0x00000300                        . = ALIGN (0x4)

.text           0x00000300     0xaacc
                0x00000300                        . = ALIGN (0x4)
 *(.text)
 .text          0x00000300       0x80 /Users/faculedesma/.mcuxpressotools/arm-gnu-toolchain-13.2.Rel1-darwin-arm64-arm-none-eabi/bin/../lib/gcc/arm-none-eabi/13.2.1/../../../../arm-none-eabi/lib/thumb/v6-m/nofp/crt0.o
                0x00000300                _stack_init
                0x0000030c                _mainCRTStartup
                0x0000030c                _start
 .text          0x00000380      0x17c CMakeFiles/new_project.elf.dir/Users/faculedesma/Documents/GitHub/curso-lse/trabajo_integrador/sdks/tp_final_sdk/devices/LPC845/gcc/startup_LPC845.S.obj
                0x00000380                Reset_Handler
                0x000003cc                ADC0_OVR_DriverIRQHandler
                0x000003cc                PIN_INT5_DAC1_DriverIRQHandler
                0x000003cc                DMA0_DriverIRQHandler
                0x000003cc                SPI1_DriverIRQHandler
                0x000003cc                I2C3_DriverIRQHandler
                0x000003cc                DefaultISR
                0x000003cc                WKT_DriverIRQHandler
                0x000003cc                DAC0_DriverIRQHandler
                0x000003cc                MRT0_DriverIRQHandler
                0x000003cc                CMP_CAPT_DriverIRQHandler
                0x000003cc                ADC0_THCMP_DriverIRQHandler
                0x000003cc                Reserved22_DriverIRQHandler
                0x000003cc                FLASH_DriverIRQHandler
                0x000003cc                ADC0_SEQB_DriverIRQHandler
                0x000003cc                CTIMER0_DriverIRQHandler
                0x000003cc                WDT_DriverIRQHandler
                0x000003cc                BOD_DriverIRQHandler
                0x000003cc                ADC0_SEQA_DriverIRQHandler
                0x000003cc                SPI0_DriverIRQHandler
                0x000003d0                NMI_Handler
                0x000003d4                HardFault_Handler
                0x000003e4                SPI0_IRQHandler
                0x000003e8                SPI1_IRQHandler
                0x000003ec                DAC0_IRQHandler
                0x000003f0                USART0_IRQHandler
                0x000003f4                USART1_IRQHandler
                0x000003f8                USART2_IRQHandler
                0x000003fc                Reserved22_IRQHandler
                0x00000400                I2C1_IRQHandler
                0x00000404                I2C0_IRQHandler
                0x00000408                SCT0_IRQHandler
                0x0000040c                MRT0_IRQHandler
                0x00000410                CMP_CAPT_IRQHandler
                0x00000414                WDT_IRQHandler
                0x00000418                BOD_IRQHandler
                0x0000041c                FLASH_IRQHandler
                0x00000420                WKT_IRQHandler
                0x00000428                ADC0_SEQB_IRQHandler
                0x0000042c                ADC0_THCMP_IRQHandler
                0x00000430                ADC0_OVR_IRQHandler
                0x00000434                DMA0_IRQHandler
                0x00000438                I2C2_IRQHandler
                0x0000043c                I2C3_IRQHandler
                0x00000440                CTIMER0_IRQHandler
                0x00000444                PIN_INT0_IRQHandler
                0x00000448                PIN_INT1_IRQHandler
                0x0000044c                PIN_INT2_IRQHandler
                0x00000450                PIN_INT3_IRQHandler
                0x00000454                PIN_INT4_IRQHandler
 .text          0x000004fc      0x114 /Users/faculedesma/.mcuxpressotools/arm-gnu-toolchain-13.2.Rel1-darwin-arm64-arm-none-eabi/bin/../lib/gcc/arm-none-eabi/13.2.1/thumb/v6-m/nofp/libgcc.a(_udivsi3.o)
                0x000004fc                __udivsi3
                0x000004fc                __aeabi_uidiv
                0x00000608                __aeabi_uidivmod
 .text          0x00000610      0x1d4 /Users/faculedesma/.mcuxpressotools/arm-gnu-toolchain-13.2.Rel1-darwin-arm64-arm-none-eabi/bin/../lib/gcc/arm-none-eabi/13.2.1/thumb/v6-m/nofp/libgcc.a(_divsi3.o)
                0x00000610                __aeabi_idiv
                0x00000610                __divsi3
                0x000007dc                __aeabi_idivmod
 .text          0x000007e4        0x4 /Users/faculedesma/.mcuxpressotools/arm-gnu-toolchain-13.2.Rel1-darwin-arm64-arm-none-eabi/bin/../lib/gcc/arm-none-eabi/13.2.1/thumb/v6-m/nofp/libgcc.a(_dvmd_tls.o)
                0x000007e4                __aeabi_ldiv0
                0x000007e4                __aeabi_idiv0
 .text          0x000007e8       0x74 /Users/faculedesma/.mcuxpressotools/arm-gnu-toolchain-13.2.Rel1-darwin-arm64-arm-none-eabi/bin/../lib/gcc/arm-none-eabi/13.2.1/thumb/v6-m/nofp/libgcc.a(_arm_cmpsf2.o)
                0x000007e8                __aeabi_cfrcmple
                0x000007f0                __aeabi_cfcmple
                0x000007f0                __aeabi_cfcmpeq
                0x00000800                __aeabi_fcmpeq
                0x0000080c                __aeabi_fcmplt
                0x00000820                __aeabi_fcmple
                0x00000834                __aeabi_fcmpgt
                0x00000848                __aeabi_fcmpge
 .text          0x0000085c       0x40 /Users/faculedesma/.mcuxpressotools/arm-gnu-toolchain-13.2.Rel1-darwin-arm64-arm-none-eabi/bin/../lib/gcc/arm-none-eabi/13.2.1/thumb/v6-m/nofp/libgcc.a(_aeabi_uldivmod.o)
                0x0000085c                __aeabi_uldivmod
 .text          0x0000089c       0x3c /Users/faculedesma/.mcuxpressotools/arm-gnu-toolchain-13.2.Rel1-darwin-arm64-arm-none-eabi/bin/../lib/gcc/arm-none-eabi/13.2.1/thumb/v6-m/nofp/libgcc.a(_clzsi2.o)
                0x0000089c                __clzsi2
 .text          0x000008d8       0x18 /Users/faculedesma/.mcuxpressotools/arm-gnu-toolchain-13.2.Rel1-darwin-arm64-arm-none-eabi/bin/../lib/gcc/arm-none-eabi/13.2.1/thumb/v6-m/nofp/libgcc.a(_clzdi2.o)
                0x000008d8                __clzdi2
 .text          0x000008f0        0xe /Users/faculedesma/.mcuxpressotools/arm-gnu-toolchain-13.2.Rel1-darwin-arm64-arm-none-eabi/bin/../lib/gcc/arm-none-eabi/13.2.1/../../../../arm-none-eabi/lib/thumb/v6-m/nofp/libc_nano.a(libc_a-strlen.o)
                0x000008f0                strlen
 *(.text*)
 *fill*         0x000008fe        0x2 
 .text.deregister_tm_clones
                0x00000900       0x20 /Users/faculedesma/.mcuxpressotools/arm-gnu-toolchain-13.2.Rel1-darwin-arm64-arm-none-eabi/bin/../lib/gcc/arm-none-eabi/13.2.1/thumb/v6-m/nofp/crtbegin.o
 .text.register_tm_clones
                0x00000920       0x28 /Users/faculedesma/.mcuxpressotools/arm-gnu-toolchain-13.2.Rel1-darwin-arm64-arm-none-eabi/bin/../lib/gcc/arm-none-eabi/13.2.1/thumb/v6-m/nofp/crtbegin.o
 .text.__do_global_dtors_aux
                0x00000948       0x2c /Users/faculedesma/.mcuxpressotools/arm-gnu-toolchain-13.2.Rel1-darwin-arm64-arm-none-eabi/bin/../lib/gcc/arm-none-eabi/13.2.1/thumb/v6-m/nofp/crtbegin.o
 .text.frame_dummy
                0x00000974       0x24 /Users/faculedesma/.mcuxpressotools/arm-gnu-toolchain-13.2.Rel1-darwin-arm64-arm-none-eabi/bin/../lib/gcc/arm-none-eabi/13.2.1/thumb/v6-m/nofp/crtbegin.o
 .text.main     0x00000998      0x150 CMakeFiles/new_project.elf.dir/Users/faculedesma/Documents/GitHub/curso-lse/trabajo_integrador/tp_final/main.c.obj
                0x00000998                main
 .text.CLOCK_Select
                0x00000ae8       0x38 CMakeFiles/new_project.elf.dir/Users/faculedesma/Documents/GitHub/curso-lse/trabajo_integrador/tp_final/board.c.obj
 .text.BOARD_InitDebugConsole
                0x00000b20       0x58 CMakeFiles/new_project.elf.dir/Users/faculedesma/Documents/GitHub/curso-lse/trabajo_integrador/tp_final/board.c.obj
                0x00000b20                BOARD_InitDebugConsole
 .text.CLOCK_Select
                0x00000b78       0x38 CMakeFiles/new_project.elf.dir/Users/faculedesma/Documents/GitHub/curso-lse/trabajo_integrador/tp_final/clock_config.c.obj
 .text.CLOCK_SetCoreSysClkDiv
                0x00000bb0       0x4c CMakeFiles/new_project.elf.dir/Users/faculedesma/Documents/GitHub/curso-lse/trabajo_integrador/tp_final/clock_config.c.obj
 .text.CLOCK_SetFroOscFreq
                0x00000bfc       0x24 CMakeFiles/new_project.elf.dir/Users/faculedesma/Documents/GitHub/curso-lse/trabajo_integrador/tp_final/clock_config.c.obj
 .text.POWER_DisablePD
                0x00000c20       0x2c CMakeFiles/new_project.elf.dir/Users/faculedesma/Documents/GitHub/curso-lse/trabajo_integrador/tp_final/clock_config.c.obj
 .text.BOARD_BootClockFRO30M
                0x00000c4c       0x58 CMakeFiles/new_project.elf.dir/Users/faculedesma/Documents/GitHub/curso-lse/trabajo_integrador/tp_final/clock_config.c.obj
                0x00000c4c                BOARD_BootClockFRO30M
 .text.GPIO_PinWrite
                0x00000ca4       0x2c CMakeFiles/new_project.elf.dir/Users/faculedesma/Documents/GitHub/curso-lse/trabajo_integrador/tp_final/app_tasks.c.obj
 .text.GPIO_PinRead
                0x00000cd0       0x24 CMakeFiles/new_project.elf.dir/Users/faculedesma/Documents/GitHub/curso-lse/trabajo_integrador/tp_final/app_tasks.c.obj
 .text.GPIO_PortToggle
                0x00000cf4       0x26 CMakeFiles/new_project.elf.dir/Users/faculedesma/Documents/GitHub/curso-lse/trabajo_integrador/tp_final/app_tasks.c.obj
 .text.ADC_DoSoftwareTriggerConvSeqA
                0x00000d1a       0x1e CMakeFiles/new_project.elf.dir/Users/faculedesma/Documents/GitHub/curso-lse/trabajo_integrador/tp_final/app_tasks.c.obj
 .text.wrapper_gpio_init
                0x00000d38       0x24 CMakeFiles/new_project.elf.dir/Users/faculedesma/Documents/GitHub/curso-lse/trabajo_integrador/tp_final/app_tasks.c.obj
 .text.wrapper_btn_get
                0x00000d5c       0x30 CMakeFiles/new_project.elf.dir/Users/faculedesma/Documents/GitHub/curso-lse/trabajo_integrador/tp_final/app_tasks.c.obj
 .text.wrapper_output_init
                0x00000d8c       0x3e CMakeFiles/new_project.elf.dir/Users/faculedesma/Documents/GitHub/curso-lse/trabajo_integrador/tp_final/app_tasks.c.obj
 .text.wrapper_gpio_get_port
                0x00000dca       0x1a CMakeFiles/new_project.elf.dir/Users/faculedesma/Documents/GitHub/curso-lse/trabajo_integrador/tp_final/app_tasks.c.obj
 .text.wrapper_gpio_get_pin
                0x00000de4       0x1a CMakeFiles/new_project.elf.dir/Users/faculedesma/Documents/GitHub/curso-lse/trabajo_integrador/tp_final/app_tasks.c.obj
 .text.wrapper_output_toggle
                0x00000dfe       0x46 CMakeFiles/new_project.elf.dir/Users/faculedesma/Documents/GitHub/curso-lse/trabajo_integrador/tp_final/app_tasks.c.obj
 .text.wrapper_display_off
                0x00000e44       0x26 CMakeFiles/new_project.elf.dir/Users/faculedesma/Documents/GitHub/curso-lse/trabajo_integrador/tp_final/app_tasks.c.obj
 .text.wrapper_display_on
                0x00000e6a       0x28 CMakeFiles/new_project.elf.dir/Users/faculedesma/Documents/GitHub/curso-lse/trabajo_integrador/tp_final/app_tasks.c.obj
 .text.wrapper_display_segment_on
                0x00000e92       0x28 CMakeFiles/new_project.elf.dir/Users/faculedesma/Documents/GitHub/curso-lse/trabajo_integrador/tp_final/app_tasks.c.obj
 .text.wrapper_display_segment_off
                0x00000eba       0x28 CMakeFiles/new_project.elf.dir/Users/faculedesma/Documents/GitHub/curso-lse/trabajo_integrador/tp_final/app_tasks.c.obj
 .text.wrapper_btn_get_with_debouncing_with_pull_up
                0x00000ee2       0x56 CMakeFiles/new_project.elf.dir/Users/faculedesma/Documents/GitHub/curso-lse/trabajo_integrador/tp_final/app_tasks.c.obj
 .text.task_init
                0x00000f38      0x150 CMakeFiles/new_project.elf.dir/Users/faculedesma/Documents/GitHub/curso-lse/trabajo_integrador/tp_final/app_tasks.c.obj
                0x00000f38                task_init
 .text.task_adc
                0x00001088       0x20 CMakeFiles/new_project.elf.dir/Users/faculedesma/Documents/GitHub/curso-lse/trabajo_integrador/tp_final/app_tasks.c.obj
                0x00001088                task_adc
 .text.task_display_change
                0x000010a8       0x50 CMakeFiles/new_project.elf.dir/Users/faculedesma/Documents/GitHub/curso-lse/trabajo_integrador/tp_final/app_tasks.c.obj
                0x000010a8                task_display_change
 .text.task_control
                0x000010f8       0xbc CMakeFiles/new_project.elf.dir/Users/faculedesma/Documents/GitHub/curso-lse/trabajo_integrador/tp_final/app_tasks.c.obj
                0x000010f8                task_control
 .text.task_display
                0x000011b4       0xf0 CMakeFiles/new_project.elf.dir/Users/faculedesma/Documents/GitHub/curso-lse/trabajo_integrador/tp_final/app_tasks.c.obj
                0x000011b4                task_display
 .text.task_Led_Azul_rv22
                0x000012a4       0x5c CMakeFiles/new_project.elf.dir/Users/faculedesma/Documents/GitHub/curso-lse/trabajo_integrador/tp_final/app_tasks.c.obj
                0x000012a4                task_Led_Azul_rv22
 .text.task_bh1750
                0x00001300       0x98 CMakeFiles/new_project.elf.dir/Users/faculedesma/Documents/GitHub/curso-lse/trabajo_integrador/tp_final/app_tasks.c.obj
                0x00001300                task_bh1750
 .text.task_setpoint
                0x00001398       0xec CMakeFiles/new_project.elf.dir/Users/faculedesma/Documents/GitHub/curso-lse/trabajo_integrador/tp_final/app_tasks.c.obj
                0x00001398                task_setpoint
 .text.task_tricolor
                0x00001484       0xe4 CMakeFiles/new_project.elf.dir/Users/faculedesma/Documents/GitHub/curso-lse/trabajo_integrador/tp_final/app_tasks.c.obj
                0x00001484                task_tricolor
 .text.task_monitoreo
                0x00001568       0x1a CMakeFiles/new_project.elf.dir/Users/faculedesma/Documents/GitHub/curso-lse/trabajo_integrador/tp_final/app_tasks.c.obj
                0x00001568                task_monitoreo
 *fill*         0x00001582        0x2 
 .text.task_cny70
                0x00001584       0x84 CMakeFiles/new_project.elf.dir/Users/faculedesma/Documents/GitHub/curso-lse/trabajo_integrador/tp_final/app_tasks.c.obj
                0x00001584                task_cny70
 .text.ADC_GetStatusFlags
                0x00001608       0x14 CMakeFiles/new_project.elf.dir/Users/faculedesma/Documents/GitHub/curso-lse/trabajo_integrador/tp_final/isr.c.obj
 .text.ADC_ClearStatusFlags
                0x0000161c       0x18 CMakeFiles/new_project.elf.dir/Users/faculedesma/Documents/GitHub/curso-lse/trabajo_integrador/tp_final/isr.c.obj
 .text.usr_callback
                0x00001634       0x54 CMakeFiles/new_project.elf.dir/Users/faculedesma/Documents/GitHub/curso-lse/trabajo_integrador/tp_final/isr.c.obj
                0x00001634                usr_callback
 .text.ADC0_SEQA_IRQHandler
                0x00001688       0xa0 CMakeFiles/new_project.elf.dir/Users/faculedesma/Documents/GitHub/curso-lse/trabajo_integrador/tp_final/isr.c.obj
                0x00001688                ADC0_SEQA_IRQHandler
 .text.__NVIC_EnableIRQ
                0x00001728       0x34 CMakeFiles/new_project.elf.dir/Users/faculedesma/Documents/GitHub/curso-lse/trabajo_integrador/tp_final/wrappers.c.obj
 .text.CLOCK_EnableClock
                0x0000175c       0x54 CMakeFiles/new_project.elf.dir/Users/faculedesma/Documents/GitHub/curso-lse/trabajo_integrador/tp_final/wrappers.c.obj
 .text.CLOCK_DisableClock
                0x000017b0       0x58 CMakeFiles/new_project.elf.dir/Users/faculedesma/Documents/GitHub/curso-lse/trabajo_integrador/tp_final/wrappers.c.obj
 .text.CLOCK_Select
                0x00001808       0x38 CMakeFiles/new_project.elf.dir/Users/faculedesma/Documents/GitHub/curso-lse/trabajo_integrador/tp_final/wrappers.c.obj
 .text.CLOCK_SetClkDivider
                0x00001840       0x30 CMakeFiles/new_project.elf.dir/Users/faculedesma/Documents/GitHub/curso-lse/trabajo_integrador/tp_final/wrappers.c.obj
 .text.CLOCK_GetClkDivider
                0x00001870       0x2c CMakeFiles/new_project.elf.dir/Users/faculedesma/Documents/GitHub/curso-lse/trabajo_integrador/tp_final/wrappers.c.obj
 .text.GPIO_PinWrite
                0x0000189c       0x2c CMakeFiles/new_project.elf.dir/Users/faculedesma/Documents/GitHub/curso-lse/trabajo_integrador/tp_final/wrappers.c.obj
 .text.POWER_DisablePD
                0x000018c8       0x2c CMakeFiles/new_project.elf.dir/Users/faculedesma/Documents/GitHub/curso-lse/trabajo_integrador/tp_final/wrappers.c.obj
 .text.ADC_EnableConvSeqA
                0x000018f4       0x3a CMakeFiles/new_project.elf.dir/Users/faculedesma/Documents/GitHub/curso-lse/trabajo_integrador/tp_final/wrappers.c.obj
 .text.ADC_EnableInterrupts
                0x0000192e       0x22 CMakeFiles/new_project.elf.dir/Users/faculedesma/Documents/GitHub/curso-lse/trabajo_integrador/tp_final/wrappers.c.obj
 .text.SCTIMER_StartTimer
                0x00001950      0x108 CMakeFiles/new_project.elf.dir/Users/faculedesma/Documents/GitHub/curso-lse/trabajo_integrador/tp_final/wrappers.c.obj
 .text.I2C_MasterRepeatedStart
                0x00001a58       0x32 CMakeFiles/new_project.elf.dir/Users/faculedesma/Documents/GitHub/curso-lse/trabajo_integrador/tp_final/wrappers.c.obj
 .text.wrapper_gpio_get_pin
                0x00001a8a       0x1a CMakeFiles/new_project.elf.dir/Users/faculedesma/Documents/GitHub/curso-lse/trabajo_integrador/tp_final/wrappers.c.obj
 .text.wrapper_adc_init
                0x00001aa4       0xdc CMakeFiles/new_project.elf.dir/Users/faculedesma/Documents/GitHub/curso-lse/trabajo_integrador/tp_final/wrappers.c.obj
                0x00001aa4                wrapper_adc_init
 .text.wrapper_btn_init
                0x00001b80       0x7c CMakeFiles/new_project.elf.dir/Users/faculedesma/Documents/GitHub/curso-lse/trabajo_integrador/tp_final/wrappers.c.obj
                0x00001b80                wrapper_btn_init
 .text.wrapper_gpio_enable_irq
                0x00001bfc       0x88 CMakeFiles/new_project.elf.dir/Users/faculedesma/Documents/GitHub/curso-lse/trabajo_integrador/tp_final/wrappers.c.obj
                0x00001bfc                wrapper_gpio_enable_irq
 .text.wrapper_display_init
                0x00001c84       0x94 CMakeFiles/new_project.elf.dir/Users/faculedesma/Documents/GitHub/curso-lse/trabajo_integrador/tp_final/wrappers.c.obj
                0x00001c84                wrapper_display_init
 .text.wrapper_display_write
                0x00001d18       0xc0 CMakeFiles/new_project.elf.dir/Users/faculedesma/Documents/GitHub/curso-lse/trabajo_integrador/tp_final/wrappers.c.obj
                0x00001d18                wrapper_display_write
 .text.wrapper_pwm_init
                0x00001dd8      0x158 CMakeFiles/new_project.elf.dir/Users/faculedesma/Documents/GitHub/curso-lse/trabajo_integrador/tp_final/wrappers.c.obj
                0x00001dd8                wrapper_pwm_init
 .text.wrapper_pwm_update_led
                0x00001f30       0x58 CMakeFiles/new_project.elf.dir/Users/faculedesma/Documents/GitHub/curso-lse/trabajo_integrador/tp_final/wrappers.c.obj
 .text.wrapper_pwm_update_bled
                0x00001f88       0x2c CMakeFiles/new_project.elf.dir/Users/faculedesma/Documents/GitHub/curso-lse/trabajo_integrador/tp_final/wrappers.c.obj
                0x00001f88                wrapper_pwm_update_bled
 .text.wrapper_pwm_update_rled
                0x00001fb4       0x2c CMakeFiles/new_project.elf.dir/Users/faculedesma/Documents/GitHub/curso-lse/trabajo_integrador/tp_final/wrappers.c.obj
                0x00001fb4                wrapper_pwm_update_rled
 .text.wrapper_pwm_update_led_azul
                0x00001fe0       0x2c CMakeFiles/new_project.elf.dir/Users/faculedesma/Documents/GitHub/curso-lse/trabajo_integrador/tp_final/wrappers.c.obj
                0x00001fe0                wrapper_pwm_update_led_azul
 .text.wrapper_i2c_init
                0x0000200c       0x6c CMakeFiles/new_project.elf.dir/Users/faculedesma/Documents/GitHub/curso-lse/trabajo_integrador/tp_final/wrappers.c.obj
                0x0000200c                wrapper_i2c_init
 .text.wrapper_bh1750_init
                0x00002078       0x60 CMakeFiles/new_project.elf.dir/Users/faculedesma/Documents/GitHub/curso-lse/trabajo_integrador/tp_final/wrappers.c.obj
                0x00002078                wrapper_bh1750_init
 .text.wrapper_bh1750_read
                0x000020d8       0x68 CMakeFiles/new_project.elf.dir/Users/faculedesma/Documents/GitHub/curso-lse/trabajo_integrador/tp_final/wrappers.c.obj
                0x000020d8                wrapper_bh1750_read
 .text.HAL_UartGetStatus
                0x00002140       0x20 CMakeFiles/new_project.elf.dir/Users/faculedesma/Documents/GitHub/curso-lse/trabajo_integrador/sdks/tp_final_sdk/components/uart/fsl_adapter_miniusart.c.obj
 .text.HAL_UartInit
                0x00002160      0x134 CMakeFiles/new_project.elf.dir/Users/faculedesma/Documents/GitHub/curso-lse/trabajo_integrador/sdks/tp_final_sdk/components/uart/fsl_adapter_miniusart.c.obj
                0x00002160                HAL_UartInit
 .text.HAL_UartReceiveBlocking
                0x00002294       0x90 CMakeFiles/new_project.elf.dir/Users/faculedesma/Documents/GitHub/curso-lse/trabajo_integrador/sdks/tp_final_sdk/components/uart/fsl_adapter_miniusart.c.obj
                0x00002294                HAL_UartReceiveBlocking
 .text.HAL_UartSendBlocking
                0x00002324       0x84 CMakeFiles/new_project.elf.dir/Users/faculedesma/Documents/GitHub/curso-lse/trabajo_integrador/sdks/tp_final_sdk/components/uart/fsl_adapter_miniusart.c.obj
                0x00002324                HAL_UartSendBlocking
 .text.SystemInit
                0x000023a8       0x2c CMakeFiles/new_project.elf.dir/Users/faculedesma/Documents/GitHub/curso-lse/trabajo_integrador/sdks/tp_final_sdk/devices/LPC845/system_LPC845.c.obj
                0x000023a8                SystemInit
 .text.SystemInitHook
                0x000023d4        0xa CMakeFiles/new_project.elf.dir/Users/faculedesma/Documents/GitHub/curso-lse/trabajo_integrador/sdks/tp_final_sdk/devices/LPC845/system_LPC845.c.obj
                0x000023d4                SystemInitHook
 *fill*         0x000023de        0x2 
 .text.CLOCK_GetCoreSysClkFreq
                0x000023e0       0x24 CMakeFiles/new_project.elf.dir/Users/faculedesma/Documents/GitHub/curso-lse/trabajo_integrador/sdks/tp_final_sdk/devices/LPC845/drivers/fsl_clock.c.obj
 .text.CLOCK_GetSystemPLLFreq
                0x00002404       0x20 CMakeFiles/new_project.elf.dir/Users/faculedesma/Documents/GitHub/curso-lse/trabajo_integrador/sdks/tp_final_sdk/devices/LPC845/drivers/fsl_clock.c.obj
 .text.CLOCK_GetWdtOscFreq
                0x00002424       0x14 CMakeFiles/new_project.elf.dir/Users/faculedesma/Documents/GitHub/curso-lse/trabajo_integrador/sdks/tp_final_sdk/devices/LPC845/drivers/fsl_clock.c.obj
 .text.CLOCK_GetExtClkFreq
                0x00002438       0x14 CMakeFiles/new_project.elf.dir/Users/faculedesma/Documents/GitHub/curso-lse/trabajo_integrador/sdks/tp_final_sdk/devices/LPC845/drivers/fsl_clock.c.obj
 .text.CLOCK_GetFRGInputClkFreq
                0x0000244c       0x3e CMakeFiles/new_project.elf.dir/Users/faculedesma/Documents/GitHub/curso-lse/trabajo_integrador/sdks/tp_final_sdk/devices/LPC845/drivers/fsl_clock.c.obj
 *fill*         0x0000248a        0x2 
 .text.CLOCK_UpdateClkSrc
                0x0000248c       0x58 CMakeFiles/new_project.elf.dir/Users/faculedesma/Documents/GitHub/curso-lse/trabajo_integrador/sdks/tp_final_sdk/devices/LPC845/drivers/fsl_clock.c.obj
 .text.CLOCK_GetFRG0ClkFreq
                0x000024e4       0x64 CMakeFiles/new_project.elf.dir/Users/faculedesma/Documents/GitHub/curso-lse/trabajo_integrador/sdks/tp_final_sdk/devices/LPC845/drivers/fsl_clock.c.obj
                0x000024e4                CLOCK_GetFRG0ClkFreq
 .text.CLOCK_GetFRG1ClkFreq
                0x00002548       0x64 CMakeFiles/new_project.elf.dir/Users/faculedesma/Documents/GitHub/curso-lse/trabajo_integrador/sdks/tp_final_sdk/devices/LPC845/drivers/fsl_clock.c.obj
                0x00002548                CLOCK_GetFRG1ClkFreq
 .text.CLOCK_GetMainClkFreq
                0x000025ac       0x78 CMakeFiles/new_project.elf.dir/Users/faculedesma/Documents/GitHub/curso-lse/trabajo_integrador/sdks/tp_final_sdk/devices/LPC845/drivers/fsl_clock.c.obj
                0x000025ac                CLOCK_GetMainClkFreq
 .text.CLOCK_GetFroFreq
                0x00002624       0x78 CMakeFiles/new_project.elf.dir/Users/faculedesma/Documents/GitHub/curso-lse/trabajo_integrador/sdks/tp_final_sdk/devices/LPC845/drivers/fsl_clock.c.obj
                0x00002624                CLOCK_GetFroFreq
 .text.CLOCK_GetFreq
                0x0000269c       0x90 CMakeFiles/new_project.elf.dir/Users/faculedesma/Documents/GitHub/curso-lse/trabajo_integrador/sdks/tp_final_sdk/devices/LPC845/drivers/fsl_clock.c.obj
                0x0000269c                CLOCK_GetFreq
 .text.CLOCK_GetSystemPLLInClockRate
                0x0000272c       0x64 CMakeFiles/new_project.elf.dir/Users/faculedesma/Documents/GitHub/curso-lse/trabajo_integrador/sdks/tp_final_sdk/devices/LPC845/drivers/fsl_clock.c.obj
                0x0000272c                CLOCK_GetSystemPLLInClockRate
 .text.CLOCK_SetMainClkSrc
                0x00002790       0x9c CMakeFiles/new_project.elf.dir/Users/faculedesma/Documents/GitHub/curso-lse/trabajo_integrador/sdks/tp_final_sdk/devices/LPC845/drivers/fsl_clock.c.obj
                0x00002790                CLOCK_SetMainClkSrc
 .text.CLOCK_SetFroOutClkSrc
                0x0000282c       0x48 CMakeFiles/new_project.elf.dir/Users/faculedesma/Documents/GitHub/curso-lse/trabajo_integrador/sdks/tp_final_sdk/devices/LPC845/drivers/fsl_clock.c.obj
                0x0000282c                CLOCK_SetFroOutClkSrc
 .text.DelayLoop
                0x00002874       0x1a CMakeFiles/new_project.elf.dir/Users/faculedesma/Documents/GitHub/curso-lse/trabajo_integrador/sdks/tp_final_sdk/devices/LPC845/drivers/fsl_common_arm.c.obj
 *fill*         0x0000288e        0x2 
 .text.SDK_DelayAtLeastUs
                0x00002890       0x84 CMakeFiles/new_project.elf.dir/Users/faculedesma/Documents/GitHub/curso-lse/trabajo_integrador/sdks/tp_final_sdk/devices/LPC845/drivers/fsl_common_arm.c.obj
                0x00002890                SDK_DelayAtLeastUs
 .text.CLOCK_EnableClock
                0x00002914       0x54 CMakeFiles/new_project.elf.dir/Users/faculedesma/Documents/GitHub/curso-lse/trabajo_integrador/sdks/tp_final_sdk/devices/LPC845/drivers/fsl_adc.c.obj
 .text.RESET_ReleasePeripheralReset
                0x00002968       0x18 CMakeFiles/new_project.elf.dir/Users/faculedesma/Documents/GitHub/curso-lse/trabajo_integrador/sdks/tp_final_sdk/devices/LPC845/drivers/fsl_adc.c.obj
 .text.ADC_GetInstance
                0x00002980       0x54 CMakeFiles/new_project.elf.dir/Users/faculedesma/Documents/GitHub/curso-lse/trabajo_integrador/sdks/tp_final_sdk/devices/LPC845/drivers/fsl_adc.c.obj
 .text.ADC_Init
                0x000029d4       0xb4 CMakeFiles/new_project.elf.dir/Users/faculedesma/Documents/GitHub/curso-lse/trabajo_integrador/sdks/tp_final_sdk/devices/LPC845/drivers/fsl_adc.c.obj
                0x000029d4                ADC_Init
 .text.ADC_GetDefaultConfig
                0x00002a88       0x34 CMakeFiles/new_project.elf.dir/Users/faculedesma/Documents/GitHub/curso-lse/trabajo_integrador/sdks/tp_final_sdk/devices/LPC845/drivers/fsl_adc.c.obj
                0x00002a88                ADC_GetDefaultConfig
 .text.ADC_DoSelfCalibration
                0x00002abc       0xc0 CMakeFiles/new_project.elf.dir/Users/faculedesma/Documents/GitHub/curso-lse/trabajo_integrador/sdks/tp_final_sdk/devices/LPC845/drivers/fsl_adc.c.obj
                0x00002abc                ADC_DoSelfCalibration
 .text.ADC_SetConvSeqAConfig
                0x00002b7c       0xa0 CMakeFiles/new_project.elf.dir/Users/faculedesma/Documents/GitHub/curso-lse/trabajo_integrador/sdks/tp_final_sdk/devices/LPC845/drivers/fsl_adc.c.obj
                0x00002b7c                ADC_SetConvSeqAConfig
 .text.ADC_GetChannelConversionResult
                0x00002c1c       0xbc CMakeFiles/new_project.elf.dir/Users/faculedesma/Documents/GitHub/curso-lse/trabajo_integrador/sdks/tp_final_sdk/devices/LPC845/drivers/fsl_adc.c.obj
                0x00002c1c                ADC_GetChannelConversionResult
 .text.CLOCK_EnableClock
                0x00002cd8       0x54 CMakeFiles/new_project.elf.dir/Users/faculedesma/Documents/GitHub/curso-lse/trabajo_integrador/sdks/tp_final_sdk/devices/LPC845/drivers/fsl_gpio.c.obj
 .text.GPIO_EnablePortClock
                0x00002d2c       0x44 CMakeFiles/new_project.elf.dir/Users/faculedesma/Documents/GitHub/curso-lse/trabajo_integrador/sdks/tp_final_sdk/devices/LPC845/drivers/fsl_gpio.c.obj
 .text.GPIO_PortInit
                0x00002d70       0x30 CMakeFiles/new_project.elf.dir/Users/faculedesma/Documents/GitHub/curso-lse/trabajo_integrador/sdks/tp_final_sdk/devices/LPC845/drivers/fsl_gpio.c.obj
                0x00002d70                GPIO_PortInit
 .text.GPIO_PinInit
                0x00002da0       0xc0 CMakeFiles/new_project.elf.dir/Users/faculedesma/Documents/GitHub/curso-lse/trabajo_integrador/sdks/tp_final_sdk/devices/LPC845/drivers/fsl_gpio.c.obj
                0x00002da0                GPIO_PinInit
 .text.CLOCK_EnableClock
                0x00002e60       0x54 CMakeFiles/new_project.elf.dir/Users/faculedesma/Documents/GitHub/curso-lse/trabajo_integrador/sdks/tp_final_sdk/devices/LPC845/drivers/fsl_i2c.c.obj
 .text.I2C_MasterEnable
                0x00002eb4       0x3c CMakeFiles/new_project.elf.dir/Users/faculedesma/Documents/GitHub/curso-lse/trabajo_integrador/sdks/tp_final_sdk/devices/LPC845/drivers/fsl_i2c.c.obj
 .text.I2C_GetStatusFlags
                0x00002ef0       0x14 CMakeFiles/new_project.elf.dir/Users/faculedesma/Documents/GitHub/curso-lse/trabajo_integrador/sdks/tp_final_sdk/devices/LPC845/drivers/fsl_i2c.c.obj
 .text.I2C_MasterClearStatusFlags
                0x00002f04       0x1c CMakeFiles/new_project.elf.dir/Users/faculedesma/Documents/GitHub/curso-lse/trabajo_integrador/sdks/tp_final_sdk/devices/LPC845/drivers/fsl_i2c.c.obj
 .text.I2C_GetInstance
                0x00002f20       0x58 CMakeFiles/new_project.elf.dir/Users/faculedesma/Documents/GitHub/curso-lse/trabajo_integrador/sdks/tp_final_sdk/devices/LPC845/drivers/fsl_i2c.c.obj
                0x00002f20                I2C_GetInstance
 .text.I2C_MasterGetDefaultConfig
                0x00002f78       0x34 CMakeFiles/new_project.elf.dir/Users/faculedesma/Documents/GitHub/curso-lse/trabajo_integrador/sdks/tp_final_sdk/devices/LPC845/drivers/fsl_i2c.c.obj
                0x00002f78                I2C_MasterGetDefaultConfig
 .text.I2C_MasterInit
                0x00002fac       0x64 CMakeFiles/new_project.elf.dir/Users/faculedesma/Documents/GitHub/curso-lse/trabajo_integrador/sdks/tp_final_sdk/devices/LPC845/drivers/fsl_i2c.c.obj
                0x00002fac                I2C_MasterInit
 .text.I2C_MasterSetBaudRate
                0x00003010      0x114 CMakeFiles/new_project.elf.dir/Users/faculedesma/Documents/GitHub/curso-lse/trabajo_integrador/sdks/tp_final_sdk/devices/LPC845/drivers/fsl_i2c.c.obj
                0x00003010                I2C_MasterSetBaudRate
 .text.I2C_PendingStatusWait
                0x00003124       0x30 CMakeFiles/new_project.elf.dir/Users/faculedesma/Documents/GitHub/curso-lse/trabajo_integrador/sdks/tp_final_sdk/devices/LPC845/drivers/fsl_i2c.c.obj
 .text.I2C_MasterStart
                0x00003154       0x54 CMakeFiles/new_project.elf.dir/Users/faculedesma/Documents/GitHub/curso-lse/trabajo_integrador/sdks/tp_final_sdk/devices/LPC845/drivers/fsl_i2c.c.obj
                0x00003154                I2C_MasterStart
 .text.I2C_MasterStop
                0x000031a8       0x30 CMakeFiles/new_project.elf.dir/Users/faculedesma/Documents/GitHub/curso-lse/trabajo_integrador/sdks/tp_final_sdk/devices/LPC845/drivers/fsl_i2c.c.obj
                0x000031a8                I2C_MasterStop
 .text.I2C_MasterWriteBlocking
                0x000031d8      0x124 CMakeFiles/new_project.elf.dir/Users/faculedesma/Documents/GitHub/curso-lse/trabajo_integrador/sdks/tp_final_sdk/devices/LPC845/drivers/fsl_i2c.c.obj
                0x000031d8                I2C_MasterWriteBlocking
 .text.I2C_MasterReadBlocking
                0x000032fc      0x104 CMakeFiles/new_project.elf.dir/Users/faculedesma/Documents/GitHub/curso-lse/trabajo_integrador/sdks/tp_final_sdk/devices/LPC845/drivers/fsl_i2c.c.obj
                0x000032fc                I2C_MasterReadBlocking
 .text.I2C_TransferCommonIRQHandler
                0x00003400       0x40 CMakeFiles/new_project.elf.dir/Users/faculedesma/Documents/GitHub/curso-lse/trabajo_integrador/sdks/tp_final_sdk/devices/LPC845/drivers/fsl_i2c.c.obj
 .text.I2C0_DriverIRQHandler
                0x00003440       0x20 CMakeFiles/new_project.elf.dir/Users/faculedesma/Documents/GitHub/curso-lse/trabajo_integrador/sdks/tp_final_sdk/devices/LPC845/drivers/fsl_i2c.c.obj
                0x00003440                I2C0_DriverIRQHandler
 .text.I2C1_DriverIRQHandler
                0x00003460       0x20 CMakeFiles/new_project.elf.dir/Users/faculedesma/Documents/GitHub/curso-lse/trabajo_integrador/sdks/tp_final_sdk/devices/LPC845/drivers/fsl_i2c.c.obj
                0x00003460                I2C1_DriverIRQHandler
 .text.I2C2_DriverIRQHandler
                0x00003480       0x20 CMakeFiles/new_project.elf.dir/Users/faculedesma/Documents/GitHub/curso-lse/trabajo_integrador/sdks/tp_final_sdk/devices/LPC845/drivers/fsl_i2c.c.obj
                0x00003480                I2C2_DriverIRQHandler
 .text.CLOCK_EnableClock
                0x000034a0       0x54 CMakeFiles/new_project.elf.dir/Users/faculedesma/Documents/GitHub/curso-lse/trabajo_integrador/sdks/tp_final_sdk/devices/LPC845/drivers/fsl_usart.c.obj
 .text.USART_EnableContinuousSCLK
                0x000034f4       0x40 CMakeFiles/new_project.elf.dir/Users/faculedesma/Documents/GitHub/curso-lse/trabajo_integrador/sdks/tp_final_sdk/devices/LPC845/drivers/fsl_usart.c.obj
 .text.USART_EnableTx
                0x00003534       0x46 CMakeFiles/new_project.elf.dir/Users/faculedesma/Documents/GitHub/curso-lse/trabajo_integrador/sdks/tp_final_sdk/devices/LPC845/drivers/fsl_usart.c.obj
 .text.USART_EnableRx
                0x0000357a       0x44 CMakeFiles/new_project.elf.dir/Users/faculedesma/Documents/GitHub/curso-lse/trabajo_integrador/sdks/tp_final_sdk/devices/LPC845/drivers/fsl_usart.c.obj
 *fill*         0x000035be        0x2 
 .text.USART_GetInstance
                0x000035c0       0x58 CMakeFiles/new_project.elf.dir/Users/faculedesma/Documents/GitHub/curso-lse/trabajo_integrador/sdks/tp_final_sdk/devices/LPC845/drivers/fsl_usart.c.obj
                0x000035c0                USART_GetInstance
 .text.USART_Init
                0x00003618      0x144 CMakeFiles/new_project.elf.dir/Users/faculedesma/Documents/GitHub/curso-lse/trabajo_integrador/sdks/tp_final_sdk/devices/LPC845/drivers/fsl_usart.c.obj
                0x00003618                USART_Init
 .text.USART_GetDefaultConfig
                0x0000375c       0x80 CMakeFiles/new_project.elf.dir/Users/faculedesma/Documents/GitHub/curso-lse/trabajo_integrador/sdks/tp_final_sdk/devices/LPC845/drivers/fsl_usart.c.obj
                0x0000375c                USART_GetDefaultConfig
 .text.USART_SetBaudRate
                0x000037dc      0x15c CMakeFiles/new_project.elf.dir/Users/faculedesma/Documents/GitHub/curso-lse/trabajo_integrador/sdks/tp_final_sdk/devices/LPC845/drivers/fsl_usart.c.obj
                0x000037dc                USART_SetBaudRate
 .text.USART_WriteBlocking
                0x00003938       0x70 CMakeFiles/new_project.elf.dir/Users/faculedesma/Documents/GitHub/curso-lse/trabajo_integrador/sdks/tp_final_sdk/devices/LPC845/drivers/fsl_usart.c.obj
                0x00003938                USART_WriteBlocking
 .text.USART_ReadBlocking
                0x000039a8       0xd0 CMakeFiles/new_project.elf.dir/Users/faculedesma/Documents/GitHub/curso-lse/trabajo_integrador/sdks/tp_final_sdk/devices/LPC845/drivers/fsl_usart.c.obj
                0x000039a8                USART_ReadBlocking
 .text.USART0_DriverIRQHandler
                0x00003a78       0x24 CMakeFiles/new_project.elf.dir/Users/faculedesma/Documents/GitHub/curso-lse/trabajo_integrador/sdks/tp_final_sdk/devices/LPC845/drivers/fsl_usart.c.obj
                0x00003a78                USART0_DriverIRQHandler
 .text.USART1_DriverIRQHandler
                0x00003a9c       0x24 CMakeFiles/new_project.elf.dir/Users/faculedesma/Documents/GitHub/curso-lse/trabajo_integrador/sdks/tp_final_sdk/devices/LPC845/drivers/fsl_usart.c.obj
                0x00003a9c                USART1_DriverIRQHandler
 .text.USART2_DriverIRQHandler
                0x00003ac0       0x24 CMakeFiles/new_project.elf.dir/Users/faculedesma/Documents/GitHub/curso-lse/trabajo_integrador/sdks/tp_final_sdk/devices/LPC845/drivers/fsl_usart.c.obj
                0x00003ac0                USART2_DriverIRQHandler
 .text.PIN_INT6_USART3_DriverIRQHandler
                0x00003ae4       0x24 CMakeFiles/new_project.elf.dir/Users/faculedesma/Documents/GitHub/curso-lse/trabajo_integrador/sdks/tp_final_sdk/devices/LPC845/drivers/fsl_usart.c.obj
                0x00003ae4                PIN_INT6_USART3_DriverIRQHandler
 .text.PIN_INT7_USART4_DriverIRQHandler
                0x00003b08       0x24 CMakeFiles/new_project.elf.dir/Users/faculedesma/Documents/GitHub/curso-lse/trabajo_integrador/sdks/tp_final_sdk/devices/LPC845/drivers/fsl_usart.c.obj
                0x00003b08                PIN_INT7_USART4_DriverIRQHandler
 .text.__NVIC_EnableIRQ
                0x00003b2c       0x34 CMakeFiles/new_project.elf.dir/Users/faculedesma/Documents/GitHub/curso-lse/trabajo_integrador/sdks/tp_final_sdk/devices/LPC845/drivers/fsl_pint.c.obj
 .text.__NVIC_ClearPendingIRQ
                0x00003b60       0x38 CMakeFiles/new_project.elf.dir/Users/faculedesma/Documents/GitHub/curso-lse/trabajo_integrador/sdks/tp_final_sdk/devices/LPC845/drivers/fsl_pint.c.obj
 .text.CLOCK_EnableClock
                0x00003b98       0x54 CMakeFiles/new_project.elf.dir/Users/faculedesma/Documents/GitHub/curso-lse/trabajo_integrador/sdks/tp_final_sdk/devices/LPC845/drivers/fsl_pint.c.obj
 .text.RESET_ReleasePeripheralReset
                0x00003bec       0x18 CMakeFiles/new_project.elf.dir/Users/faculedesma/Documents/GitHub/curso-lse/trabajo_integrador/sdks/tp_final_sdk/devices/LPC845/drivers/fsl_pint.c.obj
 .text.EnableIRQ
                0x00003c04       0x36 CMakeFiles/new_project.elf.dir/Users/faculedesma/Documents/GitHub/curso-lse/trabajo_integrador/sdks/tp_final_sdk/devices/LPC845/drivers/fsl_pint.c.obj
 .text.PINT_PinInterruptGetStatus
                0x00003c3a       0x26 CMakeFiles/new_project.elf.dir/Users/faculedesma/Documents/GitHub/curso-lse/trabajo_integrador/sdks/tp_final_sdk/devices/LPC845/drivers/fsl_pint.c.obj
 .text.PINT_PinInterruptClrFallFlag
                0x00003c60       0x22 CMakeFiles/new_project.elf.dir/Users/faculedesma/Documents/GitHub/curso-lse/trabajo_integrador/sdks/tp_final_sdk/devices/LPC845/drivers/fsl_pint.c.obj
 .text.PINT_PinInterruptGetFallFlag
                0x00003c82       0x26 CMakeFiles/new_project.elf.dir/Users/faculedesma/Documents/GitHub/curso-lse/trabajo_integrador/sdks/tp_final_sdk/devices/LPC845/drivers/fsl_pint.c.obj
 .text.PINT_PinInterruptClrRiseFlag
                0x00003ca8       0x22 CMakeFiles/new_project.elf.dir/Users/faculedesma/Documents/GitHub/curso-lse/trabajo_integrador/sdks/tp_final_sdk/devices/LPC845/drivers/fsl_pint.c.obj
 .text.PINT_PinInterruptGetRiseFlag
                0x00003cca       0x26 CMakeFiles/new_project.elf.dir/Users/faculedesma/Documents/GitHub/curso-lse/trabajo_integrador/sdks/tp_final_sdk/devices/LPC845/drivers/fsl_pint.c.obj
 .text.PINT_GetInstance
                0x00003cf0       0x54 CMakeFiles/new_project.elf.dir/Users/faculedesma/Documents/GitHub/curso-lse/trabajo_integrador/sdks/tp_final_sdk/devices/LPC845/drivers/fsl_pint.c.obj
 .text.PINT_Init
                0x00003d44       0xa4 CMakeFiles/new_project.elf.dir/Users/faculedesma/Documents/GitHub/curso-lse/trabajo_integrador/sdks/tp_final_sdk/devices/LPC845/drivers/fsl_pint.c.obj
                0x00003d44                PINT_Init
 .text.PINT_SetCallback
                0x00003de8       0x2c CMakeFiles/new_project.elf.dir/Users/faculedesma/Documents/GitHub/curso-lse/trabajo_integrador/sdks/tp_final_sdk/devices/LPC845/drivers/fsl_pint.c.obj
                0x00003de8                PINT_SetCallback
 .text.PINT_PinInterruptConfig
                0x00003e14       0xd4 CMakeFiles/new_project.elf.dir/Users/faculedesma/Documents/GitHub/curso-lse/trabajo_integrador/sdks/tp_final_sdk/devices/LPC845/drivers/fsl_pint.c.obj
                0x00003e14                PINT_PinInterruptConfig
 .text.PINT_PatternMatchResetDetectLogic
                0x00003ee8       0x30 CMakeFiles/new_project.elf.dir/Users/faculedesma/Documents/GitHub/curso-lse/trabajo_integrador/sdks/tp_final_sdk/devices/LPC845/drivers/fsl_pint.c.obj
                0x00003ee8                PINT_PatternMatchResetDetectLogic
 .text.PINT_PinInterruptClrStatus
                0x00003f18       0x52 CMakeFiles/new_project.elf.dir/Users/faculedesma/Documents/GitHub/curso-lse/trabajo_integrador/sdks/tp_final_sdk/devices/LPC845/drivers/fsl_pint.c.obj
                0x00003f18                PINT_PinInterruptClrStatus
 *fill*         0x00003f6a        0x2 
 .text.PINT_EnableCallbackByIndex
                0x00003f6c       0x68 CMakeFiles/new_project.elf.dir/Users/faculedesma/Documents/GitHub/curso-lse/trabajo_integrador/sdks/tp_final_sdk/devices/LPC845/drivers/fsl_pint.c.obj
                0x00003f6c                PINT_EnableCallbackByIndex
 .text.PINT_CommonIRQHanlder
                0x00003fd4       0xdc CMakeFiles/new_project.elf.dir/Users/faculedesma/Documents/GitHub/curso-lse/trabajo_integrador/sdks/tp_final_sdk/devices/LPC845/drivers/fsl_pint.c.obj
 .text.PIN_INT0_DriverIRQHandler
                0x000040b0       0x12 CMakeFiles/new_project.elf.dir/Users/faculedesma/Documents/GitHub/curso-lse/trabajo_integrador/sdks/tp_final_sdk/devices/LPC845/drivers/fsl_pint.c.obj
                0x000040b0                PIN_INT0_DriverIRQHandler
 .text.PIN_INT1_DriverIRQHandler
                0x000040c2       0x12 CMakeFiles/new_project.elf.dir/Users/faculedesma/Documents/GitHub/curso-lse/trabajo_integrador/sdks/tp_final_sdk/devices/LPC845/drivers/fsl_pint.c.obj
                0x000040c2                PIN_INT1_DriverIRQHandler
 .text.PIN_INT2_DriverIRQHandler
                0x000040d4       0x12 CMakeFiles/new_project.elf.dir/Users/faculedesma/Documents/GitHub/curso-lse/trabajo_integrador/sdks/tp_final_sdk/devices/LPC845/drivers/fsl_pint.c.obj
                0x000040d4                PIN_INT2_DriverIRQHandler
 .text.PIN_INT3_DriverIRQHandler
                0x000040e6       0x12 CMakeFiles/new_project.elf.dir/Users/faculedesma/Documents/GitHub/curso-lse/trabajo_integrador/sdks/tp_final_sdk/devices/LPC845/drivers/fsl_pint.c.obj
                0x000040e6                PIN_INT3_DriverIRQHandler
 .text.PIN_INT4_DriverIRQHandler
                0x000040f8       0x12 CMakeFiles/new_project.elf.dir/Users/faculedesma/Documents/GitHub/curso-lse/trabajo_integrador/sdks/tp_final_sdk/devices/LPC845/drivers/fsl_pint.c.obj
                0x000040f8                PIN_INT4_DriverIRQHandler
 .text.PIN_INT5_DAC1_IRQHandler
                0x0000410a       0x12 CMakeFiles/new_project.elf.dir/Users/faculedesma/Documents/GitHub/curso-lse/trabajo_integrador/sdks/tp_final_sdk/devices/LPC845/drivers/fsl_pint.c.obj
                0x0000410a                PIN_INT5_DAC1_IRQHandler
 .text.PIN_INT6_USART3_IRQHandler
                0x0000411c       0x12 CMakeFiles/new_project.elf.dir/Users/faculedesma/Documents/GitHub/curso-lse/trabajo_integrador/sdks/tp_final_sdk/devices/LPC845/drivers/fsl_pint.c.obj
                0x0000411c                PIN_INT6_USART3_IRQHandler
 .text.PIN_INT7_USART4_IRQHandler
                0x0000412e       0x12 CMakeFiles/new_project.elf.dir/Users/faculedesma/Documents/GitHub/curso-lse/trabajo_integrador/sdks/tp_final_sdk/devices/LPC845/drivers/fsl_pint.c.obj
                0x0000412e                PIN_INT7_USART4_IRQHandler
 .text.RESET_SetPeripheralReset
                0x00004140       0x7c CMakeFiles/new_project.elf.dir/Users/faculedesma/Documents/GitHub/curso-lse/trabajo_integrador/sdks/tp_final_sdk/devices/LPC845/drivers/fsl_reset.c.obj
                0x00004140                RESET_SetPeripheralReset
 .text.RESET_ClearPeripheralReset
                0x000041bc       0x78 CMakeFiles/new_project.elf.dir/Users/faculedesma/Documents/GitHub/curso-lse/trabajo_integrador/sdks/tp_final_sdk/devices/LPC845/drivers/fsl_reset.c.obj
                0x000041bc                RESET_ClearPeripheralReset
 .text.RESET_PeripheralReset
                0x00004234       0x20 CMakeFiles/new_project.elf.dir/Users/faculedesma/Documents/GitHub/curso-lse/trabajo_integrador/sdks/tp_final_sdk/devices/LPC845/drivers/fsl_reset.c.obj
                0x00004234                RESET_PeripheralReset
 .text.CLOCK_EnableClock
                0x00004254       0x54 CMakeFiles/new_project.elf.dir/Users/faculedesma/Documents/GitHub/curso-lse/trabajo_integrador/sdks/tp_final_sdk/devices/LPC845/drivers/fsl_sctimer.c.obj
 .text.SCTIMER_StartTimer
                0x000042a8      0x108 CMakeFiles/new_project.elf.dir/Users/faculedesma/Documents/GitHub/curso-lse/trabajo_integrador/sdks/tp_final_sdk/devices/LPC845/drivers/fsl_sctimer.c.obj
 .text.SCTIMER_StopTimer
                0x000043b0      0x104 CMakeFiles/new_project.elf.dir/Users/faculedesma/Documents/GitHub/curso-lse/trabajo_integrador/sdks/tp_final_sdk/devices/LPC845/drivers/fsl_sctimer.c.obj
 .text.SCTIMER_SetupOutputSetAction
                0x000044b4       0x58 CMakeFiles/new_project.elf.dir/Users/faculedesma/Documents/GitHub/curso-lse/trabajo_integrador/sdks/tp_final_sdk/devices/LPC845/drivers/fsl_sctimer.c.obj
 .text.SCTIMER_SetupOutputClearAction
                0x0000450c       0x5c CMakeFiles/new_project.elf.dir/Users/faculedesma/Documents/GitHub/curso-lse/trabajo_integrador/sdks/tp_final_sdk/devices/LPC845/drivers/fsl_sctimer.c.obj
 .text.SCTIMER_SetupCounterLimitAction
                0x00004568       0xdc CMakeFiles/new_project.elf.dir/Users/faculedesma/Documents/GitHub/curso-lse/trabajo_integrador/sdks/tp_final_sdk/devices/LPC845/drivers/fsl_sctimer.c.obj
 .text.SCTIMER_GetInstance
                0x00004644       0x5c CMakeFiles/new_project.elf.dir/Users/faculedesma/Documents/GitHub/curso-lse/trabajo_integrador/sdks/tp_final_sdk/devices/LPC845/drivers/fsl_sctimer.c.obj
 .text.SCTIMER_Init
                0x000046a0      0x154 CMakeFiles/new_project.elf.dir/Users/faculedesma/Documents/GitHub/curso-lse/trabajo_integrador/sdks/tp_final_sdk/devices/LPC845/drivers/fsl_sctimer.c.obj
                0x000046a0                SCTIMER_Init
 .text.SCTIMER_GetDefaultConfig
                0x000047f4       0x70 CMakeFiles/new_project.elf.dir/Users/faculedesma/Documents/GitHub/curso-lse/trabajo_integrador/sdks/tp_final_sdk/devices/LPC845/drivers/fsl_sctimer.c.obj
                0x000047f4                SCTIMER_GetDefaultConfig
 .text.SCTIMER_SetupPwm
                0x00004864      0x304 CMakeFiles/new_project.elf.dir/Users/faculedesma/Documents/GitHub/curso-lse/trabajo_integrador/sdks/tp_final_sdk/devices/LPC845/drivers/fsl_sctimer.c.obj
                0x00004864                SCTIMER_SetupPwm
 .text.SCTIMER_UpdatePwmDutycycle
                0x00004b68      0x1b8 CMakeFiles/new_project.elf.dir/Users/faculedesma/Documents/GitHub/curso-lse/trabajo_integrador/sdks/tp_final_sdk/devices/LPC845/drivers/fsl_sctimer.c.obj
                0x00004b68                SCTIMER_UpdatePwmDutycycle
 .text.SCTIMER_CreateAndScheduleEvent
                0x00004d20      0x248 CMakeFiles/new_project.elf.dir/Users/faculedesma/Documents/GitHub/curso-lse/trabajo_integrador/sdks/tp_final_sdk/devices/LPC845/drivers/fsl_sctimer.c.obj
                0x00004d20                SCTIMER_CreateAndScheduleEvent
 .text.SCTIMER_EventHandleIRQ
                0x00004f68       0x74 CMakeFiles/new_project.elf.dir/Users/faculedesma/Documents/GitHub/curso-lse/trabajo_integrador/sdks/tp_final_sdk/devices/LPC845/drivers/fsl_sctimer.c.obj
                0x00004f68                SCTIMER_EventHandleIRQ
 .text.SCT0_DriverIRQHandler
                0x00004fdc       0x1c CMakeFiles/new_project.elf.dir/Users/faculedesma/Documents/GitHub/curso-lse/trabajo_integrador/sdks/tp_final_sdk/devices/LPC845/drivers/fsl_sctimer.c.obj
                0x00004fdc                SCT0_DriverIRQHandler
 .text.SWM_SetMovablePinSelect
                0x00004ff8       0xa8 CMakeFiles/new_project.elf.dir/Users/faculedesma/Documents/GitHub/curso-lse/trabajo_integrador/sdks/tp_final_sdk/devices/LPC845/drivers/fsl_swm.c.obj
                0x00004ff8                SWM_SetMovablePinSelect
 .text.SWM_SetFixedPinSelect
                0x000050a0       0xac CMakeFiles/new_project.elf.dir/Users/faculedesma/Documents/GitHub/curso-lse/trabajo_integrador/sdks/tp_final_sdk/devices/LPC845/drivers/fsl_swm.c.obj
                0x000050a0                SWM_SetFixedPinSelect
 .text.fsl_assert_hook
                0x0000514c       0x16 CMakeFiles/new_project.elf.dir/Users/faculedesma/Documents/GitHub/curso-lse/trabajo_integrador/sdks/tp_final_sdk/devices/LPC845/utilities/debug_console_lite/fsl_assert.c.obj
                0x0000514c                fsl_assert_hook
 *fill*         0x00005162        0x2 
 .text.__assert_func
                0x00005164       0x34 CMakeFiles/new_project.elf.dir/Users/faculedesma/Documents/GitHub/curso-lse/trabajo_integrador/sdks/tp_final_sdk/devices/LPC845/utilities/debug_console_lite/fsl_assert.c.obj
                0x00005164                __assert_func
 .text.DbgConsole_Init
                0x00005198       0xa8 CMakeFiles/new_project.elf.dir/Users/faculedesma/Documents/GitHub/curso-lse/trabajo_integrador/sdks/tp_final_sdk/devices/LPC845/utilities/debug_console_lite/fsl_debug_console.c.obj
                0x00005198                DbgConsole_Init
 .text.DbgConsole_Printf
                0x00005240       0x32 CMakeFiles/new_project.elf.dir/Users/faculedesma/Documents/GitHub/curso-lse/trabajo_integrador/sdks/tp_final_sdk/devices/LPC845/utilities/debug_console_lite/fsl_debug_console.c.obj
                0x00005240                DbgConsole_Printf
 *fill*         0x00005272        0x2 
 .text.DbgConsole_Vprintf
                0x00005274       0x40 CMakeFiles/new_project.elf.dir/Users/faculedesma/Documents/GitHub/curso-lse/trabajo_integrador/sdks/tp_final_sdk/devices/LPC845/utilities/debug_console_lite/fsl_debug_console.c.obj
                0x00005274                DbgConsole_Vprintf
 .text.DbgConsole_Putchar
                0x000052b4       0x30 CMakeFiles/new_project.elf.dir/Users/faculedesma/Documents/GitHub/curso-lse/trabajo_integrador/sdks/tp_final_sdk/devices/LPC845/utilities/debug_console_lite/fsl_debug_console.c.obj
                0x000052b4                DbgConsole_Putchar
 .text.DbgConsole_PrintfPaddingCharacter
                0x000052e4       0x48 CMakeFiles/new_project.elf.dir/Users/faculedesma/Documents/GitHub/curso-lse/trabajo_integrador/sdks/tp_final_sdk/devices/LPC845/utilities/debug_console_lite/fsl_debug_console.c.obj
 .text.DbgConsole_ConvertRadixNumToString
                0x0000532c       0xc2 CMakeFiles/new_project.elf.dir/Users/faculedesma/Documents/GitHub/curso-lse/trabajo_integrador/sdks/tp_final_sdk/devices/LPC845/utilities/debug_console_lite/fsl_debug_console.c.obj
 .text.DbgConsole_PrintfFormattedData
                0x000053ee      0x3da CMakeFiles/new_project.elf.dir/Users/faculedesma/Documents/GitHub/curso-lse/trabajo_integrador/sdks/tp_final_sdk/devices/LPC845/utilities/debug_console_lite/fsl_debug_console.c.obj
 .text.__muldi3
                0x000057c8       0x5c /Users/faculedesma/.mcuxpressotools/arm-gnu-toolchain-13.2.Rel1-darwin-arm64-arm-none-eabi/bin/../lib/gcc/arm-none-eabi/13.2.1/thumb/v6-m/nofp/libgcc.a(_muldi3.o)
                0x000057c8                __aeabi_lmul
                0x000057c8                __muldi3
 .text.__fixunssfsi
                0x00005824       0x30 /Users/faculedesma/.mcuxpressotools/arm-gnu-toolchain-13.2.Rel1-darwin-arm64-arm-none-eabi/bin/../lib/gcc/arm-none-eabi/13.2.1/thumb/v6-m/nofp/libgcc.a(_fixunssfsi.o)
                0x00005824                __aeabi_f2uiz
                0x00005824                __fixunssfsi
 .text.__udivmoddi4
                0x00005854      0x198 /Users/faculedesma/.mcuxpressotools/arm-gnu-toolchain-13.2.Rel1-darwin-arm64-arm-none-eabi/bin/../lib/gcc/arm-none-eabi/13.2.1/thumb/v6-m/nofp/libgcc.a(_udivmoddi4.o)
                0x00005854                __udivmoddi4
 .text.__aeabi_fadd
                0x000059ec      0x340 /Users/faculedesma/.mcuxpressotools/arm-gnu-toolchain-13.2.Rel1-darwin-arm64-arm-none-eabi/bin/../lib/gcc/arm-none-eabi/13.2.1/thumb/v6-m/nofp/libgcc.a(addsf3.o)
                0x000059ec                __aeabi_fadd
 .text.__aeabi_fdiv
                0x00005d2c      0x224 /Users/faculedesma/.mcuxpressotools/arm-gnu-toolchain-13.2.Rel1-darwin-arm64-arm-none-eabi/bin/../lib/gcc/arm-none-eabi/13.2.1/thumb/v6-m/nofp/libgcc.a(divsf3.o)
                0x00005d2c                __aeabi_fdiv
 .text.__eqsf2  0x00005f50       0x50 /Users/faculedesma/.mcuxpressotools/arm-gnu-toolchain-13.2.Rel1-darwin-arm64-arm-none-eabi/bin/../lib/gcc/arm-none-eabi/13.2.1/thumb/v6-m/nofp/libgcc.a(eqsf2.o)
                0x00005f50                __nesf2
                0x00005f50                __eqsf2
 .text.__gesf2  0x00005fa0       0x94 /Users/faculedesma/.mcuxpressotools/arm-gnu-toolchain-13.2.Rel1-darwin-arm64-arm-none-eabi/bin/../lib/gcc/arm-none-eabi/13.2.1/thumb/v6-m/nofp/libgcc.a(gesf2.o)
                0x00005fa0                __gtsf2
                0x00005fa0                __gesf2
 .text.__lesf2  0x00006034       0x90 /Users/faculedesma/.mcuxpressotools/arm-gnu-toolchain-13.2.Rel1-darwin-arm64-arm-none-eabi/bin/../lib/gcc/arm-none-eabi/13.2.1/thumb/v6-m/nofp/libgcc.a(lesf2.o)
                0x00006034                __lesf2
                0x00006034                __ltsf2
 .text.__aeabi_fmul
                0x000060c4      0x280 /Users/faculedesma/.mcuxpressotools/arm-gnu-toolchain-13.2.Rel1-darwin-arm64-arm-none-eabi/bin/../lib/gcc/arm-none-eabi/13.2.1/thumb/v6-m/nofp/libgcc.a(mulsf3.o)
                0x000060c4                __aeabi_fmul
 .text.__aeabi_fsub
                0x00006344      0x38c /Users/faculedesma/.mcuxpressotools/arm-gnu-toolchain-13.2.Rel1-darwin-arm64-arm-none-eabi/bin/../lib/gcc/arm-none-eabi/13.2.1/thumb/v6-m/nofp/libgcc.a(subsf3.o)
                0x00006344                __aeabi_fsub
 .text.__aeabi_f2iz
                0x000066d0       0x40 /Users/faculedesma/.mcuxpressotools/arm-gnu-toolchain-13.2.Rel1-darwin-arm64-arm-none-eabi/bin/../lib/gcc/arm-none-eabi/13.2.1/thumb/v6-m/nofp/libgcc.a(fixsfsi.o)
                0x000066d0                __aeabi_f2iz
 .text.__aeabi_i2f
                0x00006710       0x94 /Users/faculedesma/.mcuxpressotools/arm-gnu-toolchain-13.2.Rel1-darwin-arm64-arm-none-eabi/bin/../lib/gcc/arm-none-eabi/13.2.1/thumb/v6-m/nofp/libgcc.a(floatsisf.o)
                0x00006710                __aeabi_i2f
 .text.__aeabi_ui2f
                0x000067a4       0x80 /Users/faculedesma/.mcuxpressotools/arm-gnu-toolchain-13.2.Rel1-darwin-arm64-arm-none-eabi/bin/../lib/gcc/arm-none-eabi/13.2.1/thumb/v6-m/nofp/libgcc.a(floatunsisf.o)
                0x000067a4                __aeabi_ui2f
 .text.__aeabi_ddiv
                0x00006824      0x604 /Users/faculedesma/.mcuxpressotools/arm-gnu-toolchain-13.2.Rel1-darwin-arm64-arm-none-eabi/bin/../lib/gcc/arm-none-eabi/13.2.1/thumb/v6-m/nofp/libgcc.a(divdf3.o)
                0x00006824                __aeabi_ddiv
 .text.__aeabi_i2d
                0x00006e28       0x5c /Users/faculedesma/.mcuxpressotools/arm-gnu-toolchain-13.2.Rel1-darwin-arm64-arm-none-eabi/bin/../lib/gcc/arm-none-eabi/13.2.1/thumb/v6-m/nofp/libgcc.a(floatsidf.o)
                0x00006e28                __aeabi_i2d
 .text.__aeabi_d2f
                0x00006e84      0x10c /Users/faculedesma/.mcuxpressotools/arm-gnu-toolchain-13.2.Rel1-darwin-arm64-arm-none-eabi/bin/../lib/gcc/arm-none-eabi/13.2.1/thumb/v6-m/nofp/libgcc.a(truncdfsf2.o)
                0x00006e84                __aeabi_d2f
 .text.exit     0x00006f90       0x28 /Users/faculedesma/.mcuxpressotools/arm-gnu-toolchain-13.2.Rel1-darwin-arm64-arm-none-eabi/bin/../lib/gcc/arm-none-eabi/13.2.1/../../../../arm-none-eabi/lib/thumb/v6-m/nofp/libc_nano.a(libc_a-exit.o)
                0x00006f90                exit
 .text.memset   0x00006fb8       0x10 /Users/faculedesma/.mcuxpressotools/arm-gnu-toolchain-13.2.Rel1-darwin-arm64-arm-none-eabi/bin/../lib/gcc/arm-none-eabi/13.2.1/../../../../arm-none-eabi/lib/thumb/v6-m/nofp/libc_nano.a(libc_a-memset.o)
                0x00006fb8                memset
 .text.__libc_init_array
                0x00006fc8       0x48 /Users/faculedesma/.mcuxpressotools/arm-gnu-toolchain-13.2.Rel1-darwin-arm64-arm-none-eabi/bin/../lib/gcc/arm-none-eabi/13.2.1/../../../../arm-none-eabi/lib/thumb/v6-m/nofp/libc_nano.a(libc_a-init.o)
                0x00006fc8                __libc_init_array
 .text.memcpy   0x00007010       0x12 /Users/faculedesma/.mcuxpressotools/arm-gnu-toolchain-13.2.Rel1-darwin-arm64-arm-none-eabi/bin/../lib/gcc/arm-none-eabi/13.2.1/../../../../arm-none-eabi/lib/thumb/v6-m/nofp/libc_nano.a(libc_a-memcpy-stub.o)
                0x00007010                memcpy
 .text._exit    0x00007022        0x2 /Users/faculedesma/.mcuxpressotools/arm-gnu-toolchain-13.2.Rel1-darwin-arm64-arm-none-eabi/bin/../lib/gcc/arm-none-eabi/13.2.1/../../../../arm-none-eabi/lib/thumb/v6-m/nofp/libcr_newlib_nohost.a(_exit.o)
                0x00007022                _exit
 .text.xQueueGenericReset
                0x00007024      0x116 freertos/libfreertos.a(queue.c.obj)
                0x00007024                xQueueGenericReset
 .text.xQueueGenericCreate
                0x0000713a       0xbe freertos/libfreertos.a(queue.c.obj)
                0x0000713a                xQueueGenericCreate
 .text.prvInitialiseNewQueue
                0x000071f8       0x4e freertos/libfreertos.a(queue.c.obj)
 .text.prvInitialiseMutex
                0x00007246       0x34 freertos/libfreertos.a(queue.c.obj)
 .text.xQueueCreateMutex
                0x0000727a       0x38 freertos/libfreertos.a(queue.c.obj)
                0x0000727a                xQueueCreateMutex
 .text.xQueueGenericSend
                0x000072b2      0x172 freertos/libfreertos.a(queue.c.obj)
                0x000072b2                xQueueGenericSend
 .text.xQueueGenericSendFromISR
                0x00007424      0x114 freertos/libfreertos.a(queue.c.obj)
                0x00007424                xQueueGenericSendFromISR
 .text.xQueueGiveFromISR
                0x00007538       0xf6 freertos/libfreertos.a(queue.c.obj)
                0x00007538                xQueueGiveFromISR
 .text.xQueueSemaphoreTake
                0x0000762e      0x192 freertos/libfreertos.a(queue.c.obj)
                0x0000762e                xQueueSemaphoreTake
 .text.xQueuePeek
                0x000077c0      0x156 freertos/libfreertos.a(queue.c.obj)
                0x000077c0                xQueuePeek
 .text.prvGetDisinheritPriorityAfterTimeout
                0x00007916       0x2c freertos/libfreertos.a(queue.c.obj)
 .text.prvCopyDataToQueue
                0x00007942       0xd6 freertos/libfreertos.a(queue.c.obj)
 .text.prvCopyDataFromQueue
                0x00007a18       0x4c freertos/libfreertos.a(queue.c.obj)
 .text.prvUnlockQueue
                0x00007a64       0xbc freertos/libfreertos.a(queue.c.obj)
 .text.prvIsQueueEmpty
                0x00007b20       0x2c freertos/libfreertos.a(queue.c.obj)
 .text.prvIsQueueFull
                0x00007b4c       0x30 freertos/libfreertos.a(queue.c.obj)
 .text.prvCreateTask
                0x00007b7c       0x82 freertos/libfreertos.a(tasks.c.obj)
 .text.xTaskCreate
                0x00007bfe       0x4c freertos/libfreertos.a(tasks.c.obj)
                0x00007bfe                xTaskCreate
 *fill*         0x00007c4a        0x2 
 .text.prvInitialiseNewTask
                0x00007c4c      0x108 freertos/libfreertos.a(tasks.c.obj)
 .text.prvAddNewTaskToReadyList
                0x00007d54      0x120 freertos/libfreertos.a(tasks.c.obj)
 .text.vTaskDelete
                0x00007e74       0xec freertos/libfreertos.a(tasks.c.obj)
                0x00007e74                vTaskDelete
 .text.vTaskDelay
                0x00007f60       0x4c freertos/libfreertos.a(tasks.c.obj)
                0x00007f60                vTaskDelay
 .text.prvCreateIdleTasks
                0x00007fac       0x98 freertos/libfreertos.a(tasks.c.obj)
 .text.vTaskStartScheduler
                0x00008044       0x58 freertos/libfreertos.a(tasks.c.obj)
                0x00008044                vTaskStartScheduler
 .text.vTaskSuspendAll
                0x0000809c       0x18 freertos/libfreertos.a(tasks.c.obj)
                0x0000809c                vTaskSuspendAll
 .text.prvGetExpectedIdleTime
                0x000080b4       0x70 freertos/libfreertos.a(tasks.c.obj)
 .text.xTaskResumeAll
                0x00008124      0x1ec freertos/libfreertos.a(tasks.c.obj)
                0x00008124                xTaskResumeAll
 .text.uxTaskGetNumberOfTasks
                0x00008310       0x14 freertos/libfreertos.a(tasks.c.obj)
                0x00008310                uxTaskGetNumberOfTasks
 .text.vTaskStepTick
                0x00008324       0x84 freertos/libfreertos.a(tasks.c.obj)
                0x00008324                vTaskStepTick
 .text.xTaskIncrementTick
                0x000083a8      0x21c freertos/libfreertos.a(tasks.c.obj)
                0x000083a8                xTaskIncrementTick
 .text.vTaskSwitchContext
                0x000085c4       0xa8 freertos/libfreertos.a(tasks.c.obj)
                0x000085c4                vTaskSwitchContext
 .text.vTaskPlaceOnEventList
                0x0000866c       0x40 freertos/libfreertos.a(tasks.c.obj)
                0x0000866c                vTaskPlaceOnEventList
 .text.xTaskRemoveFromEventList
                0x000086ac      0x1a0 freertos/libfreertos.a(tasks.c.obj)
                0x000086ac                xTaskRemoveFromEventList
 .text.vTaskInternalSetTimeOutState
                0x0000884c       0x28 freertos/libfreertos.a(tasks.c.obj)
                0x0000884c                vTaskInternalSetTimeOutState
 .text.xTaskCheckForTimeOut
                0x00008874       0xac freertos/libfreertos.a(tasks.c.obj)
                0x00008874                xTaskCheckForTimeOut
 .text.vTaskMissedYield
                0x00008920       0x14 freertos/libfreertos.a(tasks.c.obj)
                0x00008920                vTaskMissedYield
 .text.prvIdleTask
                0x00008934       0x64 freertos/libfreertos.a(tasks.c.obj)
 .text.eTaskConfirmSleepModeStatus
                0x00008998       0x78 freertos/libfreertos.a(tasks.c.obj)
                0x00008998                eTaskConfirmSleepModeStatus
 .text.prvInitialiseTaskLists
                0x00008a10       0x88 freertos/libfreertos.a(tasks.c.obj)
 .text.prvCheckTasksWaitingTermination
                0x00008a98       0x5c freertos/libfreertos.a(tasks.c.obj)
 .text.prvDeleteTCB
                0x00008af4       0x22 freertos/libfreertos.a(tasks.c.obj)
 *fill*         0x00008b16        0x2 
 .text.prvResetNextTaskUnblockTime
                0x00008b18       0x34 freertos/libfreertos.a(tasks.c.obj)
 .text.xTaskPriorityInherit
                0x00008b4c      0x124 freertos/libfreertos.a(tasks.c.obj)
                0x00008b4c                xTaskPriorityInherit
 .text.xTaskPriorityDisinherit
                0x00008c70      0x10c freertos/libfreertos.a(tasks.c.obj)
                0x00008c70                xTaskPriorityDisinherit
 .text.vTaskPriorityDisinheritAfterTimeout
                0x00008d7c      0x134 freertos/libfreertos.a(tasks.c.obj)
                0x00008d7c                vTaskPriorityDisinheritAfterTimeout
 .text.pvTaskIncrementMutexHeldCount
                0x00008eb0       0x2c freertos/libfreertos.a(tasks.c.obj)
                0x00008eb0                pvTaskIncrementMutexHeldCount
 .text.prvAddCurrentTaskToDelayedList
                0x00008edc       0xe4 freertos/libfreertos.a(tasks.c.obj)
 .text.pvPortMalloc
                0x00008fc0      0x140 freertos/libfreertos.a(heap_2.c.obj)
                0x00008fc0                pvPortMalloc
 .text.vPortFree
                0x00009100       0xac freertos/libfreertos.a(heap_2.c.obj)
                0x00009100                vPortFree
 .text.prvHeapInit
                0x000091ac       0x50 freertos/libfreertos.a(heap_2.c.obj)
 .text.pxPortInitialiseStack
                0x000091fc       0x54 freertos/libfreertos.a(port.c.obj)
                0x000091fc                pxPortInitialiseStack
 .text.prvTaskExitError
                0x00009250       0x30 freertos/libfreertos.a(port.c.obj)
 .text.SVC_Handler
                0x00009280        0xa freertos/libfreertos.a(port.c.obj)
                0x00009280                SVC_Handler
 *fill*         0x0000928a        0x6 
 .text.vPortStartFirstTask
                0x00009290       0x38 freertos/libfreertos.a(port.c.obj)
 .text.xPortStartScheduler
                0x000092c8       0x48 freertos/libfreertos.a(port.c.obj)
                0x000092c8                xPortStartScheduler
 .text.vPortYield
                0x00009310       0x20 freertos/libfreertos.a(port.c.obj)
                0x00009310                vPortYield
 .text.vPortEnterCritical
                0x00009330       0x24 freertos/libfreertos.a(port.c.obj)
                0x00009330                vPortEnterCritical
 .text.vPortExitCritical
                0x00009354       0x30 freertos/libfreertos.a(port.c.obj)
                0x00009354                vPortExitCritical
 .text.ulSetInterruptMaskFromISR
                0x00009384        0xc freertos/libfreertos.a(port.c.obj)
                0x00009384                ulSetInterruptMaskFromISR
 .text.vClearInterruptMaskFromISR
                0x00009390        0x8 freertos/libfreertos.a(port.c.obj)
                0x00009390                vClearInterruptMaskFromISR
 *fill*         0x00009398        0x8 
 .text.PendSV_Handler
                0x000093a0       0x48 freertos/libfreertos.a(port.c.obj)
                0x000093a0                PendSV_Handler
 .text.SysTick_Handler
                0x000093e8       0x34 freertos/libfreertos.a(port.c.obj)
                0x000093e8                SysTick_Handler
 .text.vPortSetupTimerInterrupt
                0x0000941c       0x84 freertos/libfreertos.a(port.c.obj)
                0x0000941c                vPortSetupTimerInterrupt
 .text.vPortSuppressTicksAndSleep
                0x000094a0      0x194 freertos/libfreertos.a(port.c.obj)
                0x000094a0                vPortSuppressTicksAndSleep
 .text.vListInitialise
                0x00009634       0x3c freertos/libfreertos.a(list.c.obj)
                0x00009634                vListInitialise
 .text.vListInitialiseItem
                0x00009670       0x16 freertos/libfreertos.a(list.c.obj)
                0x00009670                vListInitialiseItem
 .text.vListInsertEnd
                0x00009686       0x44 freertos/libfreertos.a(list.c.obj)
                0x00009686                vListInsertEnd
 .text.vListInsert
                0x000096ca       0x6c freertos/libfreertos.a(list.c.obj)
                0x000096ca                vListInsert
 .text.uxListRemove
                0x00009736       0x50 freertos/libfreertos.a(list.c.obj)
                0x00009736                uxListRemove
 *(.rodata)
 *fill*         0x00009786        0x2 
 .rodata        0x00009788       0x9e CMakeFiles/new_project.elf.dir/Users/faculedesma/Documents/GitHub/curso-lse/trabajo_integrador/tp_final/main.c.obj
 *fill*         0x00009826        0x2 
 .rodata        0x00009828       0x6e CMakeFiles/new_project.elf.dir/Users/faculedesma/Documents/GitHub/curso-lse/trabajo_integrador/tp_final/board.c.obj
 *fill*         0x00009896        0x2 
 .rodata        0x00009898       0x84 CMakeFiles/new_project.elf.dir/Users/faculedesma/Documents/GitHub/curso-lse/trabajo_integrador/tp_final/clock_config.c.obj
 .rodata        0x0000991c       0x6c CMakeFiles/new_project.elf.dir/Users/faculedesma/Documents/GitHub/curso-lse/trabajo_integrador/tp_final/app_tasks.c.obj
 .rodata        0x00009988      0x214 CMakeFiles/new_project.elf.dir/Users/faculedesma/Documents/GitHub/curso-lse/trabajo_integrador/tp_final/wrappers.c.obj
 .rodata        0x00009b9c      0x117 CMakeFiles/new_project.elf.dir/Users/faculedesma/Documents/GitHub/curso-lse/trabajo_integrador/sdks/tp_final_sdk/components/uart/fsl_adapter_miniusart.c.obj
 *fill*         0x00009cb3        0x1 
 .rodata        0x00009cb4       0xd8 CMakeFiles/new_project.elf.dir/Users/faculedesma/Documents/GitHub/curso-lse/trabajo_integrador/sdks/tp_final_sdk/devices/LPC845/drivers/fsl_clock.c.obj
 .rodata        0x00009d8c       0x8f CMakeFiles/new_project.elf.dir/Users/faculedesma/Documents/GitHub/curso-lse/trabajo_integrador/sdks/tp_final_sdk/devices/LPC845/drivers/fsl_common_arm.c.obj
 *fill*         0x00009e1b        0x1 
 .rodata        0x00009e1c       0xe0 CMakeFiles/new_project.elf.dir/Users/faculedesma/Documents/GitHub/curso-lse/trabajo_integrador/sdks/tp_final_sdk/devices/LPC845/drivers/fsl_adc.c.obj
 .rodata        0x00009efc       0x99 CMakeFiles/new_project.elf.dir/Users/faculedesma/Documents/GitHub/curso-lse/trabajo_integrador/sdks/tp_final_sdk/devices/LPC845/drivers/fsl_gpio.c.obj
 *fill*         0x00009f95        0x3 
 .rodata        0x00009f98      0x18c CMakeFiles/new_project.elf.dir/Users/faculedesma/Documents/GitHub/curso-lse/trabajo_integrador/sdks/tp_final_sdk/devices/LPC845/drivers/fsl_i2c.c.obj
 .rodata        0x0000a124      0x2b7 CMakeFiles/new_project.elf.dir/Users/faculedesma/Documents/GitHub/curso-lse/trabajo_integrador/sdks/tp_final_sdk/devices/LPC845/drivers/fsl_usart.c.obj
 *fill*         0x0000a3db        0x1 
 .rodata        0x0000a3dc       0xa9 CMakeFiles/new_project.elf.dir/Users/faculedesma/Documents/GitHub/curso-lse/trabajo_integrador/sdks/tp_final_sdk/devices/LPC845/drivers/fsl_pint.c.obj
 *fill*         0x0000a485        0x3 
 .rodata        0x0000a488       0x86 CMakeFiles/new_project.elf.dir/Users/faculedesma/Documents/GitHub/curso-lse/trabajo_integrador/sdks/tp_final_sdk/devices/LPC845/drivers/fsl_reset.c.obj
 *fill*         0x0000a50e        0x2 
 .rodata        0x0000a510      0x29f CMakeFiles/new_project.elf.dir/Users/faculedesma/Documents/GitHub/curso-lse/trabajo_integrador/sdks/tp_final_sdk/devices/LPC845/drivers/fsl_sctimer.c.obj
 *fill*         0x0000a7af        0x1 
 .rodata        0x0000a7b0       0xa2 CMakeFiles/new_project.elf.dir/Users/faculedesma/Documents/GitHub/curso-lse/trabajo_integrador/sdks/tp_final_sdk/devices/LPC845/drivers/fsl_swm.c.obj
 *fill*         0x0000a852        0x2 
 .rodata        0x0000a854       0x3e CMakeFiles/new_project.elf.dir/Users/faculedesma/Documents/GitHub/curso-lse/trabajo_integrador/sdks/tp_final_sdk/devices/LPC845/utilities/debug_console_lite/fsl_assert.c.obj
 *fill*         0x0000a892        0x2 
 .rodata        0x0000a894        0x5 freertos/libfreertos.a(tasks.c.obj)
 *(.rodata*)
 *fill*         0x0000a899        0x3 
 .rodata.__func__.0
                0x0000a89c       0x17 CMakeFiles/new_project.elf.dir/Users/faculedesma/Documents/GitHub/curso-lse/trabajo_integrador/tp_final/board.c.obj
 *fill*         0x0000a8b3        0x1 
 .rodata.__func__.0
                0x0000a8b4       0x17 CMakeFiles/new_project.elf.dir/Users/faculedesma/Documents/GitHub/curso-lse/trabajo_integrador/tp_final/clock_config.c.obj
 *fill*         0x0000a8cb        0x1 
 .rodata.__func__.0
                0x0000a8cc       0x13 CMakeFiles/new_project.elf.dir/Users/faculedesma/Documents/GitHub/curso-lse/trabajo_integrador/tp_final/wrappers.c.obj
 *fill*         0x0000a8df        0x1 
 .rodata.s_UsartAdapterBase
                0x0000a8e0       0x14 CMakeFiles/new_project.elf.dir/Users/faculedesma/Documents/GitHub/curso-lse/trabajo_integrador/sdks/tp_final_sdk/components/uart/fsl_adapter_miniusart.c.obj
 .rodata.__func__.5
                0x0000a8f4        0xd CMakeFiles/new_project.elf.dir/Users/faculedesma/Documents/GitHub/curso-lse/trabajo_integrador/sdks/tp_final_sdk/components/uart/fsl_adapter_miniusart.c.obj
 *fill*         0x0000a901        0x3 
 .rodata.__func__.3
                0x0000a904       0x18 CMakeFiles/new_project.elf.dir/Users/faculedesma/Documents/GitHub/curso-lse/trabajo_integrador/sdks/tp_final_sdk/components/uart/fsl_adapter_miniusart.c.obj
 .rodata.__func__.2
                0x0000a91c       0x15 CMakeFiles/new_project.elf.dir/Users/faculedesma/Documents/GitHub/curso-lse/trabajo_integrador/sdks/tp_final_sdk/components/uart/fsl_adapter_miniusart.c.obj
 *fill*         0x0000a931        0x3 
 .rodata.CLOCK_GetFreq
                0x0000a934       0x24 CMakeFiles/new_project.elf.dir/Users/faculedesma/Documents/GitHub/curso-lse/trabajo_integrador/sdks/tp_final_sdk/devices/LPC845/drivers/fsl_clock.c.obj
 .rodata.__func__.2
                0x0000a958       0x13 CMakeFiles/new_project.elf.dir/Users/faculedesma/Documents/GitHub/curso-lse/trabajo_integrador/sdks/tp_final_sdk/devices/LPC845/drivers/fsl_clock.c.obj
 *fill*         0x0000a96b        0x1 
 .rodata.__func__.0
                0x0000a96c       0x13 CMakeFiles/new_project.elf.dir/Users/faculedesma/Documents/GitHub/curso-lse/trabajo_integrador/sdks/tp_final_sdk/devices/LPC845/drivers/fsl_common_arm.c.obj
 *fill*         0x0000a97f        0x1 
 .rodata.__func__.7
                0x0000a980       0x10 CMakeFiles/new_project.elf.dir/Users/faculedesma/Documents/GitHub/curso-lse/trabajo_integrador/sdks/tp_final_sdk/devices/LPC845/drivers/fsl_adc.c.obj
 .rodata.__func__.6
                0x0000a990        0x9 CMakeFiles/new_project.elf.dir/Users/faculedesma/Documents/GitHub/curso-lse/trabajo_integrador/sdks/tp_final_sdk/devices/LPC845/drivers/fsl_adc.c.obj
 *fill*         0x0000a999        0x3 
 .rodata.__func__.5
                0x0000a99c       0x16 CMakeFiles/new_project.elf.dir/Users/faculedesma/Documents/GitHub/curso-lse/trabajo_integrador/sdks/tp_final_sdk/devices/LPC845/drivers/fsl_adc.c.obj
 *fill*         0x0000a9b2        0x2 
 .rodata.__func__.4
                0x0000a9b4       0x16 CMakeFiles/new_project.elf.dir/Users/faculedesma/Documents/GitHub/curso-lse/trabajo_integrador/sdks/tp_final_sdk/devices/LPC845/drivers/fsl_adc.c.obj
 *fill*         0x0000a9ca        0x2 
 .rodata.__func__.0
                0x0000a9cc       0x1f CMakeFiles/new_project.elf.dir/Users/faculedesma/Documents/GitHub/curso-lse/trabajo_integrador/sdks/tp_final_sdk/devices/LPC845/drivers/fsl_adc.c.obj
 *fill*         0x0000a9eb        0x1 
 .rodata.s_gpioClockName
                0x0000a9ec        0x4 CMakeFiles/new_project.elf.dir/Users/faculedesma/Documents/GitHub/curso-lse/trabajo_integrador/sdks/tp_final_sdk/devices/LPC845/drivers/fsl_gpio.c.obj
 .rodata.s_gpioResets
                0x0000a9f0        0x8 CMakeFiles/new_project.elf.dir/Users/faculedesma/Documents/GitHub/curso-lse/trabajo_integrador/sdks/tp_final_sdk/devices/LPC845/drivers/fsl_gpio.c.obj
 .rodata.__func__.0
                0x0000a9f8       0x15 CMakeFiles/new_project.elf.dir/Users/faculedesma/Documents/GitHub/curso-lse/trabajo_integrador/sdks/tp_final_sdk/devices/LPC845/drivers/fsl_gpio.c.obj
 *fill*         0x0000aa0d        0x3 
 .rodata.s_i2cBases
                0x0000aa10       0x10 CMakeFiles/new_project.elf.dir/Users/faculedesma/Documents/GitHub/curso-lse/trabajo_integrador/sdks/tp_final_sdk/devices/LPC845/drivers/fsl_i2c.c.obj
 .rodata.s_i2cClocks
                0x0000aa20        0x8 CMakeFiles/new_project.elf.dir/Users/faculedesma/Documents/GitHub/curso-lse/trabajo_integrador/sdks/tp_final_sdk/devices/LPC845/drivers/fsl_i2c.c.obj
 .rodata.s_i2cResets
                0x0000aa28       0x10 CMakeFiles/new_project.elf.dir/Users/faculedesma/Documents/GitHub/curso-lse/trabajo_integrador/sdks/tp_final_sdk/devices/LPC845/drivers/fsl_i2c.c.obj
 .rodata.__func__.13
                0x0000aa38       0x10 CMakeFiles/new_project.elf.dir/Users/faculedesma/Documents/GitHub/curso-lse/trabajo_integrador/sdks/tp_final_sdk/devices/LPC845/drivers/fsl_i2c.c.obj
 .rodata.__func__.12
                0x0000aa48       0x16 CMakeFiles/new_project.elf.dir/Users/faculedesma/Documents/GitHub/curso-lse/trabajo_integrador/sdks/tp_final_sdk/devices/LPC845/drivers/fsl_i2c.c.obj
 *fill*         0x0000aa5e        0x2 
 .rodata.__func__.11
                0x0000aa60       0x18 CMakeFiles/new_project.elf.dir/Users/faculedesma/Documents/GitHub/curso-lse/trabajo_integrador/sdks/tp_final_sdk/devices/LPC845/drivers/fsl_i2c.c.obj
 .rodata.__func__.10
                0x0000aa78       0x17 CMakeFiles/new_project.elf.dir/Users/faculedesma/Documents/GitHub/curso-lse/trabajo_integrador/sdks/tp_final_sdk/devices/LPC845/drivers/fsl_i2c.c.obj
 *fill*         0x0000aa8f        0x1 
 .rodata.s_usartBaseAddrs
                0x0000aa90       0x14 CMakeFiles/new_project.elf.dir/Users/faculedesma/Documents/GitHub/curso-lse/trabajo_integrador/sdks/tp_final_sdk/devices/LPC845/drivers/fsl_usart.c.obj
 .rodata.s_usartClock
                0x0000aaa4        0xa CMakeFiles/new_project.elf.dir/Users/faculedesma/Documents/GitHub/curso-lse/trabajo_integrador/sdks/tp_final_sdk/devices/LPC845/drivers/fsl_usart.c.obj
 *fill*         0x0000aaae        0x2 
 .rodata.s_usartRest
                0x0000aab0       0x14 CMakeFiles/new_project.elf.dir/Users/faculedesma/Documents/GitHub/curso-lse/trabajo_integrador/sdks/tp_final_sdk/devices/LPC845/drivers/fsl_usart.c.obj
 .rodata.__func__.18
                0x0000aac4       0x12 CMakeFiles/new_project.elf.dir/Users/faculedesma/Documents/GitHub/curso-lse/trabajo_integrador/sdks/tp_final_sdk/devices/LPC845/drivers/fsl_usart.c.obj
 *fill*         0x0000aad6        0x2 
 .rodata.__func__.13
                0x0000aad8        0xb CMakeFiles/new_project.elf.dir/Users/faculedesma/Documents/GitHub/curso-lse/trabajo_integrador/sdks/tp_final_sdk/devices/LPC845/drivers/fsl_usart.c.obj
 *fill*         0x0000aae3        0x1 
 .rodata.__func__.11
                0x0000aae4       0x17 CMakeFiles/new_project.elf.dir/Users/faculedesma/Documents/GitHub/curso-lse/trabajo_integrador/sdks/tp_final_sdk/devices/LPC845/drivers/fsl_usart.c.obj
 *fill*         0x0000aafb        0x1 
 .rodata.__func__.10
                0x0000aafc       0x12 CMakeFiles/new_project.elf.dir/Users/faculedesma/Documents/GitHub/curso-lse/trabajo_integrador/sdks/tp_final_sdk/devices/LPC845/drivers/fsl_usart.c.obj
 *fill*         0x0000ab0e        0x2 
 .rodata.__func__.9
                0x0000ab10       0x14 CMakeFiles/new_project.elf.dir/Users/faculedesma/Documents/GitHub/curso-lse/trabajo_integrador/sdks/tp_final_sdk/devices/LPC845/drivers/fsl_usart.c.obj
 .rodata.__func__.8
                0x0000ab24       0x13 CMakeFiles/new_project.elf.dir/Users/faculedesma/Documents/GitHub/curso-lse/trabajo_integrador/sdks/tp_final_sdk/devices/LPC845/drivers/fsl_usart.c.obj
 *fill*         0x0000ab37        0x1 
 .rodata.s_pintIRQ
                0x0000ab38        0x8 CMakeFiles/new_project.elf.dir/Users/faculedesma/Documents/GitHub/curso-lse/trabajo_integrador/sdks/tp_final_sdk/devices/LPC845/drivers/fsl_pint.c.obj
 .rodata.__func__.10
                0x0000ab40       0x11 CMakeFiles/new_project.elf.dir/Users/faculedesma/Documents/GitHub/curso-lse/trabajo_integrador/sdks/tp_final_sdk/devices/LPC845/drivers/fsl_pint.c.obj
 *fill*         0x0000ab51        0x3 
 .rodata.__func__.9
                0x0000ab54        0xa CMakeFiles/new_project.elf.dir/Users/faculedesma/Documents/GitHub/curso-lse/trabajo_integrador/sdks/tp_final_sdk/devices/LPC845/drivers/fsl_pint.c.obj
 *fill*         0x0000ab5e        0x2 
 .rodata.__func__.8
                0x0000ab60       0x18 CMakeFiles/new_project.elf.dir/Users/faculedesma/Documents/GitHub/curso-lse/trabajo_integrador/sdks/tp_final_sdk/devices/LPC845/drivers/fsl_pint.c.obj
 .rodata.__func__.3
                0x0000ab78       0x1b CMakeFiles/new_project.elf.dir/Users/faculedesma/Documents/GitHub/curso-lse/trabajo_integrador/sdks/tp_final_sdk/devices/LPC845/drivers/fsl_pint.c.obj
 *fill*         0x0000ab93        0x1 
 .rodata.__func__.1
                0x0000ab94       0x19 CMakeFiles/new_project.elf.dir/Users/faculedesma/Documents/GitHub/curso-lse/trabajo_integrador/sdks/tp_final_sdk/devices/LPC845/drivers/fsl_reset.c.obj
 *fill*         0x0000abad        0x3 
 .rodata.__func__.0
                0x0000abb0       0x1b CMakeFiles/new_project.elf.dir/Users/faculedesma/Documents/GitHub/curso-lse/trabajo_integrador/sdks/tp_final_sdk/devices/LPC845/drivers/fsl_reset.c.obj
 *fill*         0x0000abcb        0x1 
 .rodata.__func__.10
                0x0000abcc       0x14 CMakeFiles/new_project.elf.dir/Users/faculedesma/Documents/GitHub/curso-lse/trabajo_integrador/sdks/tp_final_sdk/devices/LPC845/drivers/fsl_sctimer.c.obj
 .rodata.__func__.9
                0x0000abe0        0xd CMakeFiles/new_project.elf.dir/Users/faculedesma/Documents/GitHub/curso-lse/trabajo_integrador/sdks/tp_final_sdk/devices/LPC845/drivers/fsl_sctimer.c.obj
 *fill*         0x0000abed        0x3 
 .rodata.__func__.8
                0x0000abf0       0x19 CMakeFiles/new_project.elf.dir/Users/faculedesma/Documents/GitHub/curso-lse/trabajo_integrador/sdks/tp_final_sdk/devices/LPC845/drivers/fsl_sctimer.c.obj
 *fill*         0x0000ac09        0x3 
 .rodata.__func__.7
                0x0000ac0c       0x11 CMakeFiles/new_project.elf.dir/Users/faculedesma/Documents/GitHub/curso-lse/trabajo_integrador/sdks/tp_final_sdk/devices/LPC845/drivers/fsl_sctimer.c.obj
 *fill*         0x0000ac1d        0x3 
 .rodata.__func__.6
                0x0000ac20       0x20 CMakeFiles/new_project.elf.dir/Users/faculedesma/Documents/GitHub/curso-lse/trabajo_integrador/sdks/tp_final_sdk/devices/LPC845/drivers/fsl_sctimer.c.obj
 .rodata.__func__.5
                0x0000ac40       0x1f CMakeFiles/new_project.elf.dir/Users/faculedesma/Documents/GitHub/curso-lse/trabajo_integrador/sdks/tp_final_sdk/devices/LPC845/drivers/fsl_sctimer.c.obj
 *fill*         0x0000ac5f        0x1 
 .rodata.__func__.4
                0x0000ac60       0x1d CMakeFiles/new_project.elf.dir/Users/faculedesma/Documents/GitHub/curso-lse/trabajo_integrador/sdks/tp_final_sdk/devices/LPC845/drivers/fsl_sctimer.c.obj
 *fill*         0x0000ac7d        0x3 
 .rodata.__func__.3
                0x0000ac80       0x1b CMakeFiles/new_project.elf.dir/Users/faculedesma/Documents/GitHub/curso-lse/trabajo_integrador/sdks/tp_final_sdk/devices/LPC845/drivers/fsl_sctimer.c.obj
 *fill*         0x0000ac9b        0x1 
 .rodata.__func__.2
                0x0000ac9c       0x12 CMakeFiles/new_project.elf.dir/Users/faculedesma/Documents/GitHub/curso-lse/trabajo_integrador/sdks/tp_final_sdk/devices/LPC845/drivers/fsl_sctimer.c.obj
 *fill*         0x0000acae        0x2 
 .rodata.__func__.1
                0x0000acb0       0x13 CMakeFiles/new_project.elf.dir/Users/faculedesma/Documents/GitHub/curso-lse/trabajo_integrador/sdks/tp_final_sdk/devices/LPC845/drivers/fsl_sctimer.c.obj
 *fill*         0x0000acc3        0x1 
 .rodata.__func__.1
                0x0000acc4       0x18 CMakeFiles/new_project.elf.dir/Users/faculedesma/Documents/GitHub/curso-lse/trabajo_integrador/sdks/tp_final_sdk/devices/LPC845/drivers/fsl_swm.c.obj
 .rodata.__func__.0
                0x0000acdc       0x16 CMakeFiles/new_project.elf.dir/Users/faculedesma/Documents/GitHub/curso-lse/trabajo_integrador/sdks/tp_final_sdk/devices/LPC845/drivers/fsl_swm.c.obj
 *fill*         0x0000acf2        0x2 
 .rodata.__aeabi_fdiv
                0x0000acf4       0x7c /Users/faculedesma/.mcuxpressotools/arm-gnu-toolchain-13.2.Rel1-darwin-arm64-arm-none-eabi/bin/../lib/gcc/arm-none-eabi/13.2.1/thumb/v6-m/nofp/libgcc.a(divsf3.o)
 .rodata.__aeabi_ddiv
                0x0000ad70       0x40 /Users/faculedesma/.mcuxpressotools/arm-gnu-toolchain-13.2.Rel1-darwin-arm64-arm-none-eabi/bin/../lib/gcc/arm-none-eabi/13.2.1/thumb/v6-m/nofp/libgcc.a(divdf3.o)
 .rodata.uxTopUsedPriority
                0x0000adb0        0x4 freertos/libfreertos.a(tasks.c.obj)
 *(.glue_7)
 .glue_7        0x0000adb4        0x0 linker stubs
 *(.glue_7t)
 .glue_7t       0x0000adb4        0x0 linker stubs
 *(.eh_frame)